7-23-2025 10:02:45 - log: Load engine in /Applications/Cocos/Creator/3.8.6/CocosCreator.app/Contents/Resources/resources/3d/engine
7-23-2025 10:02:45 - log: Register native engine in /Applications/Cocos/Creator/3.8.6/CocosCreator.app/Contents/Resources/resources/3d/engine/native
7-23-2025 10:02:45 - log: Request namespace: device-list
7-23-2025 10:02:48 - info: [PreviewInEditor] 预览环境初始化完毕
7-23-2025 10:02:49 - log: [Scene] meshopt wasm decoder initialized
7-23-2025 10:02:49 - log: [Scene] [box2d]:box2d wasm lib loaded.
7-23-2025 10:02:49 - log: [Scene] [bullet]:bullet wasm lib loaded.
7-23-2025 10:02:49 - log: [Scene] [PHYSICS]: using builtin.
7-23-2025 10:02:49 - log: [Scene] Cocos Creator v3.8.6
7-23-2025 10:02:49 - log: [Scene] Using custom pipeline: Builtin
7-23-2025 10:02:49 - log: [Scene] [PHYSICS2D]: switch from box2d-wasm to box2d.
7-23-2025 10:03:05 - log: [PreviewInEditor] meshopt wasm decoder initialized
7-23-2025 10:03:05 - log: [PreviewInEditor] [box2d]:box2d wasm lib loaded.
7-23-2025 10:03:05 - log: [PreviewInEditor] [bullet]:bullet wasm lib loaded.
7-23-2025 10:03:05 - log: [PreviewInEditor] [PHYSICS]: using builtin.
7-23-2025 10:03:05 - log: [PreviewInEditor] Cocos Creator v3.8.6
7-23-2025 10:03:06 - log: [PreviewInEditor] Using custom pipeline: Builtin
7-23-2025 10:03:06 - log: [PreviewInEditor] [PHYSICS2D]: switch from box2d-wasm to box2d.
7-23-2025 10:03:29 - info: [PreviewInEditor] 预览环境初始化完毕
7-23-2025 10:03:58 - warn: [Assets] 为更好地打开脚本，请在 {preferences} -> {program} -> {scriptEditor} 里配置打开脚本的应用程序Warn: [Assets] 为更好地打开脚本，请在 {preferences} -> {program} -> {scriptEditor} 里配置打开脚本的应用程序
    at console.warn (/Applications/Cocos/Creator/3.8.6/CocosCreator.app/Contents/Resources/app.asar/node_modules/@sentry/src/instrument/console.ts:40:20)
    at NewConsole.warn (/Applications/Cocos/Creator/3.8.6/CocosCreator.app/Contents/Resources/app.asar/builtin/asset-db/dist/worker/console.ccc:1:1510)
    at findVsCode (/Applications/Cocos/Creator/3.8.6/CocosCreator.app/Contents/Resources/app.asar/modules/engine-extensions/extensions/engine-extends/dist/handler/utils.ccc:1:3546)
    at Object.openCode [as open] (/Applications/Cocos/Creator/3.8.6/CocosCreator.app/Contents/Resources/app.asar/modules/engine-extensions/extensions/engine-extends/dist/handler/utils.ccc:1:3282)
    at Ipc.<anonymous> (/Applications/Cocos/Creator/3.8.6/CocosCreator.app/Contents/Resources/app.asar/builtin/asset-db/dist/worker/ipc.ccc:1:530)
7-23-2025 10:08:27 - log: [PreviewInEditor] meshopt wasm decoder initialized
7-23-2025 10:08:27 - log: [PreviewInEditor] [bullet]:bullet wasm lib loaded.
7-23-2025 10:08:27 - log: [PreviewInEditor] [box2d]:box2d wasm lib loaded.
7-23-2025 10:08:27 - log: [PreviewInEditor] [PHYSICS]: using builtin.
7-23-2025 10:08:27 - log: [PreviewInEditor] Cocos Creator v3.8.6
7-23-2025 10:08:27 - log: [PreviewInEditor] Using custom pipeline: Builtin
7-23-2025 10:08:27 - log: [PreviewInEditor] [PHYSICS2D]: switch from box2d-wasm to box2d.
7-23-2025 10:08:30 - info: [PreviewInEditor] 预览环境初始化完毕
7-23-2025 10:09:04 - log: [PreviewInEditor] [bullet]:bullet wasm lib loaded.
7-23-2025 10:09:04 - log: [PreviewInEditor] [box2d]:box2d wasm lib loaded.
7-23-2025 10:09:04 - log: [PreviewInEditor] meshopt wasm decoder initialized
7-23-2025 10:09:04 - log: [PreviewInEditor] [PHYSICS]: using builtin.
7-23-2025 10:09:04 - log: [PreviewInEditor] Cocos Creator v3.8.6
7-23-2025 10:09:04 - log: [PreviewInEditor] Using custom pipeline: Builtin
7-23-2025 10:09:04 - log: [PreviewInEditor] [PHYSICS2D]: switch from box2d-wasm to box2d.
7-23-2025 10:09:08 - info: [PreviewInEditor] 预览环境初始化完毕
7-23-2025 10:09:08 - log: [PreviewInEditor] meshopt wasm decoder initialized
7-23-2025 10:09:08 - log: [PreviewInEditor] [bullet]:bullet wasm lib loaded.
7-23-2025 10:09:08 - log: [PreviewInEditor] [box2d]:box2d wasm lib loaded.
7-23-2025 10:09:08 - log: [PreviewInEditor] [PHYSICS]: using builtin.
7-23-2025 10:09:08 - log: [PreviewInEditor] Cocos Creator v3.8.6
7-23-2025 10:09:08 - log: [PreviewInEditor] Using custom pipeline: Builtin
7-23-2025 10:09:08 - log: [PreviewInEditor] [PHYSICS2D]: switch from box2d-wasm to box2d.
7-23-2025 10:09:12 - info: [PreviewInEditor] 预览环境初始化完毕
7-23-2025 10:09:27 - log: [PreviewInEditor] [bullet]:bullet wasm lib loaded.
7-23-2025 10:09:27 - log: [PreviewInEditor] [box2d]:box2d wasm lib loaded.
7-23-2025 10:09:27 - log: [PreviewInEditor] meshopt wasm decoder initialized
7-23-2025 10:09:27 - log: [PreviewInEditor] [PHYSICS]: using builtin.
7-23-2025 10:09:27 - log: [PreviewInEditor] Cocos Creator v3.8.6
7-23-2025 10:09:27 - log: [PreviewInEditor] Using custom pipeline: Builtin
7-23-2025 10:09:27 - log: [PreviewInEditor] [PHYSICS2D]: switch from box2d-wasm to box2d.
7-23-2025 10:09:36 - info: [PreviewInEditor] 预览环境初始化完毕
7-23-2025 10:11:55 - log: [PreviewInEditor] meshopt wasm decoder initialized
7-23-2025 10:11:55 - log: [PreviewInEditor] [bullet]:bullet wasm lib loaded.
7-23-2025 10:11:55 - log: [PreviewInEditor] [box2d]:box2d wasm lib loaded.
7-23-2025 10:11:55 - log: [PreviewInEditor] [PHYSICS]: using builtin.
7-23-2025 10:11:55 - log: [PreviewInEditor] Cocos Creator v3.8.6
7-23-2025 10:11:55 - log: [PreviewInEditor] Using custom pipeline: Builtin
7-23-2025 10:11:55 - log: [PreviewInEditor] [PHYSICS2D]: switch from box2d-wasm to box2d.
7-23-2025 10:12:05 - info: [PreviewInEditor] 预览环境初始化完毕
7-23-2025 10:12:12 - warn: [Scene] generatePrefabUUIDMap 3fph5JLW9F3ajklOf+wchB already existError: [Scene] generatePrefabUUIDMap 3fph5JLW9F3ajklOf+wchB already exist
    at console.warn (/Applications/Cocos/Creator/3.8.6/CocosCreator.app/Contents/Resources/app.asar/node_modules/@sentry/src/instrument/console.ts:40:20)
    at /Applications/Cocos/Creator/3.8.6/CocosCreator.app/Contents/Resources/app.asar/builtin/scene/dist/script/3d/manager/scene/proxy/scene-proxy.ccc:1:1429
    at Array.forEach (<anonymous>)
    at GeneralSceneProxy.generatePrefabUUIDMap (/Applications/Cocos/Creator/3.8.6/CocosCreator.app/Contents/Resources/app.asar/builtin/scene/dist/script/3d/manager/scene/proxy/scene-proxy.ccc:1:1356)
    at GeneralSceneProxy.generatePrefabUUIDMap (/Applications/Cocos/Creator/3.8.6/CocosCreator.app/Contents/Resources/app.asar/builtin/scene/dist/script/3d/manager/scene/proxy/scene-proxy.ccc:1:1574)
    at GeneralSceneProxy.generatePrefabUUIDMap (/Applications/Cocos/Creator/3.8.6/CocosCreator.app/Contents/Resources/app.asar/builtin/scene/dist/script/3d/manager/scene/proxy/scene-proxy.ccc:1:1574)
    at GeneralSceneProxy.storePrefabUUID (/Applications/Cocos/Creator/3.8.6/CocosCreator.app/Contents/Resources/app.asar/builtin/scene/dist/script/3d/manager/scene/proxy/scene-proxy.ccc:1:1698)
    at GeneralSceneProxy.softReload (/Applications/Cocos/Creator/3.8.6/CocosCreator.app/Contents/Resources/app.asar/builtin/scene/dist/script/3d/manager/scene/proxy/general-scene-proxy.ccc:1:3044)
    at GeneralSceneFacade.softReloadScene (/Applications/Cocos/Creator/3.8.6/CocosCreator.app/Contents/Resources/app.asar/builtin/scene/dist/script/3d/facade/general-scene-facade.ccc:1:5474)
    at SceneFacadeManager.softReloadScene (/Applications/Cocos/Creator/3.8.6/CocosCreator.app/Contents/Resources/app.asar/builtin/scene/dist/script/3d/facade/scene-facade-manager.ccc:1:8838)
    at /Applications/Cocos/Creator/3.8.6/CocosCreator.app/Contents/Resources/app.asar/builtin/scene/dist/script/3d/manager/prefab/index.ccc:1:2534
    at sentryWrapped (/Applications/Cocos/Creator/3.8.6/CocosCreator.app/Contents/Resources/app.asar/node_modules/src/helpers.ts:100:17)
7-23-2025 10:14:49 - log: [PreviewInEditor] meshopt wasm decoder initialized
7-23-2025 10:14:49 - log: [PreviewInEditor] [bullet]:bullet wasm lib loaded.
7-23-2025 10:14:49 - log: [PreviewInEditor] [box2d]:box2d wasm lib loaded.
7-23-2025 10:14:49 - log: [PreviewInEditor] [PHYSICS]: using builtin.
7-23-2025 10:14:49 - log: [PreviewInEditor] Cocos Creator v3.8.6
7-23-2025 10:14:49 - log: [PreviewInEditor] Using custom pipeline: Builtin
7-23-2025 10:14:49 - log: [PreviewInEditor] [PHYSICS2D]: switch from box2d-wasm to box2d.
7-23-2025 10:14:59 - warn: [Scene] generatePrefabUUIDMap 3fph5JLW9F3ajklOf+wchB already existError: [Scene] generatePrefabUUIDMap 3fph5JLW9F3ajklOf+wchB already exist
    at console.warn (/Applications/Cocos/Creator/3.8.6/CocosCreator.app/Contents/Resources/app.asar/node_modules/@sentry/src/instrument/console.ts:40:20)
    at /Applications/Cocos/Creator/3.8.6/CocosCreator.app/Contents/Resources/app.asar/builtin/scene/dist/script/3d/manager/scene/proxy/scene-proxy.ccc:1:1429
    at Array.forEach (<anonymous>)
    at GeneralSceneProxy.generatePrefabUUIDMap (/Applications/Cocos/Creator/3.8.6/CocosCreator.app/Contents/Resources/app.asar/builtin/scene/dist/script/3d/manager/scene/proxy/scene-proxy.ccc:1:1356)
    at GeneralSceneProxy.generatePrefabUUIDMap (/Applications/Cocos/Creator/3.8.6/CocosCreator.app/Contents/Resources/app.asar/builtin/scene/dist/script/3d/manager/scene/proxy/scene-proxy.ccc:1:1574)
    at GeneralSceneProxy.generatePrefabUUIDMap (/Applications/Cocos/Creator/3.8.6/CocosCreator.app/Contents/Resources/app.asar/builtin/scene/dist/script/3d/manager/scene/proxy/scene-proxy.ccc:1:1574)
    at GeneralSceneProxy.storePrefabUUID (/Applications/Cocos/Creator/3.8.6/CocosCreator.app/Contents/Resources/app.asar/builtin/scene/dist/script/3d/manager/scene/proxy/scene-proxy.ccc:1:1698)
    at GeneralSceneProxy.softReload (/Applications/Cocos/Creator/3.8.6/CocosCreator.app/Contents/Resources/app.asar/builtin/scene/dist/script/3d/manager/scene/proxy/general-scene-proxy.ccc:1:3044)
    at GeneralSceneFacade.softReloadScene (/Applications/Cocos/Creator/3.8.6/CocosCreator.app/Contents/Resources/app.asar/builtin/scene/dist/script/3d/facade/general-scene-facade.ccc:1:5474)
    at SceneFacadeManager.softReloadScene (/Applications/Cocos/Creator/3.8.6/CocosCreator.app/Contents/Resources/app.asar/builtin/scene/dist/script/3d/facade/scene-facade-manager.ccc:1:8838)
    at step (/Applications/Cocos/Creator/3.8.6/CocosCreator.app/Contents/Resources/app.asar/builtin/scene/dist/script/3d/manager/ipc/web/ipc.ccc:1:732)
    at /Applications/Cocos/Creator/3.8.6/CocosCreator.app/Contents/Resources/app.asar/builtin/scene/dist/script/3d/manager/ipc/web/ipc.ccc:2:401
    at new Promise (<anonymous>)
    at /Applications/Cocos/Creator/3.8.6/CocosCreator.app/Contents/Resources/app.asar/builtin/scene/dist/script/3d/manager/ipc/web/ipc.ccc:2:338
    at IpcRenderer.<anonymous> (/Applications/Cocos/Creator/3.8.6/CocosCreator.app/Contents/Resources/app.asar/builtin/scene/dist/script/3d/manager/ipc/web/webview.ccc:1:1004)
    at IpcRenderer.emit (node:events:519:28)
    at Object.onMessage (node:electron/js2c/renderer_init:2:8837)
7-23-2025 10:15:00 - info: [PreviewInEditor] 预览环境初始化完毕
7-23-2025 10:15:56 - warn: [Assets] 为更好地打开脚本，请在 {preferences} -> {program} -> {scriptEditor} 里配置打开脚本的应用程序Warn: [Assets] 为更好地打开脚本，请在 {preferences} -> {program} -> {scriptEditor} 里配置打开脚本的应用程序
    at console.warn (/Applications/Cocos/Creator/3.8.6/CocosCreator.app/Contents/Resources/app.asar/node_modules/@sentry/src/instrument/console.ts:40:20)
    at NewConsole.warn (/Applications/Cocos/Creator/3.8.6/CocosCreator.app/Contents/Resources/app.asar/builtin/asset-db/dist/worker/console.ccc:1:1510)
    at findVsCode (/Applications/Cocos/Creator/3.8.6/CocosCreator.app/Contents/Resources/app.asar/modules/engine-extensions/extensions/engine-extends/dist/handler/utils.ccc:1:3546)
    at Object.openCode [as open] (/Applications/Cocos/Creator/3.8.6/CocosCreator.app/Contents/Resources/app.asar/modules/engine-extensions/extensions/engine-extends/dist/handler/utils.ccc:1:3282)
    at Ipc.<anonymous> (/Applications/Cocos/Creator/3.8.6/CocosCreator.app/Contents/Resources/app.asar/builtin/asset-db/dist/worker/ipc.ccc:1:530)
7-23-2025 10:16:32 - warn: [Assets] 为更好地打开脚本，请在 {preferences} -> {program} -> {scriptEditor} 里配置打开脚本的应用程序Warn: [Assets] 为更好地打开脚本，请在 {preferences} -> {program} -> {scriptEditor} 里配置打开脚本的应用程序
    at console.warn (/Applications/Cocos/Creator/3.8.6/CocosCreator.app/Contents/Resources/app.asar/node_modules/@sentry/src/instrument/console.ts:40:20)
    at NewConsole.warn (/Applications/Cocos/Creator/3.8.6/CocosCreator.app/Contents/Resources/app.asar/builtin/asset-db/dist/worker/console.ccc:1:1510)
    at findVsCode (/Applications/Cocos/Creator/3.8.6/CocosCreator.app/Contents/Resources/app.asar/modules/engine-extensions/extensions/engine-extends/dist/handler/utils.ccc:1:3546)
    at Object.openCode [as open] (/Applications/Cocos/Creator/3.8.6/CocosCreator.app/Contents/Resources/app.asar/modules/engine-extensions/extensions/engine-extends/dist/handler/utils.ccc:1:3282)
    at Ipc.<anonymous> (/Applications/Cocos/Creator/3.8.6/CocosCreator.app/Contents/Resources/app.asar/builtin/asset-db/dist/worker/ipc.ccc:1:530)
7-23-2025 10:17:49 - warn: [Assets] 为更好地打开脚本，请在 {preferences} -> {program} -> {scriptEditor} 里配置打开脚本的应用程序Warn: [Assets] 为更好地打开脚本，请在 {preferences} -> {program} -> {scriptEditor} 里配置打开脚本的应用程序
    at console.warn (/Applications/Cocos/Creator/3.8.6/CocosCreator.app/Contents/Resources/app.asar/node_modules/@sentry/src/instrument/console.ts:40:20)
    at NewConsole.warn (/Applications/Cocos/Creator/3.8.6/CocosCreator.app/Contents/Resources/app.asar/builtin/asset-db/dist/worker/console.ccc:1:1510)
    at findVsCode (/Applications/Cocos/Creator/3.8.6/CocosCreator.app/Contents/Resources/app.asar/modules/engine-extensions/extensions/engine-extends/dist/handler/utils.ccc:1:3546)
    at Object.openCode [as open] (/Applications/Cocos/Creator/3.8.6/CocosCreator.app/Contents/Resources/app.asar/modules/engine-extensions/extensions/engine-extends/dist/handler/utils.ccc:1:3282)
    at Ipc.<anonymous> (/Applications/Cocos/Creator/3.8.6/CocosCreator.app/Contents/Resources/app.asar/builtin/asset-db/dist/worker/ipc.ccc:1:530)
7-23-2025 10:21:38 - warn: [Assets] 为更好地打开脚本，请在 {preferences} -> {program} -> {scriptEditor} 里配置打开脚本的应用程序Warn: [Assets] 为更好地打开脚本，请在 {preferences} -> {program} -> {scriptEditor} 里配置打开脚本的应用程序
    at console.warn (/Applications/Cocos/Creator/3.8.6/CocosCreator.app/Contents/Resources/app.asar/node_modules/@sentry/src/instrument/console.ts:40:20)
    at NewConsole.warn (/Applications/Cocos/Creator/3.8.6/CocosCreator.app/Contents/Resources/app.asar/builtin/asset-db/dist/worker/console.ccc:1:1510)
    at findVsCode (/Applications/Cocos/Creator/3.8.6/CocosCreator.app/Contents/Resources/app.asar/modules/engine-extensions/extensions/engine-extends/dist/handler/utils.ccc:1:3546)
    at Object.openCode [as open] (/Applications/Cocos/Creator/3.8.6/CocosCreator.app/Contents/Resources/app.asar/modules/engine-extensions/extensions/engine-extends/dist/handler/utils.ccc:1:3282)
    at Ipc.<anonymous> (/Applications/Cocos/Creator/3.8.6/CocosCreator.app/Contents/Resources/app.asar/builtin/asset-db/dist/worker/ipc.ccc:1:530)
7-23-2025 10:22:22 - warn: [Assets] 为更好地打开脚本，请在 {preferences} -> {program} -> {scriptEditor} 里配置打开脚本的应用程序Warn: [Assets] 为更好地打开脚本，请在 {preferences} -> {program} -> {scriptEditor} 里配置打开脚本的应用程序
    at console.warn (/Applications/Cocos/Creator/3.8.6/CocosCreator.app/Contents/Resources/app.asar/node_modules/@sentry/src/instrument/console.ts:40:20)
    at NewConsole.warn (/Applications/Cocos/Creator/3.8.6/CocosCreator.app/Contents/Resources/app.asar/builtin/asset-db/dist/worker/console.ccc:1:1510)
    at findVsCode (/Applications/Cocos/Creator/3.8.6/CocosCreator.app/Contents/Resources/app.asar/modules/engine-extensions/extensions/engine-extends/dist/handler/utils.ccc:1:3546)
    at Object.openCode [as open] (/Applications/Cocos/Creator/3.8.6/CocosCreator.app/Contents/Resources/app.asar/modules/engine-extensions/extensions/engine-extends/dist/handler/utils.ccc:1:3282)
    at Ipc.<anonymous> (/Applications/Cocos/Creator/3.8.6/CocosCreator.app/Contents/Resources/app.asar/builtin/asset-db/dist/worker/ipc.ccc:1:530)
7-23-2025 10:23:48 - warn: [Assets] 为更好地打开脚本，请在 {preferences} -> {program} -> {scriptEditor} 里配置打开脚本的应用程序Warn: [Assets] 为更好地打开脚本，请在 {preferences} -> {program} -> {scriptEditor} 里配置打开脚本的应用程序
    at console.warn (/Applications/Cocos/Creator/3.8.6/CocosCreator.app/Contents/Resources/app.asar/node_modules/@sentry/src/instrument/console.ts:40:20)
    at NewConsole.warn (/Applications/Cocos/Creator/3.8.6/CocosCreator.app/Contents/Resources/app.asar/builtin/asset-db/dist/worker/console.ccc:1:1510)
    at findVsCode (/Applications/Cocos/Creator/3.8.6/CocosCreator.app/Contents/Resources/app.asar/modules/engine-extensions/extensions/engine-extends/dist/handler/utils.ccc:1:3546)
    at Object.openCode [as open] (/Applications/Cocos/Creator/3.8.6/CocosCreator.app/Contents/Resources/app.asar/modules/engine-extensions/extensions/engine-extends/dist/handler/utils.ccc:1:3282)
    at Ipc.<anonymous> (/Applications/Cocos/Creator/3.8.6/CocosCreator.app/Contents/Resources/app.asar/builtin/asset-db/dist/worker/ipc.ccc:1:530)
7-23-2025 10:24:06 - log: [PreviewInEditor] meshopt wasm decoder initialized
7-23-2025 10:24:06 - log: [PreviewInEditor] [bullet]:bullet wasm lib loaded.
7-23-2025 10:24:06 - log: [PreviewInEditor] [box2d]:box2d wasm lib loaded.
7-23-2025 10:24:06 - log: [PreviewInEditor] [PHYSICS]: using builtin.
7-23-2025 10:24:06 - log: [PreviewInEditor] Cocos Creator v3.8.6
7-23-2025 10:24:06 - log: [PreviewInEditor] Using custom pipeline: Builtin
7-23-2025 10:24:06 - log: [PreviewInEditor] [PHYSICS2D]: switch from box2d-wasm to box2d.
7-23-2025 10:24:49 - info: [PreviewInEditor] 预览环境初始化完毕
