2025-7-23 11:22:31-debug: start **** info
2025-7-23 11:22:31-log: Cannot access game frame or container.
2025-7-23 11:22:31-debug: asset-db:require-engine-code (400ms)
2025-7-23 11:22:31-log: meshopt wasm decoder initialized
2025-7-23 11:22:31-log: [box2d]:box2d wasm lib loaded.
2025-7-23 11:22:31-log: [bullet]:bullet wasm lib loaded.
2025-7-23 11:22:31-log: Cocos Creator v3.8.6
2025-7-23 11:22:32-debug: [Assets Memory track]: asset-db-plugin-register: programming start:80.88MB, end 88.54MB, increase: 7.66MB
2025-7-23 11:22:33-debug: [Assets Memory track]: asset-db-plugin-register: builder start:88.56MB, end 224.61MB, increase: 136.05MB
2025-7-23 11:22:31-log: Using legacy pipeline
2025-7-23 11:22:33-debug: [Assets Memory track]: asset-db-plugin-register: project start:80.76MB, end 227.84MB, increase: 147.08MB
2025-7-23 11:22:33-debug: [Assets Memory track]: asset-db:worker-init: initPlugin start:80.09MB, end 227.86MB, increase: 147.77MB
2025-7-23 11:22:31-log: Forward render pipeline initialized.
2025-7-23 11:22:33-debug: [Assets Memory track]: asset-db-plugin-register: engine-extends start:224.82MB, end 227.67MB, increase: 2.86MB
2025-7-23 11:22:32-debug: [Assets Memory track]: asset-db:worker-init: initEngine start:29.49MB, end 80.07MB, increase: 50.58MB
2025-7-23 11:22:33-debug: run package(huawei-agc) handler(enable) start
2025-7-23 11:22:33-debug: run package(huawei-agc) handler(enable) success!
2025-7-23 11:22:33-debug: run package(huawei-quick-game) handler(enable) start
2025-7-23 11:22:33-debug: run package(ios) handler(enable) start
2025-7-23 11:22:33-debug: run package(linux) handler(enable) success!
2025-7-23 11:22:33-debug: run package(mac) handler(enable) start
2025-7-23 11:22:33-debug: run package(mac) handler(enable) success!
2025-7-23 11:22:33-debug: run package(migu-mini-game) handler(enable) success!
2025-7-23 11:22:33-debug: run package(migu-mini-game) handler(enable) start
2025-7-23 11:22:33-debug: run package(native) handler(enable) start
2025-7-23 11:22:33-debug: run package(native) handler(enable) success!
2025-7-23 11:22:33-debug: run package(linux) handler(enable) start
2025-7-23 11:22:33-debug: run package(ios) handler(enable) success!
2025-7-23 11:22:33-debug: run package(huawei-quick-game) handler(enable) success!
2025-7-23 11:22:33-debug: run package(ohos) handler(enable) start
2025-7-23 11:22:33-debug: run package(runtime-dev-tools) handler(enable) start
2025-7-23 11:22:33-debug: run package(taobao-mini-game) handler(enable) start
2025-7-23 11:22:33-debug: run package(runtime-dev-tools) handler(enable) success!
2025-7-23 11:22:33-debug: run package(taobao-mini-game) handler(enable) success!
2025-7-23 11:22:33-debug: run package(vivo-mini-game) handler(enable) start
2025-7-23 11:22:33-debug: run package(vivo-mini-game) handler(enable) success!
2025-7-23 11:22:33-debug: run package(oppo-mini-game) handler(enable) start
2025-7-23 11:22:33-debug: run package(web-desktop) handler(enable) success!
2025-7-23 11:22:33-debug: run package(web-mobile) handler(enable) success!
2025-7-23 11:22:33-debug: run package(web-desktop) handler(enable) start
2025-7-23 11:22:33-debug: run package(web-mobile) handler(enable) start
2025-7-23 11:22:33-debug: run package(oppo-mini-game) handler(enable) success!
2025-7-23 11:22:33-debug: run package(wechatprogram) handler(enable) success!
2025-7-23 11:22:33-debug: run package(wechatprogram) handler(enable) start
2025-7-23 11:22:33-debug: run package(windows) handler(enable) start
2025-7-23 11:22:33-debug: run package(windows) handler(enable) success!
2025-7-23 11:22:33-debug: run package(xiaomi-quick-game) handler(enable) start
2025-7-23 11:22:33-debug: run package(wechatgame) handler(enable) success!
2025-7-23 11:22:33-debug: run package(xiaomi-quick-game) handler(enable) success!
2025-7-23 11:22:33-debug: run package(cocos-service) handler(enable) success!
2025-7-23 11:22:33-debug: run package(im-plugin) handler(enable) start
2025-7-23 11:22:33-debug: run package(im-plugin) handler(enable) success!
2025-7-23 11:22:33-debug: run package(wechatgame) handler(enable) start
2025-7-23 11:22:33-debug: run package(fix-asset-default-userdata) handler(enable) success!
2025-7-23 11:22:33-debug: run package(placeholder) handler(enable) start
2025-7-23 11:22:33-debug: run package(placeholder) handler(enable) success!
2025-7-23 11:22:33-debug: run package(ohos) handler(enable) success!
2025-7-23 11:22:33-debug: asset-db:worker-init: initPlugin (1266ms)
2025-7-23 11:22:33-debug: run package(cocos-service) handler(enable) start
2025-7-23 11:22:33-debug: run package(fix-asset-default-userdata) handler(enable) start
2025-7-23 11:22:33-debug: [Assets Memory track]: asset-db:worker-init start:29.48MB, end 229.37MB, increase: 199.89MB
2025-7-23 11:22:33-debug: Run asset db hook programming:beforePreStart success!
2025-7-23 11:22:33-debug: Run asset db hook engine-extends:beforePreStart ...
2025-7-23 11:22:33-debug: Run asset db hook programming:beforePreStart ...
2025-7-23 11:22:33-debug: Run asset db hook engine-extends:beforePreStart success!
2025-7-23 11:22:33-debug: asset-db-hook-programming-beforePreStart (49ms)
2025-7-23 11:22:33-debug: asset-db:worker-init (1761ms)
2025-7-23 11:22:33-debug: asset-db-hook-engine-extends-beforePreStart (49ms)
2025-7-23 11:22:33-debug: Preimport db internal success
2025-7-23 11:22:33-debug: Preimport db assets success
2025-7-23 11:22:33-debug: Run asset db hook programming:afterPreStart ...
2025-7-23 11:22:33-debug: starting packer-driver...
2025-7-23 11:22:33-debug: initialize scripting environment...
2025-7-23 11:22:33-debug: [[Executor]] prepare before lock
2025-7-23 11:22:33-debug: Set detail map pack:///resolution-detail-map.json: {}
2025-7-23 11:22:33-debug: [[Executor]] prepare after unlock
2025-7-23 11:22:33-debug: Run asset db hook programming:afterPreStart success!
2025-7-23 11:22:33-debug: Run asset db hook engine-extends:afterPreStart ...
2025-7-23 11:22:33-debug: Run asset db hook engine-extends:afterPreStart success!
2025-7-23 11:22:33-debug: Start up the 'internal' database...
2025-7-23 11:22:33-debug: asset-db-hook-programming-afterPreStart (253ms)
2025-7-23 11:22:33-debug: asset-db:worker-effect-data-processing (147ms)
2025-7-23 11:22:33-debug: asset-db-hook-engine-extends-afterPreStart (147ms)
2025-7-23 11:22:33-debug: [Assets Memory track]: asset-db:worker-startup-database[internal] start:229.45MB, end 243.03MB, increase: 13.58MB
2025-7-23 11:22:33-debug: Start up the 'assets' database...
2025-7-23 11:22:33-debug: asset-db:worker-startup-database[internal] (367ms)
2025-7-23 11:22:33-debug: [Assets Memory track]: asset-db:worker-init: startup start:228.02MB, end 244.61MB, increase: 16.59MB
2025-7-23 11:22:33-debug: lazy register asset handler text
2025-7-23 11:22:33-debug: lazy register asset handler json
2025-7-23 11:22:33-debug: lazy register asset handler spine-data
2025-7-23 11:22:33-debug: lazy register asset handler dragonbones
2025-7-23 11:22:33-debug: lazy register asset handler dragonbones-atlas
2025-7-23 11:22:33-debug: lazy register asset handler terrain
2025-7-23 11:22:33-debug: lazy register asset handler javascript
2025-7-23 11:22:33-debug: lazy register asset handler typescript
2025-7-23 11:22:33-debug: lazy register asset handler scene
2025-7-23 11:22:33-debug: lazy register asset handler prefab
2025-7-23 11:22:33-debug: [Assets Memory track]: asset-db:worker-startup-database[assets] start:231.85MB, end 244.59MB, increase: 12.75MB
2025-7-23 11:22:33-debug: lazy register asset handler sprite-frame
2025-7-23 11:22:33-debug: lazy register asset handler buffer
2025-7-23 11:22:33-debug: lazy register asset handler image
2025-7-23 11:22:33-debug: lazy register asset handler alpha-image
2025-7-23 11:22:33-debug: lazy register asset handler sign-image
2025-7-23 11:22:33-debug: lazy register asset handler texture
2025-7-23 11:22:33-debug: lazy register asset handler texture-cube
2025-7-23 11:22:33-debug: lazy register asset handler *
2025-7-23 11:22:33-debug: lazy register asset handler render-texture
2025-7-23 11:22:33-debug: lazy register asset handler texture-cube-face
2025-7-23 11:22:33-debug: lazy register asset handler rt-sprite-frame
2025-7-23 11:22:33-debug: lazy register asset handler gltf
2025-7-23 11:22:33-debug: lazy register asset handler erp-texture-cube
2025-7-23 11:22:33-debug: lazy register asset handler gltf-animation
2025-7-23 11:22:33-debug: lazy register asset handler directory
2025-7-23 11:22:33-debug: lazy register asset handler gltf-skeleton
2025-7-23 11:22:33-debug: lazy register asset handler gltf-scene
2025-7-23 11:22:33-debug: lazy register asset handler gltf-mesh
2025-7-23 11:22:33-debug: lazy register asset handler tiled-map
2025-7-23 11:22:33-debug: lazy register asset handler material
2025-7-23 11:22:33-debug: lazy register asset handler physics-material
2025-7-23 11:22:33-debug: lazy register asset handler effect
2025-7-23 11:22:33-debug: lazy register asset handler effect-header
2025-7-23 11:22:33-debug: lazy register asset handler audio-clip
2025-7-23 11:22:33-debug: lazy register asset handler animation-clip
2025-7-23 11:22:33-debug: lazy register asset handler animation-graph
2025-7-23 11:22:33-debug: lazy register asset handler animation-graph-variant
2025-7-23 11:22:33-debug: lazy register asset handler animation-mask
2025-7-23 11:22:33-debug: lazy register asset handler ttf-font
2025-7-23 11:22:33-debug: lazy register asset handler bitmap-font
2025-7-23 11:22:33-debug: lazy register asset handler particle
2025-7-23 11:22:33-debug: lazy register asset handler sprite-atlas
2025-7-23 11:22:33-debug: lazy register asset handler auto-atlas
2025-7-23 11:22:33-debug: lazy register asset handler label-atlas
2025-7-23 11:22:33-debug: lazy register asset handler render-pipeline
2025-7-23 11:22:33-debug: lazy register asset handler render-stage
2025-7-23 11:22:33-debug: lazy register asset handler render-flow
2025-7-23 11:22:33-debug: lazy register asset handler instantiation-material
2025-7-23 11:22:33-debug: lazy register asset handler instantiation-mesh
2025-7-23 11:22:33-debug: lazy register asset handler instantiation-skeleton
2025-7-23 11:22:33-debug: lazy register asset handler instantiation-animation
2025-7-23 11:22:33-debug: lazy register asset handler video-clip
2025-7-23 11:22:33-debug: lazy register asset handler gltf-material
2025-7-23 11:22:33-debug: lazy register asset handler gltf-embeded-image
2025-7-23 11:22:33-debug: lazy register asset handler fbx
2025-7-23 11:22:33-debug: asset-db:worker-startup-database[assets] (324ms)
2025-7-23 11:22:33-debug: asset-db:start-database (391ms)
2025-7-23 11:22:33-debug: asset-db:ready (3274ms)
2025-7-23 11:22:33-debug: fix the bug of updateDefaultUserData
2025-7-23 11:22:33-debug: init worker message success
2025-7-23 11:22:33-debug: programming:execute-script (2ms)
2025-7-23 11:22:33-debug: [Build Memory track]: builder:worker-init start:242.37MB, end 254.80MB, increase: 12.42MB
2025-7-23 11:22:33-debug: builder:worker-init (200ms)
2025-7-23 11:22:37-debug: refresh db internal success
2025-7-23 11:22:37-debug: refresh db assets success
2025-7-23 11:22:37-debug: Run asset db hook engine-extends:afterRefresh ...
2025-7-23 11:22:37-debug: Run asset db hook engine-extends:afterRefresh success!
2025-7-23 11:22:37-debug: asset-db:refresh-all-database (23ms)
2025-7-23 11:22:40-debug: refresh db internal success
2025-7-23 11:22:40-debug: %cImport%c: /Users/zhao/Desktop/test/cocos-creator/PlaneFight/assets/Scripts/EnemyBox.tsbackground: #aaff85; color: #000;color: #000;
2025-7-23 11:22:40-debug: refresh db assets success
2025-7-23 11:22:40-debug: Run asset db hook engine-extends:afterRefresh ...
2025-7-23 11:22:40-debug: Run asset db hook engine-extends:afterRefresh success!
2025-7-23 11:22:40-debug: asset-db:refresh-all-database (19ms)
2025-7-23 11:22:40-debug: asset-db:worker-effect-data-processing (1ms)
2025-7-23 11:22:40-debug: asset-db-hook-engine-extends-afterRefresh (1ms)
2025-7-23 11:22:41-debug: Query all assets info in project
2025-7-23 11:22:41-debug: init custom config: keepNodeUuid: false, useCache: true
2025-7-23 11:22:41-debug: Skip compress image, progress: 0%
2025-7-23 11:22:41-debug: Init all bundles start..., progress: 0%
2025-7-23 11:22:41-debug: // ---- build task 查询 Asset Bundle ----
2025-7-23 11:22:41-debug: 查询 Asset Bundle start, progress: 0%
2025-7-23 11:22:41-debug: Init bundle root assets start..., progress: 0%
2025-7-23 11:22:41-debug: Num of bundles: 2..., progress: 0%
2025-7-23 11:22:41-debug: Query preload assets/scripts from cc.config.json: 60f7195c-ec2a-45eb-ba94-8955f60e81d0,1c02ae6f-4492-4915-b8f8-7492a3b1e4cd,810e96e4-e456-4468-9b59-f4e8f39732c0,efe8e2a3-eace-427b-b4f1-cb8a937ec77d,e9aa9a3e-5b2b-4ac7-a2c7-073de2b2b24f,8bbdbcdd-5cd4-4100-b6d5-b7c9625b6107,50f4348b-c883-4e2f-8f11-ce233b859fa1,fda095cb-831d-4601-ad94-846013963de8,f92806d7-1768-443f-afe8-12bcde84d0f0,dd3a144d-ab7f-41f0-82b8-2e43a090d496,f0416e68-0200-4b77-a926-4f9d16e494da,970b0598-bcb0-4714-91fb-2e81440dccd8,bcd64cc6-2dd9-43f6-abbe-66318d332032,d930590d-bb92-4cc8-8bd1-23cd027f9edf,a3cd009f-0ab0-420d-9278-b9fdab939bbc,6a2d0734-bd9e-4ddf-946e-caa52498cb75,c27215d8-6835-4b68-bfbb-bdeac6100c04,b5d6115f-0370-4d7c-aad3-c194cc71cf98,871c3b6c-7379-419d-bda3-794b239ab90d,ff9b0199-ce04-4cfe-86cc-6c719f08d6e4,de1c2107-70c8-4021-8459-6399f24d01c6,cbf30902-517f-40dc-af90-a550bac27cf1
2025-7-23 11:22:41-debug:   Number of all scripts: 14
2025-7-23 11:22:41-debug:   Number of other assets: 505
2025-7-23 11:22:41-debug: Init bundle root assets success..., progress: 0%
2025-7-23 11:22:41-debug:   Number of all scenes: 1
2025-7-23 11:22:41-debug: // ---- build task 查询 Asset Bundle ---- (2ms)
2025-7-23 11:22:41-log: run build task 查询 Asset Bundle success in 2 ms√, progress: 5%
2025-7-23 11:22:41-debug: 查询 Asset Bundle start, progress: 5%
2025-7-23 11:22:41-debug: [Build Memory track]: 查询 Asset Bundle start:258.29MB, end 259.02MB, increase: 751.10KB
2025-7-23 11:22:41-debug: // ---- build task 查询 Asset Bundle ----
2025-7-23 11:22:41-debug: // ---- build task 查询 Asset Bundle ---- (1ms)
2025-7-23 11:22:41-log: run build task 查询 Asset Bundle success in 1 ms√, progress: 10%
2025-7-23 11:22:41-debug: [Build Memory track]: 查询 Asset Bundle start:259.05MB, end 259.16MB, increase: 116.43KB
2025-7-23 11:22:41-debug: 整理部分构建选项内数据到 settings.json start, progress: 10%
2025-7-23 11:22:41-debug: // ---- build task 整理部分构建选项内数据到 settings.json ----
2025-7-23 11:22:41-log: run build task 整理部分构建选项内数据到 settings.json success in √, progress: 12%
2025-7-23 11:22:41-debug: 填充脚本数据到 settings.json start, progress: 12%
2025-7-23 11:22:41-debug: // ---- build task 填充脚本数据到 settings.json ----
2025-7-23 11:22:41-debug: [Build Memory track]: 整理部分构建选项内数据到 settings.json start:259.77MB, end 259.24MB, increase: -550.74KB
2025-7-23 11:22:41-log: run build task 填充脚本数据到 settings.json success in √, progress: 13%
2025-7-23 11:22:41-debug: 整理部分构建选项内数据到 settings.json start, progress: 13%
2025-7-23 11:22:41-debug: // ---- build task 整理部分构建选项内数据到 settings.json ----
2025-7-23 11:22:41-debug: [Build Memory track]: 填充脚本数据到 settings.json start:259.27MB, end 259.29MB, increase: 18.17KB
2025-7-23 11:22:41-log: run build task 整理部分构建选项内数据到 settings.json success in √, progress: 15%
2025-7-23 11:22:41-debug: [Build Memory track]: 整理部分构建选项内数据到 settings.json start:259.32MB, end 259.45MB, increase: 131.26KB
2025-7-23 11:22:41-debug: Query all assets info in project
2025-7-23 11:22:41-debug: Query all assets info in project
2025-7-23 11:22:41-debug: init custom config: keepNodeUuid: false, useCache: true
2025-7-23 11:22:41-debug: Skip compress image, progress: 0%
2025-7-23 11:22:41-debug: init custom config: keepNodeUuid: false, useCache: true
2025-7-23 11:22:41-debug: Skip compress image, progress: 0%
2025-7-23 11:22:41-debug: Init all bundles start..., progress: 0%
2025-7-23 11:22:41-debug: 查询 Asset Bundle start, progress: 0%
2025-7-23 11:22:41-debug: // ---- build task 查询 Asset Bundle ----
2025-7-23 11:22:41-debug: Num of bundles: 2..., progress: 0%
2025-7-23 11:22:41-debug: Init bundle root assets start..., progress: 0%
2025-7-23 11:22:41-debug: Init all bundles start..., progress: 0%
2025-7-23 11:22:41-debug: Num of bundles: 2..., progress: 0%
2025-7-23 11:22:41-debug: 查询 Asset Bundle start, progress: 0%
2025-7-23 11:22:41-debug: // ---- build task 查询 Asset Bundle ----
2025-7-23 11:22:41-debug: Init bundle root assets start..., progress: 0%
2025-7-23 11:22:41-debug: Query preload assets/scripts from cc.config.json: 60f7195c-ec2a-45eb-ba94-8955f60e81d0,1c02ae6f-4492-4915-b8f8-7492a3b1e4cd,810e96e4-e456-4468-9b59-f4e8f39732c0,efe8e2a3-eace-427b-b4f1-cb8a937ec77d,e9aa9a3e-5b2b-4ac7-a2c7-073de2b2b24f,8bbdbcdd-5cd4-4100-b6d5-b7c9625b6107,50f4348b-c883-4e2f-8f11-ce233b859fa1,fda095cb-831d-4601-ad94-846013963de8,f92806d7-1768-443f-afe8-12bcde84d0f0,dd3a144d-ab7f-41f0-82b8-2e43a090d496,f0416e68-0200-4b77-a926-4f9d16e494da,970b0598-bcb0-4714-91fb-2e81440dccd8,bcd64cc6-2dd9-43f6-abbe-66318d332032,d930590d-bb92-4cc8-8bd1-23cd027f9edf,a3cd009f-0ab0-420d-9278-b9fdab939bbc,6a2d0734-bd9e-4ddf-946e-caa52498cb75,c27215d8-6835-4b68-bfbb-bdeac6100c04,b5d6115f-0370-4d7c-aad3-c194cc71cf98,871c3b6c-7379-419d-bda3-794b239ab90d,ff9b0199-ce04-4cfe-86cc-6c719f08d6e4,de1c2107-70c8-4021-8459-6399f24d01c6,cbf30902-517f-40dc-af90-a550bac27cf1
2025-7-23 11:22:41-debug:   Number of all scenes: 1
2025-7-23 11:22:41-debug:   Number of all scripts: 14
2025-7-23 11:22:41-debug:   Number of other assets: 505
2025-7-23 11:22:41-debug: Init bundle root assets success..., progress: 0%
2025-7-23 11:22:41-debug: // ---- build task 查询 Asset Bundle ---- (1ms)
2025-7-23 11:22:41-debug: // ---- build task 查询 Asset Bundle ----
2025-7-23 11:22:41-debug: [Build Memory track]: 查询 Asset Bundle start:255.55MB, end 256.22MB, increase: 683.67KB
2025-7-23 11:22:41-debug: 查询 Asset Bundle start, progress: 5%
2025-7-23 11:22:41-log: run build task 查询 Asset Bundle success in 1 ms√, progress: 5%
2025-7-23 11:22:41-debug: Query preload assets/scripts from cc.config.json: 60f7195c-ec2a-45eb-ba94-8955f60e81d0,1c02ae6f-4492-4915-b8f8-7492a3b1e4cd,810e96e4-e456-4468-9b59-f4e8f39732c0,efe8e2a3-eace-427b-b4f1-cb8a937ec77d,e9aa9a3e-5b2b-4ac7-a2c7-073de2b2b24f,8bbdbcdd-5cd4-4100-b6d5-b7c9625b6107,50f4348b-c883-4e2f-8f11-ce233b859fa1,fda095cb-831d-4601-ad94-846013963de8,f92806d7-1768-443f-afe8-12bcde84d0f0,dd3a144d-ab7f-41f0-82b8-2e43a090d496,f0416e68-0200-4b77-a926-4f9d16e494da,970b0598-bcb0-4714-91fb-2e81440dccd8,bcd64cc6-2dd9-43f6-abbe-66318d332032,d930590d-bb92-4cc8-8bd1-23cd027f9edf,a3cd009f-0ab0-420d-9278-b9fdab939bbc,6a2d0734-bd9e-4ddf-946e-caa52498cb75,c27215d8-6835-4b68-bfbb-bdeac6100c04,b5d6115f-0370-4d7c-aad3-c194cc71cf98,871c3b6c-7379-419d-bda3-794b239ab90d,ff9b0199-ce04-4cfe-86cc-6c719f08d6e4,de1c2107-70c8-4021-8459-6399f24d01c6,cbf30902-517f-40dc-af90-a550bac27cf1
2025-7-23 11:22:41-debug:   Number of all scripts: 14
2025-7-23 11:22:41-debug:   Number of all scenes: 1
2025-7-23 11:22:41-debug: Init bundle root assets success..., progress: 0%
2025-7-23 11:22:41-debug:   Number of other assets: 505
2025-7-23 11:22:41-debug: // ---- build task 查询 Asset Bundle ---- (1ms)
2025-7-23 11:22:41-debug: 查询 Asset Bundle start, progress: 5%
2025-7-23 11:22:41-debug: [Build Memory track]: 查询 Asset Bundle start:256.27MB, end 256.93MB, increase: 682.70KB
2025-7-23 11:22:41-debug: // ---- build task 查询 Asset Bundle ----
2025-7-23 11:22:41-log: run build task 查询 Asset Bundle success in 1 ms√, progress: 5%
2025-7-23 11:22:41-debug: // ---- build task 查询 Asset Bundle ---- (1ms)
2025-7-23 11:22:41-debug: 整理部分构建选项内数据到 settings.json start, progress: 10%
2025-7-23 11:22:41-debug: [Build Memory track]: 查询 Asset Bundle start:256.97MB, end 257.16MB, increase: 197.82KB
2025-7-23 11:22:41-debug: // ---- build task 整理部分构建选项内数据到 settings.json ----
2025-7-23 11:22:41-log: run build task 查询 Asset Bundle success in 1 ms√, progress: 10%
2025-7-23 11:22:41-log: run build task 查询 Asset Bundle success in √, progress: 10%
2025-7-23 11:22:41-debug: 整理部分构建选项内数据到 settings.json start, progress: 10%
2025-7-23 11:22:41-debug: // ---- build task 整理部分构建选项内数据到 settings.json ----
2025-7-23 11:22:41-log: run build task 整理部分构建选项内数据到 settings.json success in √, progress: 12%
2025-7-23 11:22:41-debug: 填充脚本数据到 settings.json start, progress: 12%
2025-7-23 11:22:41-debug: [Build Memory track]: 整理部分构建选项内数据到 settings.json start:257.25MB, end 257.26MB, increase: 17.26KB
2025-7-23 11:22:41-debug: // ---- build task 填充脚本数据到 settings.json ----
2025-7-23 11:22:41-log: run build task 整理部分构建选项内数据到 settings.json success in √, progress: 12%
2025-7-23 11:22:41-debug: // ---- build task 填充脚本数据到 settings.json ----
2025-7-23 11:22:41-debug: 填充脚本数据到 settings.json start, progress: 12%
2025-7-23 11:22:41-log: run build task 填充脚本数据到 settings.json success in √, progress: 13%
2025-7-23 11:22:41-debug: [Build Memory track]: 填充脚本数据到 settings.json start:257.33MB, end 257.35MB, increase: 17.21KB
2025-7-23 11:22:41-debug: 整理部分构建选项内数据到 settings.json start, progress: 13%
2025-7-23 11:22:41-debug: // ---- build task 整理部分构建选项内数据到 settings.json ----
2025-7-23 11:22:41-log: run build task 填充脚本数据到 settings.json success in √, progress: 13%
2025-7-23 11:22:41-debug: 整理部分构建选项内数据到 settings.json start, progress: 13%
2025-7-23 11:22:41-debug: // ---- build task 整理部分构建选项内数据到 settings.json ----
2025-7-23 11:22:41-debug: // ---- build task 整理部分构建选项内数据到 settings.json ---- (1ms)
2025-7-23 11:22:41-debug: [Build Memory track]: 整理部分构建选项内数据到 settings.json start:257.42MB, end 257.65MB, increase: 238.36KB
2025-7-23 11:22:41-log: run build task 整理部分构建选项内数据到 settings.json success in 1 ms√, progress: 15%
2025-7-23 11:22:41-log: run build task 整理部分构建选项内数据到 settings.json success in √, progress: 15%
2025-7-23 11:22:53-debug: refresh db internal success
2025-7-23 11:22:53-debug: %cImport%c: /Users/zhao/Desktop/test/cocos-creator/PlaneFight/assets/Scripts/Enemy.tsbackground: #aaff85; color: #000;color: #000;
2025-7-23 11:22:53-debug: refresh db assets success
2025-7-23 11:22:53-debug: Run asset db hook engine-extends:afterRefresh ...
2025-7-23 11:22:53-debug: Run asset db hook engine-extends:afterRefresh success!
2025-7-23 11:22:53-debug: asset-db:refresh-all-database (25ms)
2025-7-23 11:22:53-debug: asset-db:worker-effect-data-processing (1ms)
2025-7-23 11:22:53-debug: asset-db-hook-engine-extends-afterRefresh (1ms)
2025-7-23 11:23:01-debug: %cImport%c: /Users/zhao/Desktop/test/cocos-creator/PlaneFight/assets/Scenes/Start.scenebackground: #aaff85; color: #000;color: #000;
2025-7-23 11:23:01-debug: asset-db:reimport-asset2fda4d65-a1e9-4078-8250-de49b04cdc34 (5ms)
2025-7-23 11:23:02-debug: Query all assets info in project
2025-7-23 11:23:02-debug: init custom config: keepNodeUuid: false, useCache: true
2025-7-23 11:23:02-debug: Skip compress image, progress: 0%
2025-7-23 11:23:02-debug: Init all bundles start..., progress: 0%
2025-7-23 11:23:02-debug: // ---- build task 查询 Asset Bundle ----
2025-7-23 11:23:02-debug: 查询 Asset Bundle start, progress: 0%
2025-7-23 11:23:02-debug: Init bundle root assets start..., progress: 0%
2025-7-23 11:23:02-debug: Num of bundles: 2..., progress: 0%
2025-7-23 11:23:02-debug: Query preload assets/scripts from cc.config.json: 60f7195c-ec2a-45eb-ba94-8955f60e81d0,1c02ae6f-4492-4915-b8f8-7492a3b1e4cd,810e96e4-e456-4468-9b59-f4e8f39732c0,efe8e2a3-eace-427b-b4f1-cb8a937ec77d,e9aa9a3e-5b2b-4ac7-a2c7-073de2b2b24f,8bbdbcdd-5cd4-4100-b6d5-b7c9625b6107,50f4348b-c883-4e2f-8f11-ce233b859fa1,fda095cb-831d-4601-ad94-846013963de8,f92806d7-1768-443f-afe8-12bcde84d0f0,dd3a144d-ab7f-41f0-82b8-2e43a090d496,f0416e68-0200-4b77-a926-4f9d16e494da,970b0598-bcb0-4714-91fb-2e81440dccd8,bcd64cc6-2dd9-43f6-abbe-66318d332032,d930590d-bb92-4cc8-8bd1-23cd027f9edf,a3cd009f-0ab0-420d-9278-b9fdab939bbc,6a2d0734-bd9e-4ddf-946e-caa52498cb75,c27215d8-6835-4b68-bfbb-bdeac6100c04,b5d6115f-0370-4d7c-aad3-c194cc71cf98,871c3b6c-7379-419d-bda3-794b239ab90d,ff9b0199-ce04-4cfe-86cc-6c719f08d6e4,de1c2107-70c8-4021-8459-6399f24d01c6,cbf30902-517f-40dc-af90-a550bac27cf1
2025-7-23 11:23:02-debug:   Number of all scenes: 1
2025-7-23 11:23:02-debug: Init bundle root assets success..., progress: 0%
2025-7-23 11:23:02-debug:   Number of other assets: 505
2025-7-23 11:23:02-debug:   Number of all scripts: 14
2025-7-23 11:23:02-debug: // ---- build task 查询 Asset Bundle ---- (1ms)
2025-7-23 11:23:02-log: run build task 查询 Asset Bundle success in 1 ms√, progress: 5%
2025-7-23 11:23:02-debug: [Build Memory track]: 查询 Asset Bundle start:196.61MB, end 196.56MB, increase: -54.28KB
2025-7-23 11:23:02-debug: 查询 Asset Bundle start, progress: 5%
2025-7-23 11:23:02-debug: // ---- build task 查询 Asset Bundle ----
2025-7-23 11:23:02-log: run build task 查询 Asset Bundle success in √, progress: 10%
2025-7-23 11:23:02-debug: 整理部分构建选项内数据到 settings.json start, progress: 10%
2025-7-23 11:23:02-debug: [Build Memory track]: 查询 Asset Bundle start:196.59MB, end 196.69MB, increase: 104.19KB
2025-7-23 11:23:02-debug: // ---- build task 整理部分构建选项内数据到 settings.json ----
2025-7-23 11:23:02-log: run build task 整理部分构建选项内数据到 settings.json success in √, progress: 12%
2025-7-23 11:23:02-debug: 填充脚本数据到 settings.json start, progress: 12%
2025-7-23 11:23:02-debug: [Build Memory track]: 整理部分构建选项内数据到 settings.json start:196.72MB, end 196.74MB, increase: 18.06KB
2025-7-23 11:23:02-debug: // ---- build task 填充脚本数据到 settings.json ----
2025-7-23 11:23:02-debug: // ---- build task 填充脚本数据到 settings.json ---- (1ms)
2025-7-23 11:23:02-log: run build task 填充脚本数据到 settings.json success in 1 ms√, progress: 13%
2025-7-23 11:23:02-debug: [Build Memory track]: 填充脚本数据到 settings.json start:196.77MB, end 196.80MB, increase: 31.03KB
2025-7-23 11:23:02-debug: 整理部分构建选项内数据到 settings.json start, progress: 13%
2025-7-23 11:23:02-debug: // ---- build task 整理部分构建选项内数据到 settings.json ----
2025-7-23 11:23:02-log: run build task 整理部分构建选项内数据到 settings.json success in √, progress: 15%
2025-7-23 11:23:02-debug: [Build Memory track]: 整理部分构建选项内数据到 settings.json start:196.84MB, end 196.95MB, increase: 121.71KB
2025-7-23 11:23:10-debug: %cImport%c: /Users/zhao/Desktop/test/cocos-creator/PlaneFight/assets/Scenes/Start.scenebackground: #aaff85; color: #000;color: #000;
2025-7-23 11:23:10-debug: asset-db:reimport-asset2fda4d65-a1e9-4078-8250-de49b04cdc34 (3ms)
2025-7-23 11:23:12-debug: Query all assets info in project
2025-7-23 11:23:12-debug: init custom config: keepNodeUuid: false, useCache: true
2025-7-23 11:23:12-debug: Skip compress image, progress: 0%
2025-7-23 11:23:12-debug: Init all bundles start..., progress: 0%
2025-7-23 11:23:12-debug: Num of bundles: 2..., progress: 0%
2025-7-23 11:23:12-debug: 查询 Asset Bundle start, progress: 0%
2025-7-23 11:23:12-debug: // ---- build task 查询 Asset Bundle ----
2025-7-23 11:23:12-debug: Init bundle root assets start..., progress: 0%
2025-7-23 11:23:12-debug: Query preload assets/scripts from cc.config.json: 60f7195c-ec2a-45eb-ba94-8955f60e81d0,1c02ae6f-4492-4915-b8f8-7492a3b1e4cd,810e96e4-e456-4468-9b59-f4e8f39732c0,efe8e2a3-eace-427b-b4f1-cb8a937ec77d,e9aa9a3e-5b2b-4ac7-a2c7-073de2b2b24f,8bbdbcdd-5cd4-4100-b6d5-b7c9625b6107,50f4348b-c883-4e2f-8f11-ce233b859fa1,fda095cb-831d-4601-ad94-846013963de8,f92806d7-1768-443f-afe8-12bcde84d0f0,dd3a144d-ab7f-41f0-82b8-2e43a090d496,f0416e68-0200-4b77-a926-4f9d16e494da,970b0598-bcb0-4714-91fb-2e81440dccd8,bcd64cc6-2dd9-43f6-abbe-66318d332032,d930590d-bb92-4cc8-8bd1-23cd027f9edf,a3cd009f-0ab0-420d-9278-b9fdab939bbc,6a2d0734-bd9e-4ddf-946e-caa52498cb75,c27215d8-6835-4b68-bfbb-bdeac6100c04,b5d6115f-0370-4d7c-aad3-c194cc71cf98,871c3b6c-7379-419d-bda3-794b239ab90d,ff9b0199-ce04-4cfe-86cc-6c719f08d6e4,de1c2107-70c8-4021-8459-6399f24d01c6,cbf30902-517f-40dc-af90-a550bac27cf1
2025-7-23 11:23:12-debug:   Number of all scenes: 1
2025-7-23 11:23:12-debug:   Number of all scripts: 14
2025-7-23 11:23:12-debug:   Number of other assets: 505
2025-7-23 11:23:12-debug: Init bundle root assets success..., progress: 0%
2025-7-23 11:23:12-debug: // ---- build task 查询 Asset Bundle ---- (2ms)
2025-7-23 11:23:12-log: run build task 查询 Asset Bundle success in 2 ms√, progress: 5%
2025-7-23 11:23:12-debug: 查询 Asset Bundle start, progress: 5%
2025-7-23 11:23:12-debug: // ---- build task 查询 Asset Bundle ----
2025-7-23 11:23:12-debug: [Build Memory track]: 查询 Asset Bundle start:197.32MB, end 197.12MB, increase: -200.87KB
2025-7-23 11:23:12-debug: // ---- build task 查询 Asset Bundle ---- (1ms)
2025-7-23 11:23:12-log: run build task 查询 Asset Bundle success in 1 ms√, progress: 10%
2025-7-23 11:23:12-debug: // ---- build task 整理部分构建选项内数据到 settings.json ----
2025-7-23 11:23:12-debug: 整理部分构建选项内数据到 settings.json start, progress: 10%
2025-7-23 11:23:12-debug: [Build Memory track]: 查询 Asset Bundle start:197.15MB, end 197.27MB, increase: 122.66KB
2025-7-23 11:23:12-log: run build task 整理部分构建选项内数据到 settings.json success in √, progress: 12%
2025-7-23 11:23:12-debug: 填充脚本数据到 settings.json start, progress: 12%
2025-7-23 11:23:12-debug: [Build Memory track]: 整理部分构建选项内数据到 settings.json start:197.30MB, end 197.33MB, increase: 27.13KB
2025-7-23 11:23:12-debug: // ---- build task 填充脚本数据到 settings.json ----
2025-7-23 11:23:12-log: run build task 填充脚本数据到 settings.json success in √, progress: 13%
2025-7-23 11:23:12-debug: 整理部分构建选项内数据到 settings.json start, progress: 13%
2025-7-23 11:23:12-debug: [Build Memory track]: 填充脚本数据到 settings.json start:197.36MB, end 197.38MB, increase: 17.75KB
2025-7-23 11:23:12-debug: // ---- build task 整理部分构建选项内数据到 settings.json ----
2025-7-23 11:23:12-debug: // ---- build task 整理部分构建选项内数据到 settings.json ---- (1ms)
2025-7-23 11:23:12-debug: [Build Memory track]: 整理部分构建选项内数据到 settings.json start:197.41MB, end 197.55MB, increase: 139.98KB
2025-7-23 11:23:12-log: run build task 整理部分构建选项内数据到 settings.json success in 1 ms√, progress: 15%
2025-7-23 11:23:54-debug: refresh db internal success
2025-7-23 11:23:54-debug: refresh db assets success
2025-7-23 11:23:54-debug: Run asset db hook engine-extends:afterRefresh ...
2025-7-23 11:23:54-debug: Run asset db hook engine-extends:afterRefresh success!
2025-7-23 11:23:54-debug: asset-db:refresh-all-database (22ms)
2025-7-23 11:23:54-debug: asset-db-hook-engine-extends-afterRefresh (1ms)
2025-7-23 11:24:00-debug: refresh db internal success
2025-7-23 11:24:00-debug: refresh db assets success
2025-7-23 11:24:00-debug: Run asset db hook engine-extends:afterRefresh ...
2025-7-23 11:24:00-debug: Run asset db hook engine-extends:afterRefresh success!
2025-7-23 11:24:00-debug: asset-db:refresh-all-database (24ms)
2025-7-23 11:24:00-debug: asset-db:worker-effect-data-processing (1ms)
2025-7-23 11:24:00-debug: asset-db-hook-engine-extends-afterRefresh (1ms)
2025-7-23 11:24:09-debug: refresh db internal success
2025-7-23 11:24:09-debug: refresh db assets success
2025-7-23 11:24:09-debug: Run asset db hook engine-extends:afterRefresh ...
2025-7-23 11:24:09-debug: Run asset db hook engine-extends:afterRefresh success!
2025-7-23 11:24:09-debug: asset-db:refresh-all-database (29ms)
2025-7-23 11:24:09-debug: asset-db:worker-effect-data-processing (1ms)
2025-7-23 11:24:09-debug: asset-db-hook-engine-extends-afterRefresh (1ms)
2025-7-23 11:24:37-debug: refresh db internal success
2025-7-23 11:24:37-debug: refresh db assets success
2025-7-23 11:24:37-debug: Run asset db hook engine-extends:afterRefresh ...
2025-7-23 11:24:37-debug: Run asset db hook engine-extends:afterRefresh success!
2025-7-23 11:24:37-debug: asset-db:refresh-all-database (18ms)
2025-7-23 11:24:37-debug: asset-db:worker-effect-data-processing (1ms)
2025-7-23 11:24:37-debug: asset-db-hook-engine-extends-afterRefresh (1ms)
2025-7-23 11:24:55-debug: refresh db internal success
2025-7-23 11:24:55-debug: refresh db assets success
2025-7-23 11:24:55-debug: Run asset db hook engine-extends:afterRefresh ...
2025-7-23 11:24:55-debug: Run asset db hook engine-extends:afterRefresh success!
2025-7-23 11:24:55-debug: asset-db:refresh-all-database (20ms)
2025-7-23 11:25:03-debug: %cImport%c: /Users/zhao/Desktop/test/cocos-creator/PlaneFight/assets/Scenes/Start.scenebackground: #aaff85; color: #000;color: #000;
2025-7-23 11:25:03-debug: asset-db:reimport-asset2fda4d65-a1e9-4078-8250-de49b04cdc34 (2ms)
2025-7-23 11:25:03-debug: %cImport%c: /Users/zhao/Desktop/test/cocos-creator/PlaneFight/assets/Scenes/Start.scenebackground: #aaff85; color: #000;color: #000;
2025-7-23 11:25:03-debug: asset-db:reimport-asset2fda4d65-a1e9-4078-8250-de49b04cdc34 (2ms)
2025-7-23 11:25:05-debug: Query all assets info in project
2025-7-23 11:25:05-debug: init custom config: keepNodeUuid: false, useCache: true
2025-7-23 11:25:05-debug: Skip compress image, progress: 0%
2025-7-23 11:25:05-debug: Init all bundles start..., progress: 0%
2025-7-23 11:25:05-debug: 查询 Asset Bundle start, progress: 0%
2025-7-23 11:25:05-debug: Num of bundles: 2..., progress: 0%
2025-7-23 11:25:05-debug: Init bundle root assets start..., progress: 0%
2025-7-23 11:25:05-debug: // ---- build task 查询 Asset Bundle ----
2025-7-23 11:25:05-debug: Query preload assets/scripts from cc.config.json: 60f7195c-ec2a-45eb-ba94-8955f60e81d0,1c02ae6f-4492-4915-b8f8-7492a3b1e4cd,810e96e4-e456-4468-9b59-f4e8f39732c0,efe8e2a3-eace-427b-b4f1-cb8a937ec77d,e9aa9a3e-5b2b-4ac7-a2c7-073de2b2b24f,8bbdbcdd-5cd4-4100-b6d5-b7c9625b6107,50f4348b-c883-4e2f-8f11-ce233b859fa1,fda095cb-831d-4601-ad94-846013963de8,f92806d7-1768-443f-afe8-12bcde84d0f0,dd3a144d-ab7f-41f0-82b8-2e43a090d496,f0416e68-0200-4b77-a926-4f9d16e494da,970b0598-bcb0-4714-91fb-2e81440dccd8,bcd64cc6-2dd9-43f6-abbe-66318d332032,d930590d-bb92-4cc8-8bd1-23cd027f9edf,a3cd009f-0ab0-420d-9278-b9fdab939bbc,6a2d0734-bd9e-4ddf-946e-caa52498cb75,c27215d8-6835-4b68-bfbb-bdeac6100c04,b5d6115f-0370-4d7c-aad3-c194cc71cf98,871c3b6c-7379-419d-bda3-794b239ab90d,ff9b0199-ce04-4cfe-86cc-6c719f08d6e4,de1c2107-70c8-4021-8459-6399f24d01c6,cbf30902-517f-40dc-af90-a550bac27cf1
2025-7-23 11:25:05-debug:   Number of other assets: 505
2025-7-23 11:25:05-debug:   Number of all scripts: 14
2025-7-23 11:25:05-debug: Init bundle root assets success..., progress: 0%
2025-7-23 11:25:05-debug:   Number of all scenes: 1
2025-7-23 11:25:05-debug: // ---- build task 查询 Asset Bundle ---- (1ms)
2025-7-23 11:25:05-debug: 查询 Asset Bundle start, progress: 5%
2025-7-23 11:25:05-debug: // ---- build task 查询 Asset Bundle ----
2025-7-23 11:25:05-log: run build task 查询 Asset Bundle success in 1 ms√, progress: 5%
2025-7-23 11:25:05-debug: [Build Memory track]: 查询 Asset Bundle start:200.98MB, end 200.78MB, increase: -204.45KB
2025-7-23 11:25:05-log: run build task 查询 Asset Bundle success in √, progress: 10%
2025-7-23 11:25:05-debug: [Build Memory track]: 查询 Asset Bundle start:200.81MB, end 200.91MB, increase: 103.46KB
2025-7-23 11:25:05-debug: 整理部分构建选项内数据到 settings.json start, progress: 10%
2025-7-23 11:25:05-debug: // ---- build task 整理部分构建选项内数据到 settings.json ----
2025-7-23 11:25:05-log: run build task 整理部分构建选项内数据到 settings.json success in √, progress: 12%
2025-7-23 11:25:05-debug: [Build Memory track]: 整理部分构建选项内数据到 settings.json start:200.94MB, end 200.96MB, increase: 18.23KB
2025-7-23 11:25:05-debug: 填充脚本数据到 settings.json start, progress: 12%
2025-7-23 11:25:05-debug: // ---- build task 填充脚本数据到 settings.json ----
2025-7-23 11:25:05-debug: // ---- build task 填充脚本数据到 settings.json ---- (1ms)
2025-7-23 11:25:05-debug: [Build Memory track]: 填充脚本数据到 settings.json start:201.34MB, end 201.02MB, increase: -328.36KB
2025-7-23 11:25:05-log: run build task 填充脚本数据到 settings.json success in 1 ms√, progress: 13%
2025-7-23 11:25:05-debug: 整理部分构建选项内数据到 settings.json start, progress: 13%
2025-7-23 11:25:05-debug: // ---- build task 整理部分构建选项内数据到 settings.json ----
2025-7-23 11:25:05-log: run build task 整理部分构建选项内数据到 settings.json success in √, progress: 15%
2025-7-23 11:25:05-debug: [Build Memory track]: 整理部分构建选项内数据到 settings.json start:201.06MB, end 201.18MB, increase: 123.41KB
2025-7-23 11:25:24-debug: %cImport%c: /Users/zhao/Desktop/test/cocos-creator/PlaneFight/assets/Scenes/Start.scenebackground: #aaff85; color: #000;color: #000;
2025-7-23 11:25:24-debug: asset-db:reimport-asset2fda4d65-a1e9-4078-8250-de49b04cdc34 (1ms)
2025-7-23 11:25:25-debug: Query all assets info in project
2025-7-23 11:25:25-debug: init custom config: keepNodeUuid: false, useCache: true
2025-7-23 11:25:25-debug: Skip compress image, progress: 0%
2025-7-23 11:25:25-debug: Init all bundles start..., progress: 0%
2025-7-23 11:25:25-debug: Init bundle root assets start..., progress: 0%
2025-7-23 11:25:25-debug: Num of bundles: 2..., progress: 0%
2025-7-23 11:25:25-debug: // ---- build task 查询 Asset Bundle ----
2025-7-23 11:25:25-debug: 查询 Asset Bundle start, progress: 0%
2025-7-23 11:25:25-debug: Query preload assets/scripts from cc.config.json: 60f7195c-ec2a-45eb-ba94-8955f60e81d0,1c02ae6f-4492-4915-b8f8-7492a3b1e4cd,810e96e4-e456-4468-9b59-f4e8f39732c0,efe8e2a3-eace-427b-b4f1-cb8a937ec77d,e9aa9a3e-5b2b-4ac7-a2c7-073de2b2b24f,8bbdbcdd-5cd4-4100-b6d5-b7c9625b6107,50f4348b-c883-4e2f-8f11-ce233b859fa1,fda095cb-831d-4601-ad94-846013963de8,f92806d7-1768-443f-afe8-12bcde84d0f0,dd3a144d-ab7f-41f0-82b8-2e43a090d496,f0416e68-0200-4b77-a926-4f9d16e494da,970b0598-bcb0-4714-91fb-2e81440dccd8,bcd64cc6-2dd9-43f6-abbe-66318d332032,d930590d-bb92-4cc8-8bd1-23cd027f9edf,a3cd009f-0ab0-420d-9278-b9fdab939bbc,6a2d0734-bd9e-4ddf-946e-caa52498cb75,c27215d8-6835-4b68-bfbb-bdeac6100c04,b5d6115f-0370-4d7c-aad3-c194cc71cf98,871c3b6c-7379-419d-bda3-794b239ab90d,ff9b0199-ce04-4cfe-86cc-6c719f08d6e4,de1c2107-70c8-4021-8459-6399f24d01c6,cbf30902-517f-40dc-af90-a550bac27cf1
2025-7-23 11:25:25-debug:   Number of all scripts: 14
2025-7-23 11:25:25-debug:   Number of all scenes: 1
2025-7-23 11:25:25-debug:   Number of other assets: 505
2025-7-23 11:25:25-debug: Init bundle root assets success..., progress: 0%
2025-7-23 11:25:25-debug: // ---- build task 查询 Asset Bundle ---- (2ms)
2025-7-23 11:25:25-log: run build task 查询 Asset Bundle success in 2 ms√, progress: 5%
2025-7-23 11:25:25-debug: 查询 Asset Bundle start, progress: 5%
2025-7-23 11:25:25-debug: // ---- build task 查询 Asset Bundle ----
2025-7-23 11:25:25-debug: [Build Memory track]: 查询 Asset Bundle start:201.33MB, end 201.07MB, increase: -264.74KB
2025-7-23 11:25:25-log: run build task 查询 Asset Bundle success in √, progress: 10%
2025-7-23 11:25:25-debug: [Build Memory track]: 查询 Asset Bundle start:201.09MB, end 201.19MB, increase: 100.50KB
2025-7-23 11:25:25-debug: // ---- build task 整理部分构建选项内数据到 settings.json ----
2025-7-23 11:25:25-debug: 整理部分构建选项内数据到 settings.json start, progress: 10%
2025-7-23 11:25:25-log: run build task 整理部分构建选项内数据到 settings.json success in √, progress: 12%
2025-7-23 11:25:25-debug: [Build Memory track]: 整理部分构建选项内数据到 settings.json start:201.22MB, end 201.24MB, increase: 16.97KB
2025-7-23 11:25:25-debug: 填充脚本数据到 settings.json start, progress: 12%
2025-7-23 11:25:25-debug: // ---- build task 填充脚本数据到 settings.json ----
2025-7-23 11:25:25-log: run build task 填充脚本数据到 settings.json success in √, progress: 13%
2025-7-23 11:25:25-debug: 整理部分构建选项内数据到 settings.json start, progress: 13%
2025-7-23 11:25:25-debug: [Build Memory track]: 填充脚本数据到 settings.json start:201.26MB, end 201.28MB, increase: 14.64KB
2025-7-23 11:25:25-debug: // ---- build task 整理部分构建选项内数据到 settings.json ----
2025-7-23 11:25:25-debug: // ---- build task 整理部分构建选项内数据到 settings.json ---- (1ms)
2025-7-23 11:25:25-log: run build task 整理部分构建选项内数据到 settings.json success in 1 ms√, progress: 15%
2025-7-23 11:25:25-debug: [Build Memory track]: 整理部分构建选项内数据到 settings.json start:201.30MB, end 201.42MB, increase: 122.94KB
2025-7-23 11:25:59-debug: refresh db internal success
2025-7-23 11:25:59-debug: %cImport%c: /Users/zhao/Desktop/test/cocos-creator/PlaneFight/assets/Scripts/Enemy.tsbackground: #aaff85; color: #000;color: #000;
2025-7-23 11:25:59-debug: refresh db assets success
2025-7-23 11:25:59-debug: Run asset db hook engine-extends:afterRefresh success!
2025-7-23 11:25:59-debug: Run asset db hook engine-extends:afterRefresh ...
2025-7-23 11:25:59-debug: asset-db:refresh-all-database (22ms)
2025-7-23 11:25:59-debug: asset-db-hook-engine-extends-afterRefresh (1ms)
2025-7-23 11:26:00-debug: Query all assets info in project
2025-7-23 11:26:00-debug: init custom config: keepNodeUuid: false, useCache: true
2025-7-23 11:26:00-debug: Skip compress image, progress: 0%
2025-7-23 11:26:00-debug: Init all bundles start..., progress: 0%
2025-7-23 11:26:00-debug: // ---- build task 查询 Asset Bundle ----
2025-7-23 11:26:00-debug: Init bundle root assets start..., progress: 0%
2025-7-23 11:26:00-debug: Num of bundles: 2..., progress: 0%
2025-7-23 11:26:00-debug: 查询 Asset Bundle start, progress: 0%
2025-7-23 11:26:00-debug: Query preload assets/scripts from cc.config.json: 60f7195c-ec2a-45eb-ba94-8955f60e81d0,1c02ae6f-4492-4915-b8f8-7492a3b1e4cd,810e96e4-e456-4468-9b59-f4e8f39732c0,efe8e2a3-eace-427b-b4f1-cb8a937ec77d,e9aa9a3e-5b2b-4ac7-a2c7-073de2b2b24f,8bbdbcdd-5cd4-4100-b6d5-b7c9625b6107,50f4348b-c883-4e2f-8f11-ce233b859fa1,fda095cb-831d-4601-ad94-846013963de8,f92806d7-1768-443f-afe8-12bcde84d0f0,dd3a144d-ab7f-41f0-82b8-2e43a090d496,f0416e68-0200-4b77-a926-4f9d16e494da,970b0598-bcb0-4714-91fb-2e81440dccd8,bcd64cc6-2dd9-43f6-abbe-66318d332032,d930590d-bb92-4cc8-8bd1-23cd027f9edf,a3cd009f-0ab0-420d-9278-b9fdab939bbc,6a2d0734-bd9e-4ddf-946e-caa52498cb75,c27215d8-6835-4b68-bfbb-bdeac6100c04,b5d6115f-0370-4d7c-aad3-c194cc71cf98,871c3b6c-7379-419d-bda3-794b239ab90d,ff9b0199-ce04-4cfe-86cc-6c719f08d6e4,de1c2107-70c8-4021-8459-6399f24d01c6,cbf30902-517f-40dc-af90-a550bac27cf1
2025-7-23 11:26:00-debug: Init bundle root assets success..., progress: 0%
2025-7-23 11:26:00-debug:   Number of all scripts: 14
2025-7-23 11:26:00-debug:   Number of other assets: 505
2025-7-23 11:26:00-debug:   Number of all scenes: 1
2025-7-23 11:26:00-debug: // ---- build task 查询 Asset Bundle ---- (1ms)
2025-7-23 11:26:00-log: run build task 查询 Asset Bundle success in 1 ms√, progress: 5%
2025-7-23 11:26:00-debug: [Build Memory track]: 查询 Asset Bundle start:202.14MB, end 201.98MB, increase: -170.99KB
2025-7-23 11:26:00-debug: // ---- build task 查询 Asset Bundle ----
2025-7-23 11:26:00-debug: 查询 Asset Bundle start, progress: 5%
2025-7-23 11:26:00-log: run build task 查询 Asset Bundle success in √, progress: 10%
2025-7-23 11:26:00-debug: [Build Memory track]: 查询 Asset Bundle start:202.00MB, end 202.10MB, increase: 99.83KB
2025-7-23 11:26:00-debug: // ---- build task 整理部分构建选项内数据到 settings.json ----
2025-7-23 11:26:00-debug: 整理部分构建选项内数据到 settings.json start, progress: 10%
2025-7-23 11:26:00-debug: // ---- build task 整理部分构建选项内数据到 settings.json ---- (1ms)
2025-7-23 11:26:00-debug: 填充脚本数据到 settings.json start, progress: 12%
2025-7-23 11:26:00-log: run build task 整理部分构建选项内数据到 settings.json success in 1 ms√, progress: 12%
2025-7-23 11:26:00-debug: [Build Memory track]: 整理部分构建选项内数据到 settings.json start:202.12MB, end 201.40MB, increase: -739.06KB
2025-7-23 11:26:00-debug: // ---- build task 填充脚本数据到 settings.json ----
2025-7-23 11:26:00-log: run build task 填充脚本数据到 settings.json success in √, progress: 13%
2025-7-23 11:26:00-debug: [Build Memory track]: 填充脚本数据到 settings.json start:201.43MB, end 201.44MB, increase: 15.00KB
2025-7-23 11:26:00-debug: 整理部分构建选项内数据到 settings.json start, progress: 13%
2025-7-23 11:26:00-debug: // ---- build task 整理部分构建选项内数据到 settings.json ----
2025-7-23 11:26:00-debug: // ---- build task 整理部分构建选项内数据到 settings.json ---- (1ms)
2025-7-23 11:26:00-debug: [Build Memory track]: 整理部分构建选项内数据到 settings.json start:201.47MB, end 201.59MB, increase: 123.13KB
2025-7-23 11:26:00-log: run build task 整理部分构建选项内数据到 settings.json success in 1 ms√, progress: 15%
2025-7-23 11:26:03-debug: refresh db internal success
2025-7-23 11:26:03-debug: refresh db assets success
2025-7-23 11:26:03-debug: Run asset db hook engine-extends:afterRefresh ...
2025-7-23 11:26:03-debug: Run asset db hook engine-extends:afterRefresh success!
2025-7-23 11:26:03-debug: asset-db:refresh-all-database (19ms)
2025-7-23 11:26:08-debug: refresh db internal success
2025-7-23 11:26:08-debug: %cImport%c: /Users/zhao/Desktop/test/cocos-creator/PlaneFight/assets/Scripts/Enemy.tsbackground: #aaff85; color: #000;color: #000;
2025-7-23 11:26:08-debug: refresh db assets success
2025-7-23 11:26:08-debug: Run asset db hook engine-extends:afterRefresh success!
2025-7-23 11:26:08-debug: Run asset db hook engine-extends:afterRefresh ...
2025-7-23 11:26:08-debug: asset-db:refresh-all-database (18ms)
2025-7-23 11:26:08-debug: asset-db:worker-effect-data-processing (1ms)
2025-7-23 11:26:08-debug: asset-db-hook-engine-extends-afterRefresh (1ms)
2025-7-23 11:26:08-debug: Query all assets info in project
2025-7-23 11:26:08-debug: init custom config: keepNodeUuid: false, useCache: true
2025-7-23 11:26:08-debug: Skip compress image, progress: 0%
2025-7-23 11:26:08-debug: Init all bundles start..., progress: 0%
2025-7-23 11:26:08-debug: Num of bundles: 2..., progress: 0%
2025-7-23 11:26:08-debug: 查询 Asset Bundle start, progress: 0%
2025-7-23 11:26:08-debug: // ---- build task 查询 Asset Bundle ----
2025-7-23 11:26:08-debug: Init bundle root assets start..., progress: 0%
2025-7-23 11:26:08-debug: Query preload assets/scripts from cc.config.json: 60f7195c-ec2a-45eb-ba94-8955f60e81d0,1c02ae6f-4492-4915-b8f8-7492a3b1e4cd,810e96e4-e456-4468-9b59-f4e8f39732c0,efe8e2a3-eace-427b-b4f1-cb8a937ec77d,e9aa9a3e-5b2b-4ac7-a2c7-073de2b2b24f,8bbdbcdd-5cd4-4100-b6d5-b7c9625b6107,50f4348b-c883-4e2f-8f11-ce233b859fa1,fda095cb-831d-4601-ad94-846013963de8,f92806d7-1768-443f-afe8-12bcde84d0f0,dd3a144d-ab7f-41f0-82b8-2e43a090d496,f0416e68-0200-4b77-a926-4f9d16e494da,970b0598-bcb0-4714-91fb-2e81440dccd8,bcd64cc6-2dd9-43f6-abbe-66318d332032,d930590d-bb92-4cc8-8bd1-23cd027f9edf,a3cd009f-0ab0-420d-9278-b9fdab939bbc,6a2d0734-bd9e-4ddf-946e-caa52498cb75,c27215d8-6835-4b68-bfbb-bdeac6100c04,b5d6115f-0370-4d7c-aad3-c194cc71cf98,871c3b6c-7379-419d-bda3-794b239ab90d,ff9b0199-ce04-4cfe-86cc-6c719f08d6e4,de1c2107-70c8-4021-8459-6399f24d01c6,cbf30902-517f-40dc-af90-a550bac27cf1
2025-7-23 11:26:08-debug: Init bundle root assets success..., progress: 0%
2025-7-23 11:26:08-debug:   Number of all scripts: 14
2025-7-23 11:26:08-debug:   Number of all scenes: 1
2025-7-23 11:26:08-debug:   Number of other assets: 505
2025-7-23 11:26:08-debug: // ---- build task 查询 Asset Bundle ---- (1ms)
2025-7-23 11:26:08-debug: [Build Memory track]: 查询 Asset Bundle start:203.13MB, end 204.08MB, increase: 973.48KB
2025-7-23 11:26:08-debug: 查询 Asset Bundle start, progress: 5%
2025-7-23 11:26:08-debug: // ---- build task 查询 Asset Bundle ----
2025-7-23 11:26:08-log: run build task 查询 Asset Bundle success in 1 ms√, progress: 5%
2025-7-23 11:26:08-debug: // ---- build task 查询 Asset Bundle ---- (1ms)
2025-7-23 11:26:08-debug: // ---- build task 整理部分构建选项内数据到 settings.json ----
2025-7-23 11:26:08-debug: [Build Memory track]: 查询 Asset Bundle start:204.11MB, end 203.94MB, increase: -171.38KB
2025-7-23 11:26:08-debug: 整理部分构建选项内数据到 settings.json start, progress: 10%
2025-7-23 11:26:08-log: run build task 查询 Asset Bundle success in 1 ms√, progress: 10%
2025-7-23 11:26:08-log: run build task 整理部分构建选项内数据到 settings.json success in √, progress: 12%
2025-7-23 11:26:08-debug: [Build Memory track]: 整理部分构建选项内数据到 settings.json start:203.97MB, end 202.40MB, increase: -1606.09KB
2025-7-23 11:26:08-debug: 填充脚本数据到 settings.json start, progress: 12%
2025-7-23 11:26:08-debug: // ---- build task 填充脚本数据到 settings.json ----
2025-7-23 11:26:08-log: run build task 填充脚本数据到 settings.json success in √, progress: 13%
2025-7-23 11:26:08-debug: 整理部分构建选项内数据到 settings.json start, progress: 13%
2025-7-23 11:26:08-debug: // ---- build task 整理部分构建选项内数据到 settings.json ----
2025-7-23 11:26:08-debug: [Build Memory track]: 填充脚本数据到 settings.json start:202.42MB, end 202.44MB, increase: 15.31KB
2025-7-23 11:26:08-log: run build task 整理部分构建选项内数据到 settings.json success in √, progress: 15%
2025-7-23 11:26:08-debug: [Build Memory track]: 整理部分构建选项内数据到 settings.json start:202.46MB, end 202.58MB, increase: 119.39KB
2025-7-23 11:26:16-debug: %cImport%c: /Users/zhao/Desktop/test/cocos-creator/PlaneFight/assets/Scenes/Start.scenebackground: #aaff85; color: #000;color: #000;
2025-7-23 11:26:16-debug: asset-db:reimport-asset2fda4d65-a1e9-4078-8250-de49b04cdc34 (4ms)
2025-7-23 11:26:18-debug: Query all assets info in project
2025-7-23 11:26:18-debug: init custom config: keepNodeUuid: false, useCache: true
2025-7-23 11:26:18-debug: Skip compress image, progress: 0%
2025-7-23 11:26:18-debug: Init all bundles start..., progress: 0%
2025-7-23 11:26:18-debug: Num of bundles: 2..., progress: 0%
2025-7-23 11:26:18-debug: // ---- build task 查询 Asset Bundle ----
2025-7-23 11:26:18-debug: 查询 Asset Bundle start, progress: 0%
2025-7-23 11:26:18-debug: Init bundle root assets start..., progress: 0%
2025-7-23 11:26:18-debug: Query preload assets/scripts from cc.config.json: 60f7195c-ec2a-45eb-ba94-8955f60e81d0,1c02ae6f-4492-4915-b8f8-7492a3b1e4cd,810e96e4-e456-4468-9b59-f4e8f39732c0,efe8e2a3-eace-427b-b4f1-cb8a937ec77d,e9aa9a3e-5b2b-4ac7-a2c7-073de2b2b24f,8bbdbcdd-5cd4-4100-b6d5-b7c9625b6107,50f4348b-c883-4e2f-8f11-ce233b859fa1,fda095cb-831d-4601-ad94-846013963de8,f92806d7-1768-443f-afe8-12bcde84d0f0,dd3a144d-ab7f-41f0-82b8-2e43a090d496,f0416e68-0200-4b77-a926-4f9d16e494da,970b0598-bcb0-4714-91fb-2e81440dccd8,bcd64cc6-2dd9-43f6-abbe-66318d332032,d930590d-bb92-4cc8-8bd1-23cd027f9edf,a3cd009f-0ab0-420d-9278-b9fdab939bbc,6a2d0734-bd9e-4ddf-946e-caa52498cb75,c27215d8-6835-4b68-bfbb-bdeac6100c04,b5d6115f-0370-4d7c-aad3-c194cc71cf98,871c3b6c-7379-419d-bda3-794b239ab90d,ff9b0199-ce04-4cfe-86cc-6c719f08d6e4,de1c2107-70c8-4021-8459-6399f24d01c6,cbf30902-517f-40dc-af90-a550bac27cf1
2025-7-23 11:26:18-debug:   Number of all scenes: 1
2025-7-23 11:26:18-debug:   Number of all scripts: 14
2025-7-23 11:26:18-debug:   Number of other assets: 505
2025-7-23 11:26:18-debug: Init bundle root assets success..., progress: 0%
2025-7-23 11:26:18-debug: // ---- build task 查询 Asset Bundle ---- (1ms)
2025-7-23 11:26:18-debug: // ---- build task 查询 Asset Bundle ----
2025-7-23 11:26:18-debug: 查询 Asset Bundle start, progress: 5%
2025-7-23 11:26:18-log: run build task 查询 Asset Bundle success in 1 ms√, progress: 5%
2025-7-23 11:26:18-debug: [Build Memory track]: 查询 Asset Bundle start:203.64MB, end 202.61MB, increase: -1051.50KB
2025-7-23 11:26:18-debug: // ---- build task 查询 Asset Bundle ---- (1ms)
2025-7-23 11:26:18-debug: // ---- build task 整理部分构建选项内数据到 settings.json ----
2025-7-23 11:26:18-debug: [Build Memory track]: 查询 Asset Bundle start:202.64MB, end 202.75MB, increase: 108.33KB
2025-7-23 11:26:18-debug: 整理部分构建选项内数据到 settings.json start, progress: 10%
2025-7-23 11:26:18-log: run build task 查询 Asset Bundle success in 1 ms√, progress: 10%
2025-7-23 11:26:18-log: run build task 整理部分构建选项内数据到 settings.json success in √, progress: 12%
2025-7-23 11:26:18-debug: // ---- build task 填充脚本数据到 settings.json ----
2025-7-23 11:26:18-debug: 填充脚本数据到 settings.json start, progress: 12%
2025-7-23 11:26:18-debug: [Build Memory track]: 整理部分构建选项内数据到 settings.json start:202.77MB, end 202.79MB, increase: 15.75KB
2025-7-23 11:26:18-log: run build task 填充脚本数据到 settings.json success in √, progress: 13%
2025-7-23 11:26:18-debug: [Build Memory track]: 填充脚本数据到 settings.json start:202.81MB, end 202.83MB, increase: 16.32KB
2025-7-23 11:26:18-debug: 整理部分构建选项内数据到 settings.json start, progress: 13%
2025-7-23 11:26:18-debug: // ---- build task 整理部分构建选项内数据到 settings.json ----
2025-7-23 11:26:18-debug: // ---- build task 整理部分构建选项内数据到 settings.json ---- (1ms)
2025-7-23 11:26:18-log: run build task 整理部分构建选项内数据到 settings.json success in 1 ms√, progress: 15%
2025-7-23 11:26:18-debug: [Build Memory track]: 整理部分构建选项内数据到 settings.json start:202.85MB, end 202.98MB, increase: 127.73KB
2025-7-23 11:26:35-debug: refresh db internal success
2025-7-23 11:26:35-debug: %cImport%c: /Users/zhao/Desktop/test/cocos-creator/PlaneFight/assets/Scripts/Enemy.tsbackground: #aaff85; color: #000;color: #000;
2025-7-23 11:26:35-debug: %cImport%c: /Users/zhao/Desktop/test/cocos-creator/PlaneFight/assets/Scripts/EnemyBox.tsbackground: #aaff85; color: #000;color: #000;
2025-7-23 11:26:35-debug: refresh db assets success
2025-7-23 11:26:35-debug: Run asset db hook engine-extends:afterRefresh ...
2025-7-23 11:26:35-debug: Run asset db hook engine-extends:afterRefresh success!
2025-7-23 11:26:35-debug: asset-db:refresh-all-database (20ms)
2025-7-23 11:26:35-debug: asset-db:worker-effect-data-processing (1ms)
2025-7-23 11:26:35-debug: asset-db-hook-engine-extends-afterRefresh (1ms)
2025-7-23 11:26:36-debug: refresh db internal success
2025-7-23 11:26:36-debug: refresh db assets success
2025-7-23 11:26:36-debug: Run asset db hook engine-extends:afterRefresh success!
2025-7-23 11:26:36-debug: Run asset db hook engine-extends:afterRefresh ...
2025-7-23 11:26:36-debug: asset-db:refresh-all-database (19ms)
2025-7-23 11:26:37-debug: %cImport%c: /Users/zhao/Desktop/test/cocos-creator/PlaneFight/assets/Scenes/Start.scenebackground: #aaff85; color: #000;color: #000;
2025-7-23 11:26:37-debug: asset-db:reimport-asset2fda4d65-a1e9-4078-8250-de49b04cdc34 (2ms)
2025-7-23 11:26:38-debug: Query all assets info in project
2025-7-23 11:26:38-debug: init custom config: keepNodeUuid: false, useCache: true
2025-7-23 11:26:38-debug: Skip compress image, progress: 0%
2025-7-23 11:26:38-debug: Init all bundles start..., progress: 0%
2025-7-23 11:26:38-debug: Init bundle root assets start..., progress: 0%
2025-7-23 11:26:38-debug: 查询 Asset Bundle start, progress: 0%
2025-7-23 11:26:38-debug: // ---- build task 查询 Asset Bundle ----
2025-7-23 11:26:38-debug: Num of bundles: 2..., progress: 0%
2025-7-23 11:26:38-debug: Query preload assets/scripts from cc.config.json: 60f7195c-ec2a-45eb-ba94-8955f60e81d0,1c02ae6f-4492-4915-b8f8-7492a3b1e4cd,810e96e4-e456-4468-9b59-f4e8f39732c0,efe8e2a3-eace-427b-b4f1-cb8a937ec77d,e9aa9a3e-5b2b-4ac7-a2c7-073de2b2b24f,8bbdbcdd-5cd4-4100-b6d5-b7c9625b6107,50f4348b-c883-4e2f-8f11-ce233b859fa1,fda095cb-831d-4601-ad94-846013963de8,f92806d7-1768-443f-afe8-12bcde84d0f0,dd3a144d-ab7f-41f0-82b8-2e43a090d496,f0416e68-0200-4b77-a926-4f9d16e494da,970b0598-bcb0-4714-91fb-2e81440dccd8,bcd64cc6-2dd9-43f6-abbe-66318d332032,d930590d-bb92-4cc8-8bd1-23cd027f9edf,a3cd009f-0ab0-420d-9278-b9fdab939bbc,6a2d0734-bd9e-4ddf-946e-caa52498cb75,c27215d8-6835-4b68-bfbb-bdeac6100c04,b5d6115f-0370-4d7c-aad3-c194cc71cf98,871c3b6c-7379-419d-bda3-794b239ab90d,ff9b0199-ce04-4cfe-86cc-6c719f08d6e4,de1c2107-70c8-4021-8459-6399f24d01c6,cbf30902-517f-40dc-af90-a550bac27cf1
2025-7-23 11:26:38-debug: Init bundle root assets success..., progress: 0%
2025-7-23 11:26:38-debug:   Number of all scripts: 14
2025-7-23 11:26:38-debug:   Number of other assets: 505
2025-7-23 11:26:38-debug:   Number of all scenes: 1
2025-7-23 11:26:38-debug: // ---- build task 查询 Asset Bundle ---- (1ms)
2025-7-23 11:26:38-debug: [Build Memory track]: 查询 Asset Bundle start:205.09MB, end 204.14MB, increase: -970.91KB
2025-7-23 11:26:38-log: run build task 查询 Asset Bundle success in 1 ms√, progress: 5%
2025-7-23 11:26:38-debug: 查询 Asset Bundle start, progress: 5%
2025-7-23 11:26:38-debug: // ---- build task 查询 Asset Bundle ----
2025-7-23 11:26:38-log: run build task 查询 Asset Bundle success in √, progress: 10%
2025-7-23 11:26:38-debug: [Build Memory track]: 查询 Asset Bundle start:204.16MB, end 204.26MB, increase: 99.84KB
2025-7-23 11:26:38-debug: 整理部分构建选项内数据到 settings.json start, progress: 10%
2025-7-23 11:26:38-debug: // ---- build task 整理部分构建选项内数据到 settings.json ----
2025-7-23 11:26:38-log: run build task 整理部分构建选项内数据到 settings.json success in √, progress: 12%
2025-7-23 11:26:38-debug: 填充脚本数据到 settings.json start, progress: 12%
2025-7-23 11:26:38-debug: [Build Memory track]: 整理部分构建选项内数据到 settings.json start:204.29MB, end 204.30MB, increase: 15.52KB
2025-7-23 11:26:38-debug: // ---- build task 填充脚本数据到 settings.json ----
2025-7-23 11:26:38-log: run build task 填充脚本数据到 settings.json success in √, progress: 13%
2025-7-23 11:26:38-debug: 整理部分构建选项内数据到 settings.json start, progress: 13%
2025-7-23 11:26:38-debug: [Build Memory track]: 填充脚本数据到 settings.json start:204.33MB, end 204.35MB, increase: 15.21KB
2025-7-23 11:26:38-debug: // ---- build task 整理部分构建选项内数据到 settings.json ----
2025-7-23 11:26:38-log: run build task 整理部分构建选项内数据到 settings.json success in 1 ms√, progress: 15%
2025-7-23 11:26:38-debug: [Build Memory track]: 整理部分构建选项内数据到 settings.json start:204.37MB, end 204.50MB, increase: 128.11KB
2025-7-23 11:26:38-debug: // ---- build task 整理部分构建选项内数据到 settings.json ---- (1ms)
2025-7-23 11:27:26-debug: refresh db internal success
2025-7-23 11:27:26-debug: %cImport%c: /Users/zhao/Desktop/test/cocos-creator/PlaneFight/assets/Scripts/EnemyBox.tsbackground: #aaff85; color: #000;color: #000;
2025-7-23 11:27:26-debug: refresh db assets success
2025-7-23 11:27:26-debug: Run asset db hook engine-extends:afterRefresh ...
2025-7-23 11:27:26-debug: Run asset db hook engine-extends:afterRefresh success!
2025-7-23 11:27:26-debug: asset-db:worker-effect-data-processing (1ms)
2025-7-23 11:27:26-debug: asset-db:refresh-all-database (30ms)
2025-7-23 11:27:26-debug: asset-db-hook-engine-extends-afterRefresh (1ms)
