2025-7-17 11:29:27-debug: start **** info
2025-7-17 11:29:27-log: Cannot access game frame or container.
2025-7-17 11:29:27-debug: asset-db:require-engine-code (388ms)
2025-7-17 11:29:27-log: meshopt wasm decoder initialized
2025-7-17 11:29:27-log: [box2d]:box2d wasm lib loaded.
2025-7-17 11:29:27-log: [bullet]:bullet wasm lib loaded.
2025-7-17 11:29:27-log: Cocos Creator v3.8.6
2025-7-17 11:29:27-debug: [Assets Memory track]: asset-db-plugin-register: programming start:80.97MB, end 88.64MB, increase: 7.66MB
2025-7-17 11:29:28-debug: [Assets Memory track]: asset-db-plugin-register: builder start:88.66MB, end 287.20MB, increase: 198.53MB
2025-7-17 11:29:28-debug: [Assets Memory track]: asset-db-plugin-register: engine-extends start:287.40MB, end 290.18MB, increase: 2.78MB
2025-7-17 11:29:28-debug: [Assets Memory track]: asset-db:worker-init: initPlugin start:80.19MB, end 290.36MB, increase: 210.17MB
2025-7-17 11:29:28-debug: [Assets Memory track]: asset-db-plugin-register: project start:80.84MB, end 290.34MB, increase: 209.51MB
2025-7-17 11:29:27-log: Forward render pipeline initialized.
2025-7-17 11:29:27-debug: [Assets Memory track]: asset-db:worker-init: initEngine start:29.57MB, end 80.12MB, increase: 50.55MB
2025-7-17 11:29:27-log: Using legacy pipeline
2025-7-17 11:29:28-debug: run package(honor-mini-game) handler(enable) start
2025-7-17 11:29:28-debug: run package(huawei-quick-game) handler(enable) start
2025-7-17 11:29:28-debug: run package(huawei-agc) handler(enable) start
2025-7-17 11:29:28-debug: run package(ios) handler(enable) start
2025-7-17 11:29:28-debug: run package(ios) handler(enable) success!
2025-7-17 11:29:28-debug: run package(linux) handler(enable) start
2025-7-17 11:29:28-debug: run package(huawei-quick-game) handler(enable) success!
2025-7-17 11:29:28-debug: run package(mac) handler(enable) start
2025-7-17 11:29:28-debug: run package(mac) handler(enable) success!
2025-7-17 11:29:28-debug: run package(migu-mini-game) handler(enable) start
2025-7-17 11:29:28-debug: run package(migu-mini-game) handler(enable) success!
2025-7-17 11:29:28-debug: run package(native) handler(enable) start
2025-7-17 11:29:28-debug: run package(huawei-agc) handler(enable) success!
2025-7-17 11:29:28-debug: run package(ohos) handler(enable) success!
2025-7-17 11:29:28-debug: run package(ohos) handler(enable) start
2025-7-17 11:29:28-debug: run package(oppo-mini-game) handler(enable) start
2025-7-17 11:29:28-debug: run package(oppo-mini-game) handler(enable) success!
2025-7-17 11:29:28-debug: run package(runtime-dev-tools) handler(enable) start
2025-7-17 11:29:28-debug: run package(runtime-dev-tools) handler(enable) success!
2025-7-17 11:29:28-debug: run package(honor-mini-game) handler(enable) success!
2025-7-17 11:29:28-debug: run package(taobao-mini-game) handler(enable) success!
2025-7-17 11:29:28-debug: run package(linux) handler(enable) success!
2025-7-17 11:29:28-debug: run package(vivo-mini-game) handler(enable) success!
2025-7-17 11:29:28-debug: run package(web-desktop) handler(enable) start
2025-7-17 11:29:28-debug: run package(web-desktop) handler(enable) success!
2025-7-17 11:29:28-debug: run package(web-mobile) handler(enable) start
2025-7-17 11:29:28-debug: run package(web-mobile) handler(enable) success!
2025-7-17 11:29:28-debug: run package(wechatgame) handler(enable) start
2025-7-17 11:29:28-debug: run package(wechatgame) handler(enable) success!
2025-7-17 11:29:28-debug: run package(wechatprogram) handler(enable) start
2025-7-17 11:29:28-debug: run package(wechatprogram) handler(enable) success!
2025-7-17 11:29:28-debug: run package(windows) handler(enable) start
2025-7-17 11:29:28-debug: run package(windows) handler(enable) success!
2025-7-17 11:29:28-debug: run package(xiaomi-quick-game) handler(enable) start
2025-7-17 11:29:28-debug: run package(xiaomi-quick-game) handler(enable) success!
2025-7-17 11:29:28-debug: run package(cocos-service) handler(enable) start
2025-7-17 11:29:28-debug: run package(cocos-service) handler(enable) success!
2025-7-17 11:29:28-debug: run package(im-plugin) handler(enable) start
2025-7-17 11:29:28-debug: run package(im-plugin) handler(enable) success!
2025-7-17 11:29:28-debug: run package(taobao-mini-game) handler(enable) start
2025-7-17 11:29:28-debug: run package(fix-asset-default-userdata) handler(enable) success!
2025-7-17 11:29:28-debug: run package(placeholder) handler(enable) start
2025-7-17 11:29:28-debug: run package(fix-asset-default-userdata) handler(enable) start
2025-7-17 11:29:28-debug: run package(native) handler(enable) success!
2025-7-17 11:29:28-debug: run package(vivo-mini-game) handler(enable) start
2025-7-17 11:29:28-debug: run package(placeholder) handler(enable) success!
2025-7-17 11:29:28-debug: asset-db:worker-init: initPlugin (1317ms)
2025-7-17 11:29:28-debug: [Assets Memory track]: asset-db:worker-init start:29.56MB, end 289.40MB, increase: 259.84MB
2025-7-17 11:29:28-debug: Run asset db hook programming:beforePreStart ...
2025-7-17 11:29:28-debug: Run asset db hook programming:beforePreStart success!
2025-7-17 11:29:28-debug: Run asset db hook engine-extends:beforePreStart ...
2025-7-17 11:29:28-debug: Run asset db hook engine-extends:beforePreStart success!
2025-7-17 11:29:28-debug: asset-db:worker-init (1819ms)
2025-7-17 11:29:28-debug: asset-db-hook-programming-beforePreStart (50ms)
2025-7-17 11:29:28-debug: asset-db-hook-engine-extends-beforePreStart (50ms)
2025-7-17 11:29:28-debug: Preimport db internal success
2025-7-17 11:29:28-debug: Preimport db assets success
2025-7-17 11:29:28-debug: Run asset db hook programming:afterPreStart ...
2025-7-17 11:29:28-debug: starting packer-driver...
2025-7-17 11:29:28-debug: initialize scripting environment...
2025-7-17 11:29:28-debug: [[Executor]] prepare before lock
2025-7-17 11:29:28-debug: Set detail map pack:///resolution-detail-map.json: {}
2025-7-17 11:29:28-debug: Run asset db hook programming:afterPreStart success!
2025-7-17 11:29:28-debug: [Assets Memory track]: asset-db:worker-init: preStart start:289.41MB, end 293.51MB, increase: 4.10MB
2025-7-17 11:29:28-debug: Start up the 'internal' database...
2025-7-17 11:29:28-debug: Run asset db hook engine-extends:afterPreStart success!
2025-7-17 11:29:28-debug: [[Executor]] prepare after unlock
2025-7-17 11:29:28-debug: Run asset db hook engine-extends:afterPreStart ...
2025-7-17 11:29:29-debug: asset-db-hook-programming-afterPreStart (244ms)
2025-7-17 11:29:29-debug: asset-db:worker-effect-data-processing (145ms)
2025-7-17 11:29:29-debug: asset-db-hook-engine-extends-afterPreStart (145ms)
2025-7-17 11:29:29-debug: [Assets Memory track]: asset-db:worker-startup-database[internal] start:289.49MB, end 307.54MB, increase: 18.05MB
2025-7-17 11:29:29-debug: Start up the 'assets' database...
2025-7-17 11:29:29-debug: asset-db:worker-startup-database[internal] (356ms)
2025-7-17 11:29:29-debug: [Assets Memory track]: asset-db:worker-startup-database[assets] start:292.82MB, end 309.17MB, increase: 16.34MB
2025-7-17 11:29:29-debug: lazy register asset handler text
2025-7-17 11:29:29-debug: lazy register asset handler json
2025-7-17 11:29:29-debug: lazy register asset handler spine-data
2025-7-17 11:29:29-debug: lazy register asset handler dragonbones
2025-7-17 11:29:29-debug: lazy register asset handler dragonbones-atlas
2025-7-17 11:29:29-debug: lazy register asset handler terrain
2025-7-17 11:29:29-debug: lazy register asset handler javascript
2025-7-17 11:29:29-debug: lazy register asset handler typescript
2025-7-17 11:29:29-debug: lazy register asset handler scene
2025-7-17 11:29:29-debug: lazy register asset handler prefab
2025-7-17 11:29:29-debug: lazy register asset handler sprite-frame
2025-7-17 11:29:29-debug: lazy register asset handler tiled-map
2025-7-17 11:29:29-debug: lazy register asset handler buffer
2025-7-17 11:29:29-debug: lazy register asset handler image
2025-7-17 11:29:29-debug: lazy register asset handler sign-image
2025-7-17 11:29:29-debug: lazy register asset handler alpha-image
2025-7-17 11:29:29-debug: lazy register asset handler texture
2025-7-17 11:29:29-debug: lazy register asset handler texture-cube
2025-7-17 11:29:29-debug: lazy register asset handler erp-texture-cube
2025-7-17 11:29:29-debug: lazy register asset handler render-texture
2025-7-17 11:29:29-debug: lazy register asset handler texture-cube-face
2025-7-17 11:29:29-debug: lazy register asset handler rt-sprite-frame
2025-7-17 11:29:29-debug: lazy register asset handler gltf
2025-7-17 11:29:29-debug: lazy register asset handler gltf-mesh
2025-7-17 11:29:29-debug: lazy register asset handler gltf-animation
2025-7-17 11:29:29-debug: lazy register asset handler gltf-skeleton
2025-7-17 11:29:29-debug: lazy register asset handler gltf-material
2025-7-17 11:29:29-debug: lazy register asset handler gltf-scene
2025-7-17 11:29:29-debug: lazy register asset handler gltf-embeded-image
2025-7-17 11:29:29-debug: lazy register asset handler fbx
2025-7-17 11:29:29-debug: lazy register asset handler directory
2025-7-17 11:29:29-debug: lazy register asset handler physics-material
2025-7-17 11:29:29-debug: lazy register asset handler effect
2025-7-17 11:29:29-debug: lazy register asset handler effect-header
2025-7-17 11:29:29-debug: lazy register asset handler audio-clip
2025-7-17 11:29:29-debug: lazy register asset handler animation-clip
2025-7-17 11:29:29-debug: lazy register asset handler animation-graph
2025-7-17 11:29:29-debug: lazy register asset handler animation-graph-variant
2025-7-17 11:29:29-debug: lazy register asset handler animation-mask
2025-7-17 11:29:29-debug: [Assets Memory track]: asset-db:worker-init: startup start:293.52MB, end 309.18MB, increase: 15.66MB
2025-7-17 11:29:29-debug: lazy register asset handler ttf-font
2025-7-17 11:29:29-debug: lazy register asset handler particle
2025-7-17 11:29:29-debug: lazy register asset handler sprite-atlas
2025-7-17 11:29:29-debug: lazy register asset handler *
2025-7-17 11:29:29-debug: lazy register asset handler material
2025-7-17 11:29:29-debug: lazy register asset handler render-pipeline
2025-7-17 11:29:29-debug: lazy register asset handler bitmap-font
2025-7-17 11:29:29-debug: lazy register asset handler render-flow
2025-7-17 11:29:29-debug: lazy register asset handler instantiation-material
2025-7-17 11:29:29-debug: lazy register asset handler instantiation-mesh
2025-7-17 11:29:29-debug: lazy register asset handler instantiation-skeleton
2025-7-17 11:29:29-debug: lazy register asset handler instantiation-animation
2025-7-17 11:29:29-debug: lazy register asset handler auto-atlas
2025-7-17 11:29:29-debug: lazy register asset handler video-clip
2025-7-17 11:29:29-debug: lazy register asset handler render-stage
2025-7-17 11:29:29-debug: lazy register asset handler label-atlas
2025-7-17 11:29:29-debug: asset-db:worker-startup-database[assets] (312ms)
2025-7-17 11:29:29-debug: asset-db:start-database (380ms)
2025-7-17 11:29:29-debug: asset-db:ready (3265ms)
2025-7-17 11:29:29-debug: fix the bug of updateDefaultUserData
2025-7-17 11:29:29-debug: init worker message success
2025-7-17 11:29:29-debug: [Build Memory track]: builder:worker-init start:308.55MB, end 322.97MB, increase: 14.41MB
2025-7-17 11:29:29-debug: builder:worker-init (202ms)
2025-7-17 11:29:30-debug: Query all assets info in project
2025-7-17 11:29:30-debug: init custom config: keepNodeUuid: false, useCache: true
2025-7-17 11:29:30-debug: Skip compress image, progress: 0%
2025-7-17 11:29:30-debug: Init all bundles start..., progress: 0%
2025-7-17 11:29:30-debug: Num of bundles: 2..., progress: 0%
2025-7-17 11:29:30-debug: 查询 Asset Bundle start, progress: 0%
2025-7-17 11:29:30-debug: // ---- build task 查询 Asset Bundle ----
2025-7-17 11:29:30-debug: Init bundle root assets start..., progress: 0%
2025-7-17 11:29:30-debug: Query preload assets/scripts from cc.config.json: 60f7195c-ec2a-45eb-ba94-8955f60e81d0,1c02ae6f-4492-4915-b8f8-7492a3b1e4cd,810e96e4-e456-4468-9b59-f4e8f39732c0,efe8e2a3-eace-427b-b4f1-cb8a937ec77d,e9aa9a3e-5b2b-4ac7-a2c7-073de2b2b24f,8bbdbcdd-5cd4-4100-b6d5-b7c9625b6107,50f4348b-c883-4e2f-8f11-ce233b859fa1,fda095cb-831d-4601-ad94-846013963de8,f92806d7-1768-443f-afe8-12bcde84d0f0,dd3a144d-ab7f-41f0-82b8-2e43a090d496,f0416e68-0200-4b77-a926-4f9d16e494da,970b0598-bcb0-4714-91fb-2e81440dccd8,bcd64cc6-2dd9-43f6-abbe-66318d332032,d930590d-bb92-4cc8-8bd1-23cd027f9edf,a3cd009f-0ab0-420d-9278-b9fdab939bbc,6a2d0734-bd9e-4ddf-946e-caa52498cb75,c27215d8-6835-4b68-bfbb-bdeac6100c04,b5d6115f-0370-4d7c-aad3-c194cc71cf98,871c3b6c-7379-419d-bda3-794b239ab90d,ff9b0199-ce04-4cfe-86cc-6c719f08d6e4,de1c2107-70c8-4021-8459-6399f24d01c6,cbf30902-517f-40dc-af90-a550bac27cf1
2025-7-17 11:29:30-debug:   Number of all scenes: 1
2025-7-17 11:29:30-debug:   Number of all scripts: 8
2025-7-17 11:29:30-debug:   Number of other assets: 497
2025-7-17 11:29:30-debug: Init bundle root assets success..., progress: 0%
2025-7-17 11:29:30-debug: // ---- build task 查询 Asset Bundle ---- (2ms)
2025-7-17 11:29:30-log: run build task 查询 Asset Bundle success in 2 ms√, progress: 5%
2025-7-17 11:29:30-debug: // ---- build task 查询 Asset Bundle ----
2025-7-17 11:29:30-debug: [Build Memory track]: 查询 Asset Bundle start:320.98MB, end 321.70MB, increase: 741.91KB
2025-7-17 11:29:30-debug: 查询 Asset Bundle start, progress: 5%
2025-7-17 11:29:30-debug: // ---- build task 查询 Asset Bundle ---- (2ms)
2025-7-17 11:29:30-debug: // ---- build task 整理部分构建选项内数据到 settings.json ----
2025-7-17 11:29:30-log: run build task 查询 Asset Bundle success in 2 ms√, progress: 10%
2025-7-17 11:29:30-debug: 整理部分构建选项内数据到 settings.json start, progress: 10%
2025-7-17 11:29:30-debug: [Build Memory track]: 查询 Asset Bundle start:321.73MB, end 321.85MB, increase: 125.29KB
2025-7-17 11:29:30-log: run build task 整理部分构建选项内数据到 settings.json success in √, progress: 12%
2025-7-17 11:29:30-debug: 填充脚本数据到 settings.json start, progress: 12%
2025-7-17 11:29:30-debug: [Build Memory track]: 整理部分构建选项内数据到 settings.json start:321.89MB, end 321.91MB, increase: 19.17KB
2025-7-17 11:29:30-debug: // ---- build task 填充脚本数据到 settings.json ----
2025-7-17 11:29:30-debug: // ---- build task 填充脚本数据到 settings.json ---- (1ms)
2025-7-17 11:29:30-log: run build task 填充脚本数据到 settings.json success in 1 ms√, progress: 13%
2025-7-17 11:29:30-debug: 整理部分构建选项内数据到 settings.json start, progress: 13%
2025-7-17 11:29:30-debug: [Build Memory track]: 填充脚本数据到 settings.json start:322.31MB, end 321.97MB, increase: -342.13KB
2025-7-17 11:29:30-debug: // ---- build task 整理部分构建选项内数据到 settings.json ----
2025-7-17 11:29:30-debug: // ---- build task 整理部分构建选项内数据到 settings.json ---- (2ms)
2025-7-17 11:29:30-debug: [Build Memory track]: 整理部分构建选项内数据到 settings.json start:322.01MB, end 322.15MB, increase: 142.38KB
2025-7-17 11:29:30-log: run build task 整理部分构建选项内数据到 settings.json success in 2 ms√, progress: 15%
2025-7-17 11:29:38-debug: refresh db internal success
2025-7-17 11:29:38-debug: refresh db assets success
2025-7-17 11:29:38-debug: Run asset db hook engine-extends:afterRefresh success!
2025-7-17 11:29:38-debug: Run asset db hook engine-extends:afterRefresh ...
2025-7-17 11:29:38-debug: asset-db:refresh-all-database (33ms)
2025-7-17 11:29:49-debug: refresh db internal success
2025-7-17 11:29:49-debug: %cImport%c: /Users/zhao/Desktop/test/cocos-creator/PlaneFight/assets/Scripts/Ememy.tsbackground: #aaff85; color: #000;color: #000;
2025-7-17 11:29:49-debug: refresh db assets success
2025-7-17 11:29:49-debug: Run asset db hook engine-extends:afterRefresh ...
2025-7-17 11:29:49-debug: Run asset db hook engine-extends:afterRefresh success!
2025-7-17 11:29:49-debug: asset-db:refresh-all-database (35ms)
2025-7-17 11:29:49-debug: asset-db:worker-effect-data-processing (1ms)
2025-7-17 11:29:49-debug: asset-db-hook-engine-extends-afterRefresh (1ms)
2025-7-17 11:29:49-debug: Query all assets info in project
2025-7-17 11:29:49-debug: init custom config: keepNodeUuid: false, useCache: true
2025-7-17 11:29:49-debug: Skip compress image, progress: 0%
2025-7-17 11:29:49-debug: Init all bundles start..., progress: 0%
2025-7-17 11:29:49-debug: Num of bundles: 2..., progress: 0%
2025-7-17 11:29:49-debug: 查询 Asset Bundle start, progress: 0%
2025-7-17 11:29:49-debug: Init bundle root assets start..., progress: 0%
2025-7-17 11:29:49-debug: // ---- build task 查询 Asset Bundle ----
2025-7-17 11:29:49-debug: Query preload assets/scripts from cc.config.json: 60f7195c-ec2a-45eb-ba94-8955f60e81d0,1c02ae6f-4492-4915-b8f8-7492a3b1e4cd,810e96e4-e456-4468-9b59-f4e8f39732c0,efe8e2a3-eace-427b-b4f1-cb8a937ec77d,e9aa9a3e-5b2b-4ac7-a2c7-073de2b2b24f,8bbdbcdd-5cd4-4100-b6d5-b7c9625b6107,50f4348b-c883-4e2f-8f11-ce233b859fa1,fda095cb-831d-4601-ad94-846013963de8,f92806d7-1768-443f-afe8-12bcde84d0f0,dd3a144d-ab7f-41f0-82b8-2e43a090d496,f0416e68-0200-4b77-a926-4f9d16e494da,970b0598-bcb0-4714-91fb-2e81440dccd8,bcd64cc6-2dd9-43f6-abbe-66318d332032,d930590d-bb92-4cc8-8bd1-23cd027f9edf,a3cd009f-0ab0-420d-9278-b9fdab939bbc,6a2d0734-bd9e-4ddf-946e-caa52498cb75,c27215d8-6835-4b68-bfbb-bdeac6100c04,b5d6115f-0370-4d7c-aad3-c194cc71cf98,871c3b6c-7379-419d-bda3-794b239ab90d,ff9b0199-ce04-4cfe-86cc-6c719f08d6e4,de1c2107-70c8-4021-8459-6399f24d01c6,cbf30902-517f-40dc-af90-a550bac27cf1
2025-7-17 11:29:49-debug: Init bundle root assets success..., progress: 0%
2025-7-17 11:29:49-debug:   Number of all scenes: 1
2025-7-17 11:29:49-debug:   Number of all scripts: 8
2025-7-17 11:29:49-debug:   Number of other assets: 497
2025-7-17 11:29:49-debug: // ---- build task 查询 Asset Bundle ---- (3ms)
2025-7-17 11:29:49-log: run build task 查询 Asset Bundle success in 3 ms√, progress: 5%
2025-7-17 11:29:49-debug: [Build Memory track]: 查询 Asset Bundle start:199.19MB, end 198.95MB, increase: -247.96KB
2025-7-17 11:29:49-debug: 查询 Asset Bundle start, progress: 5%
2025-7-17 11:29:49-debug: // ---- build task 查询 Asset Bundle ----
2025-7-17 11:29:49-debug: // ---- build task 查询 Asset Bundle ---- (1ms)
2025-7-17 11:29:49-debug: [Build Memory track]: 查询 Asset Bundle start:198.98MB, end 199.10MB, increase: 121.93KB
2025-7-17 11:29:49-log: run build task 查询 Asset Bundle success in 1 ms√, progress: 10%
2025-7-17 11:29:49-debug: 整理部分构建选项内数据到 settings.json start, progress: 10%
2025-7-17 11:29:49-debug: // ---- build task 整理部分构建选项内数据到 settings.json ----
2025-7-17 11:29:49-log: run build task 整理部分构建选项内数据到 settings.json success in √, progress: 12%
2025-7-17 11:29:49-debug: [Build Memory track]: 整理部分构建选项内数据到 settings.json start:199.32MB, end 199.16MB, increase: -165.45KB
2025-7-17 11:29:49-debug: 填充脚本数据到 settings.json start, progress: 12%
2025-7-17 11:29:49-debug: // ---- build task 填充脚本数据到 settings.json ----
2025-7-17 11:29:49-log: run build task 填充脚本数据到 settings.json success in √, progress: 13%
2025-7-17 11:29:49-debug: [Build Memory track]: 填充脚本数据到 settings.json start:199.19MB, end 199.39MB, increase: 203.96KB
2025-7-17 11:29:49-debug: // ---- build task 整理部分构建选项内数据到 settings.json ----
2025-7-17 11:29:49-debug: 整理部分构建选项内数据到 settings.json start, progress: 13%
2025-7-17 11:29:49-debug: // ---- build task 整理部分构建选项内数据到 settings.json ---- (3ms)
2025-7-17 11:29:49-log: run build task 整理部分构建选项内数据到 settings.json success in 3 ms√, progress: 15%
2025-7-17 11:29:49-debug: [Build Memory track]: 整理部分构建选项内数据到 settings.json start:199.24MB, end 199.37MB, increase: 132.19KB
2025-7-17 11:29:49-debug: Query all assets info in project
2025-7-17 11:29:49-debug: init custom config: keepNodeUuid: false, useCache: true
2025-7-17 11:29:49-debug: Skip compress image, progress: 0%
2025-7-17 11:29:49-debug: Init all bundles start..., progress: 0%
2025-7-17 11:29:49-debug: 查询 Asset Bundle start, progress: 0%
2025-7-17 11:29:49-debug: Init bundle root assets start..., progress: 0%
2025-7-17 11:29:49-debug: Num of bundles: 2..., progress: 0%
2025-7-17 11:29:49-debug: // ---- build task 查询 Asset Bundle ----
2025-7-17 11:29:49-debug: Query preload assets/scripts from cc.config.json: 60f7195c-ec2a-45eb-ba94-8955f60e81d0,1c02ae6f-4492-4915-b8f8-7492a3b1e4cd,810e96e4-e456-4468-9b59-f4e8f39732c0,efe8e2a3-eace-427b-b4f1-cb8a937ec77d,e9aa9a3e-5b2b-4ac7-a2c7-073de2b2b24f,8bbdbcdd-5cd4-4100-b6d5-b7c9625b6107,50f4348b-c883-4e2f-8f11-ce233b859fa1,fda095cb-831d-4601-ad94-846013963de8,f92806d7-1768-443f-afe8-12bcde84d0f0,dd3a144d-ab7f-41f0-82b8-2e43a090d496,f0416e68-0200-4b77-a926-4f9d16e494da,970b0598-bcb0-4714-91fb-2e81440dccd8,bcd64cc6-2dd9-43f6-abbe-66318d332032,d930590d-bb92-4cc8-8bd1-23cd027f9edf,a3cd009f-0ab0-420d-9278-b9fdab939bbc,6a2d0734-bd9e-4ddf-946e-caa52498cb75,c27215d8-6835-4b68-bfbb-bdeac6100c04,b5d6115f-0370-4d7c-aad3-c194cc71cf98,871c3b6c-7379-419d-bda3-794b239ab90d,ff9b0199-ce04-4cfe-86cc-6c719f08d6e4,de1c2107-70c8-4021-8459-6399f24d01c6,cbf30902-517f-40dc-af90-a550bac27cf1
2025-7-17 11:29:49-debug:   Number of all scenes: 1
2025-7-17 11:29:49-debug:   Number of other assets: 497
2025-7-17 11:29:49-debug: Init bundle root assets success..., progress: 0%
2025-7-17 11:29:49-debug:   Number of all scripts: 8
2025-7-17 11:29:49-debug: // ---- build task 查询 Asset Bundle ---- (3ms)
2025-7-17 11:29:49-log: run build task 查询 Asset Bundle success in 3 ms√, progress: 5%
2025-7-17 11:29:49-debug: // ---- build task 查询 Asset Bundle ----
2025-7-17 11:29:49-debug: [Build Memory track]: 查询 Asset Bundle start:199.06MB, end 199.56MB, increase: 509.86KB
2025-7-17 11:29:49-debug: 查询 Asset Bundle start, progress: 5%
2025-7-17 11:29:49-debug: // ---- build task 查询 Asset Bundle ---- (1ms)
2025-7-17 11:29:49-log: run build task 查询 Asset Bundle success in 1 ms√, progress: 10%
2025-7-17 11:29:49-debug: [Build Memory track]: 查询 Asset Bundle start:199.79MB, end 199.15MB, increase: -646.80KB
2025-7-17 11:29:49-debug: 整理部分构建选项内数据到 settings.json start, progress: 10%
2025-7-17 11:29:49-debug: // ---- build task 整理部分构建选项内数据到 settings.json ----
2025-7-17 11:29:49-debug: // ---- build task 整理部分构建选项内数据到 settings.json ---- (1ms)
2025-7-17 11:29:49-debug: [Build Memory track]: 整理部分构建选项内数据到 settings.json start:198.99MB, end 199.02MB, increase: 28.90KB
2025-7-17 11:29:49-debug: // ---- build task 填充脚本数据到 settings.json ----
2025-7-17 11:29:49-log: run build task 整理部分构建选项内数据到 settings.json success in 1 ms√, progress: 12%
2025-7-17 11:29:49-debug: 填充脚本数据到 settings.json start, progress: 12%
2025-7-17 11:29:49-log: run build task 填充脚本数据到 settings.json success in √, progress: 13%
2025-7-17 11:29:49-debug: 整理部分构建选项内数据到 settings.json start, progress: 13%
2025-7-17 11:29:49-debug: [Build Memory track]: 填充脚本数据到 settings.json start:199.05MB, end 199.07MB, increase: 18.69KB
2025-7-17 11:29:49-debug: // ---- build task 整理部分构建选项内数据到 settings.json ----
2025-7-17 11:29:49-debug: // ---- build task 整理部分构建选项内数据到 settings.json ---- (2ms)
2025-7-17 11:29:49-log: run build task 整理部分构建选项内数据到 settings.json success in 2 ms√, progress: 15%
2025-7-17 11:29:49-debug: [Build Memory track]: 整理部分构建选项内数据到 settings.json start:199.10MB, end 199.23MB, increase: 132.08KB
2025-7-17 11:30:01-debug: start refresh asset from /Users/zhao/Desktop/test/cocos-creator/PlaneFight/assets/Prefabs/enemy0.prefab...
2025-7-17 11:30:01-debug: %cImport%c: /Users/zhao/Desktop/test/cocos-creator/PlaneFight/assets/Prefabs/enemy0.prefabbackground: #aaff85; color: #000;color: #000;
2025-7-17 11:30:01-debug: refresh asset /Users/zhao/Desktop/test/cocos-creator/PlaneFight/assets/Prefabs success
2025-7-17 11:30:54-debug: start refresh asset from /Users/zhao/Desktop/test/cocos-creator/PlaneFight/assets/Prefabs/enemy1.prefab...
2025-7-17 11:30:54-debug: %cImport%c: /Users/zhao/Desktop/test/cocos-creator/PlaneFight/assets/Prefabs/enemy1.prefabbackground: #aaff85; color: #000;color: #000;
2025-7-17 11:30:54-debug: refresh asset /Users/zhao/Desktop/test/cocos-creator/PlaneFight/assets/Prefabs success
2025-7-17 11:30:54-debug: %cImport%c: /Users/zhao/Desktop/test/cocos-creator/PlaneFight/assets/Prefabsbackground: #aaff85; color: #000;color: #000;
2025-7-17 11:31:01-debug: programming:execute-script (1ms)
2025-7-17 11:31:02-debug: start remove asset /Users/zhao/Desktop/test/cocos-creator/PlaneFight/assets/Prefabs/enemy1.prefab...
2025-7-17 11:31:02-debug: start refresh asset from /Users/zhao/Desktop/test/cocos-creator/PlaneFight/assets/Prefabs/enemy1.prefab...
2025-7-17 11:31:02-debug: %cDestroy%c: /Users/zhao/Desktop/test/cocos-creator/PlaneFight/assets/Prefabs/enemy1.prefabbackground: #ffb8b8; color: #000;color: #000;
2025-7-17 11:31:02-debug: refresh asset /Users/zhao/Desktop/test/cocos-creator/PlaneFight/assets/Prefabs success
2025-7-17 11:31:02-debug: remove asset /Users/zhao/Desktop/test/cocos-creator/PlaneFight/assets/Prefabs/enemy1.prefab success
2025-7-17 11:31:02-debug: %cImport%c: /Users/zhao/Desktop/test/cocos-creator/PlaneFight/assets/Prefabsbackground: #aaff85; color: #000;color: #000;
2025-7-17 11:31:32-debug: %cImport%c: /Users/zhao/Desktop/test/cocos-creator/PlaneFight/assets/Scenes/Start.scenebackground: #aaff85; color: #000;color: #000;
2025-7-17 11:31:32-debug: asset-db:reimport-asset2fda4d65-a1e9-4078-8250-de49b04cdc34 (5ms)
2025-7-17 11:31:32-debug: Query all assets info in project
2025-7-17 11:31:32-debug: init custom config: keepNodeUuid: false, useCache: true
2025-7-17 11:31:32-debug: Skip compress image, progress: 0%
2025-7-17 11:31:32-debug: Init all bundles start..., progress: 0%
2025-7-17 11:31:32-debug: Init bundle root assets start..., progress: 0%
2025-7-17 11:31:32-debug: 查询 Asset Bundle start, progress: 0%
2025-7-17 11:31:32-debug: // ---- build task 查询 Asset Bundle ----
2025-7-17 11:31:32-debug: Num of bundles: 2..., progress: 0%
2025-7-17 11:31:32-debug:   Number of all scenes: 1
2025-7-17 11:31:32-debug: Init bundle root assets success..., progress: 0%
2025-7-17 11:31:32-debug:   Number of other assets: 497
2025-7-17 11:31:32-debug: Query preload assets/scripts from cc.config.json: 60f7195c-ec2a-45eb-ba94-8955f60e81d0,1c02ae6f-4492-4915-b8f8-7492a3b1e4cd,810e96e4-e456-4468-9b59-f4e8f39732c0,efe8e2a3-eace-427b-b4f1-cb8a937ec77d,e9aa9a3e-5b2b-4ac7-a2c7-073de2b2b24f,8bbdbcdd-5cd4-4100-b6d5-b7c9625b6107,50f4348b-c883-4e2f-8f11-ce233b859fa1,fda095cb-831d-4601-ad94-846013963de8,f92806d7-1768-443f-afe8-12bcde84d0f0,dd3a144d-ab7f-41f0-82b8-2e43a090d496,f0416e68-0200-4b77-a926-4f9d16e494da,970b0598-bcb0-4714-91fb-2e81440dccd8,bcd64cc6-2dd9-43f6-abbe-66318d332032,d930590d-bb92-4cc8-8bd1-23cd027f9edf,a3cd009f-0ab0-420d-9278-b9fdab939bbc,6a2d0734-bd9e-4ddf-946e-caa52498cb75,c27215d8-6835-4b68-bfbb-bdeac6100c04,b5d6115f-0370-4d7c-aad3-c194cc71cf98,871c3b6c-7379-419d-bda3-794b239ab90d,ff9b0199-ce04-4cfe-86cc-6c719f08d6e4,de1c2107-70c8-4021-8459-6399f24d01c6,cbf30902-517f-40dc-af90-a550bac27cf1
2025-7-17 11:31:32-debug:   Number of all scripts: 8
2025-7-17 11:31:32-debug: // ---- build task 查询 Asset Bundle ---- (3ms)
2025-7-17 11:31:32-debug: [Build Memory track]: 查询 Asset Bundle start:197.44MB, end 197.39MB, increase: -52.73KB
2025-7-17 11:31:32-log: run build task 查询 Asset Bundle success in 3 ms√, progress: 5%
2025-7-17 11:31:32-debug: 查询 Asset Bundle start, progress: 5%
2025-7-17 11:31:32-debug: // ---- build task 查询 Asset Bundle ----
2025-7-17 11:31:32-debug: // ---- build task 查询 Asset Bundle ---- (1ms)
2025-7-17 11:31:32-log: run build task 查询 Asset Bundle success in 1 ms√, progress: 10%
2025-7-17 11:31:32-debug: [Build Memory track]: 查询 Asset Bundle start:197.42MB, end 196.79MB, increase: -647.81KB
2025-7-17 11:31:32-debug: // ---- build task 整理部分构建选项内数据到 settings.json ----
2025-7-17 11:31:32-debug: 整理部分构建选项内数据到 settings.json start, progress: 10%
2025-7-17 11:31:32-log: run build task 整理部分构建选项内数据到 settings.json success in √, progress: 12%
2025-7-17 11:31:32-debug: [Build Memory track]: 整理部分构建选项内数据到 settings.json start:196.83MB, end 196.84MB, increase: 17.69KB
2025-7-17 11:31:32-debug: 填充脚本数据到 settings.json start, progress: 12%
2025-7-17 11:31:32-debug: // ---- build task 填充脚本数据到 settings.json ----
2025-7-17 11:31:32-log: run build task 填充脚本数据到 settings.json success in √, progress: 13%
2025-7-17 11:31:32-debug: [Build Memory track]: 填充脚本数据到 settings.json start:196.88MB, end 196.89MB, increase: 18.35KB
2025-7-17 11:31:32-debug: 整理部分构建选项内数据到 settings.json start, progress: 13%
2025-7-17 11:31:32-debug: // ---- build task 整理部分构建选项内数据到 settings.json ----
2025-7-17 11:31:32-debug: // ---- build task 整理部分构建选项内数据到 settings.json ---- (2ms)
2025-7-17 11:31:32-log: run build task 整理部分构建选项内数据到 settings.json success in 2 ms√, progress: 15%
2025-7-17 11:31:32-debug: [Build Memory track]: 整理部分构建选项内数据到 settings.json start:196.93MB, end 197.06MB, increase: 133.69KB
2025-7-17 11:31:32-debug: Query all assets info in project
2025-7-17 11:31:32-debug: init custom config: keepNodeUuid: false, useCache: true
2025-7-17 11:31:32-debug: Skip compress image, progress: 0%
2025-7-17 11:31:32-debug: Init all bundles start..., progress: 0%
2025-7-17 11:31:32-debug: // ---- build task 查询 Asset Bundle ----
2025-7-17 11:31:32-debug: 查询 Asset Bundle start, progress: 0%
2025-7-17 11:31:32-debug: Num of bundles: 2..., progress: 0%
2025-7-17 11:31:32-debug: Init bundle root assets start..., progress: 0%
2025-7-17 11:31:32-debug: Query preload assets/scripts from cc.config.json: 60f7195c-ec2a-45eb-ba94-8955f60e81d0,1c02ae6f-4492-4915-b8f8-7492a3b1e4cd,810e96e4-e456-4468-9b59-f4e8f39732c0,efe8e2a3-eace-427b-b4f1-cb8a937ec77d,e9aa9a3e-5b2b-4ac7-a2c7-073de2b2b24f,8bbdbcdd-5cd4-4100-b6d5-b7c9625b6107,50f4348b-c883-4e2f-8f11-ce233b859fa1,fda095cb-831d-4601-ad94-846013963de8,f92806d7-1768-443f-afe8-12bcde84d0f0,dd3a144d-ab7f-41f0-82b8-2e43a090d496,f0416e68-0200-4b77-a926-4f9d16e494da,970b0598-bcb0-4714-91fb-2e81440dccd8,bcd64cc6-2dd9-43f6-abbe-66318d332032,d930590d-bb92-4cc8-8bd1-23cd027f9edf,a3cd009f-0ab0-420d-9278-b9fdab939bbc,6a2d0734-bd9e-4ddf-946e-caa52498cb75,c27215d8-6835-4b68-bfbb-bdeac6100c04,b5d6115f-0370-4d7c-aad3-c194cc71cf98,871c3b6c-7379-419d-bda3-794b239ab90d,ff9b0199-ce04-4cfe-86cc-6c719f08d6e4,de1c2107-70c8-4021-8459-6399f24d01c6,cbf30902-517f-40dc-af90-a550bac27cf1
2025-7-17 11:31:32-debug:   Number of all scenes: 1
2025-7-17 11:31:32-debug: // ---- build task 查询 Asset Bundle ---- (2ms)
2025-7-17 11:31:32-log: run build task 查询 Asset Bundle success in 2 ms√, progress: 5%
2025-7-17 11:31:32-debug: [Build Memory track]: 查询 Asset Bundle start:197.45MB, end 197.25MB, increase: -209.64KB
2025-7-17 11:31:32-debug: 查询 Asset Bundle start, progress: 5%
2025-7-17 11:31:32-debug: // ---- build task 查询 Asset Bundle ----
2025-7-17 11:31:32-debug:   Number of all scripts: 8
2025-7-17 11:31:32-debug: Init bundle root assets success..., progress: 0%
2025-7-17 11:31:32-debug:   Number of other assets: 497
2025-7-17 11:31:32-debug: // ---- build task 查询 Asset Bundle ---- (1ms)
2025-7-17 11:31:32-debug: // ---- build task 整理部分构建选项内数据到 settings.json ----
2025-7-17 11:31:32-debug: [Build Memory track]: 查询 Asset Bundle start:197.28MB, end 197.41MB, increase: 132.93KB
2025-7-17 11:31:32-debug: 整理部分构建选项内数据到 settings.json start, progress: 10%
2025-7-17 11:31:32-log: run build task 查询 Asset Bundle success in 1 ms√, progress: 10%
2025-7-17 11:31:32-debug: // ---- build task 整理部分构建选项内数据到 settings.json ---- (1ms)
2025-7-17 11:31:32-log: run build task 整理部分构建选项内数据到 settings.json success in 1 ms√, progress: 12%
2025-7-17 11:31:32-debug: 填充脚本数据到 settings.json start, progress: 12%
2025-7-17 11:31:32-debug: [Build Memory track]: 整理部分构建选项内数据到 settings.json start:197.44MB, end 197.48MB, increase: 37.66KB
2025-7-17 11:31:32-debug: // ---- build task 填充脚本数据到 settings.json ----
2025-7-17 11:31:32-debug: [Build Memory track]: 填充脚本数据到 settings.json start:197.51MB, end 197.53MB, increase: 18.71KB
2025-7-17 11:31:32-debug: 整理部分构建选项内数据到 settings.json start, progress: 13%
2025-7-17 11:31:32-log: run build task 填充脚本数据到 settings.json success in √, progress: 13%
2025-7-17 11:31:32-debug: // ---- build task 整理部分构建选项内数据到 settings.json ----
2025-7-17 11:31:32-debug: // ---- build task 整理部分构建选项内数据到 settings.json ---- (1ms)
2025-7-17 11:31:32-log: run build task 整理部分构建选项内数据到 settings.json success in 1 ms√, progress: 15%
2025-7-17 11:31:32-debug: [Build Memory track]: 整理部分构建选项内数据到 settings.json start:197.56MB, end 197.01MB, increase: -569.52KB
2025-7-17 11:32:13-debug: %cImport%c: /Users/zhao/Desktop/test/cocos-creator/PlaneFight/assets/Scenes/Start.scenebackground: #aaff85; color: #000;color: #000;
2025-7-17 11:32:13-debug: asset-db:reimport-asset2fda4d65-a1e9-4078-8250-de49b04cdc34 (5ms)
2025-7-17 11:32:14-debug: Query all assets info in project
2025-7-17 11:32:14-debug: init custom config: keepNodeUuid: false, useCache: true
2025-7-17 11:32:14-debug: Skip compress image, progress: 0%
2025-7-17 11:32:14-debug: Init all bundles start..., progress: 0%
2025-7-17 11:32:14-debug: Init bundle root assets start..., progress: 0%
2025-7-17 11:32:14-debug: 查询 Asset Bundle start, progress: 0%
2025-7-17 11:32:14-debug: // ---- build task 查询 Asset Bundle ----
2025-7-17 11:32:14-debug: Num of bundles: 2..., progress: 0%
2025-7-17 11:32:14-debug: Query preload assets/scripts from cc.config.json: 60f7195c-ec2a-45eb-ba94-8955f60e81d0,1c02ae6f-4492-4915-b8f8-7492a3b1e4cd,810e96e4-e456-4468-9b59-f4e8f39732c0,efe8e2a3-eace-427b-b4f1-cb8a937ec77d,e9aa9a3e-5b2b-4ac7-a2c7-073de2b2b24f,8bbdbcdd-5cd4-4100-b6d5-b7c9625b6107,50f4348b-c883-4e2f-8f11-ce233b859fa1,fda095cb-831d-4601-ad94-846013963de8,f92806d7-1768-443f-afe8-12bcde84d0f0,dd3a144d-ab7f-41f0-82b8-2e43a090d496,f0416e68-0200-4b77-a926-4f9d16e494da,970b0598-bcb0-4714-91fb-2e81440dccd8,bcd64cc6-2dd9-43f6-abbe-66318d332032,d930590d-bb92-4cc8-8bd1-23cd027f9edf,a3cd009f-0ab0-420d-9278-b9fdab939bbc,6a2d0734-bd9e-4ddf-946e-caa52498cb75,c27215d8-6835-4b68-bfbb-bdeac6100c04,b5d6115f-0370-4d7c-aad3-c194cc71cf98,871c3b6c-7379-419d-bda3-794b239ab90d,ff9b0199-ce04-4cfe-86cc-6c719f08d6e4,de1c2107-70c8-4021-8459-6399f24d01c6,cbf30902-517f-40dc-af90-a550bac27cf1
2025-7-17 11:32:14-debug:   Number of all scenes: 1
2025-7-17 11:32:14-debug:   Number of all scripts: 8
2025-7-17 11:32:14-debug: Init bundle root assets success..., progress: 0%
2025-7-17 11:32:14-debug:   Number of other assets: 497
2025-7-17 11:32:14-debug: // ---- build task 查询 Asset Bundle ---- (3ms)
2025-7-17 11:32:14-debug: 查询 Asset Bundle start, progress: 5%
2025-7-17 11:32:14-debug: [Build Memory track]: 查询 Asset Bundle start:197.41MB, end 197.22MB, increase: -199.57KB
2025-7-17 11:32:14-debug: // ---- build task 查询 Asset Bundle ----
2025-7-17 11:32:14-log: run build task 查询 Asset Bundle success in 3 ms√, progress: 5%
2025-7-17 11:32:14-debug: // ---- build task 查询 Asset Bundle ---- (1ms)
2025-7-17 11:32:14-log: run build task 查询 Asset Bundle success in 1 ms√, progress: 10%
2025-7-17 11:32:14-debug: [Build Memory track]: 查询 Asset Bundle start:197.25MB, end 197.36MB, increase: 114.83KB
2025-7-17 11:32:14-debug: 整理部分构建选项内数据到 settings.json start, progress: 10%
2025-7-17 11:32:14-debug: // ---- build task 整理部分构建选项内数据到 settings.json ----
2025-7-17 11:32:14-log: run build task 整理部分构建选项内数据到 settings.json success in √, progress: 12%
2025-7-17 11:32:14-debug: [Build Memory track]: 整理部分构建选项内数据到 settings.json start:197.39MB, end 197.41MB, increase: 17.43KB
2025-7-17 11:32:14-debug: 填充脚本数据到 settings.json start, progress: 12%
2025-7-17 11:32:14-debug: // ---- build task 填充脚本数据到 settings.json ----
2025-7-17 11:32:14-debug: // ---- build task 填充脚本数据到 settings.json ---- (1ms)
2025-7-17 11:32:14-log: run build task 填充脚本数据到 settings.json success in 1 ms√, progress: 13%
2025-7-17 11:32:14-debug: [Build Memory track]: 填充脚本数据到 settings.json start:197.44MB, end 197.47MB, increase: 29.27KB
2025-7-17 11:32:14-debug: 整理部分构建选项内数据到 settings.json start, progress: 13%
2025-7-17 11:32:14-debug: // ---- build task 整理部分构建选项内数据到 settings.json ----
2025-7-17 11:32:14-debug: // ---- build task 整理部分构建选项内数据到 settings.json ---- (1ms)
2025-7-17 11:32:14-log: run build task 整理部分构建选项内数据到 settings.json success in 1 ms√, progress: 15%
2025-7-17 11:32:14-debug: [Build Memory track]: 整理部分构建选项内数据到 settings.json start:197.50MB, end 197.64MB, increase: 145.18KB
2025-7-17 11:32:14-debug: Query all assets info in project
2025-7-17 11:32:14-debug: init custom config: keepNodeUuid: false, useCache: true
2025-7-17 11:32:14-debug: Skip compress image, progress: 0%
2025-7-17 11:32:14-debug: Init all bundles start..., progress: 0%
2025-7-17 11:32:14-debug: Num of bundles: 2..., progress: 0%
2025-7-17 11:32:14-debug: 查询 Asset Bundle start, progress: 0%
2025-7-17 11:32:14-debug: // ---- build task 查询 Asset Bundle ----
2025-7-17 11:32:14-debug: Init bundle root assets start..., progress: 0%
2025-7-17 11:32:14-debug: Query preload assets/scripts from cc.config.json: 60f7195c-ec2a-45eb-ba94-8955f60e81d0,1c02ae6f-4492-4915-b8f8-7492a3b1e4cd,810e96e4-e456-4468-9b59-f4e8f39732c0,efe8e2a3-eace-427b-b4f1-cb8a937ec77d,e9aa9a3e-5b2b-4ac7-a2c7-073de2b2b24f,8bbdbcdd-5cd4-4100-b6d5-b7c9625b6107,50f4348b-c883-4e2f-8f11-ce233b859fa1,fda095cb-831d-4601-ad94-846013963de8,f92806d7-1768-443f-afe8-12bcde84d0f0,dd3a144d-ab7f-41f0-82b8-2e43a090d496,f0416e68-0200-4b77-a926-4f9d16e494da,970b0598-bcb0-4714-91fb-2e81440dccd8,bcd64cc6-2dd9-43f6-abbe-66318d332032,d930590d-bb92-4cc8-8bd1-23cd027f9edf,a3cd009f-0ab0-420d-9278-b9fdab939bbc,6a2d0734-bd9e-4ddf-946e-caa52498cb75,c27215d8-6835-4b68-bfbb-bdeac6100c04,b5d6115f-0370-4d7c-aad3-c194cc71cf98,871c3b6c-7379-419d-bda3-794b239ab90d,ff9b0199-ce04-4cfe-86cc-6c719f08d6e4,de1c2107-70c8-4021-8459-6399f24d01c6,cbf30902-517f-40dc-af90-a550bac27cf1
2025-7-17 11:32:14-debug: Init bundle root assets success..., progress: 0%
2025-7-17 11:32:14-debug:   Number of all scripts: 8
2025-7-17 11:32:14-debug:   Number of other assets: 497
2025-7-17 11:32:14-debug:   Number of all scenes: 1
2025-7-17 11:32:14-debug: // ---- build task 查询 Asset Bundle ---- (1ms)
2025-7-17 11:32:14-debug: 查询 Asset Bundle start, progress: 5%
2025-7-17 11:32:14-log: run build task 查询 Asset Bundle success in 1 ms√, progress: 5%
2025-7-17 11:32:14-debug: [Build Memory track]: 查询 Asset Bundle start:197.24MB, end 197.89MB, increase: 662.86KB
2025-7-17 11:32:14-debug: // ---- build task 查询 Asset Bundle ----
2025-7-17 11:32:14-debug: // ---- build task 查询 Asset Bundle ---- (1ms)
2025-7-17 11:32:14-log: run build task 查询 Asset Bundle success in 1 ms√, progress: 10%
2025-7-17 11:32:14-debug: [Build Memory track]: 查询 Asset Bundle start:197.92MB, end 197.25MB, increase: -686.57KB
2025-7-17 11:32:14-debug: 整理部分构建选项内数据到 settings.json start, progress: 10%
2025-7-17 11:32:14-debug: // ---- build task 整理部分构建选项内数据到 settings.json ----
2025-7-17 11:32:14-log: run build task 整理部分构建选项内数据到 settings.json success in √, progress: 12%
2025-7-17 11:32:14-debug: [Build Memory track]: 整理部分构建选项内数据到 settings.json start:197.29MB, end 197.31MB, increase: 18.67KB
2025-7-17 11:32:14-debug: 填充脚本数据到 settings.json start, progress: 12%
2025-7-17 11:32:14-debug: // ---- build task 填充脚本数据到 settings.json ----
2025-7-17 11:32:14-debug: // ---- build task 填充脚本数据到 settings.json ---- (1ms)
2025-7-17 11:32:14-debug: 整理部分构建选项内数据到 settings.json start, progress: 13%
2025-7-17 11:32:14-debug: // ---- build task 整理部分构建选项内数据到 settings.json ----
2025-7-17 11:32:14-log: run build task 填充脚本数据到 settings.json success in 1 ms√, progress: 13%
2025-7-17 11:32:14-debug: [Build Memory track]: 填充脚本数据到 settings.json start:197.34MB, end 197.37MB, increase: 28.06KB
2025-7-17 11:32:14-debug: [Build Memory track]: 整理部分构建选项内数据到 settings.json start:197.40MB, end 197.53MB, increase: 129.57KB
2025-7-17 11:32:14-log: run build task 整理部分构建选项内数据到 settings.json success in √, progress: 15%
2025-7-17 11:32:14-debug: %cImport%c: /Users/zhao/Desktop/test/cocos-creator/PlaneFight/assets/Scenes/Start.scenebackground: #aaff85; color: #000;color: #000;
2025-7-17 11:32:14-debug: asset-db:reimport-asset2fda4d65-a1e9-4078-8250-de49b04cdc34 (5ms)
2025-7-17 11:32:14-debug: %cImport%c: /Users/zhao/Desktop/test/cocos-creator/PlaneFight/assets/Scenes/Start.scenebackground: #aaff85; color: #000;color: #000;
2025-7-17 11:32:14-debug: asset-db:reimport-asset2fda4d65-a1e9-4078-8250-de49b04cdc34 (3ms)
2025-7-17 11:32:15-debug: Query all assets info in project
2025-7-17 11:32:15-debug: init custom config: keepNodeUuid: false, useCache: true
2025-7-17 11:32:15-debug: Skip compress image, progress: 0%
2025-7-17 11:32:15-debug: Init all bundles start..., progress: 0%
2025-7-17 11:32:15-debug: Init bundle root assets start..., progress: 0%
2025-7-17 11:32:15-debug: Num of bundles: 2..., progress: 0%
2025-7-17 11:32:15-debug: 查询 Asset Bundle start, progress: 0%
2025-7-17 11:32:15-debug: // ---- build task 查询 Asset Bundle ----
2025-7-17 11:32:15-debug: Query preload assets/scripts from cc.config.json: 60f7195c-ec2a-45eb-ba94-8955f60e81d0,1c02ae6f-4492-4915-b8f8-7492a3b1e4cd,810e96e4-e456-4468-9b59-f4e8f39732c0,efe8e2a3-eace-427b-b4f1-cb8a937ec77d,e9aa9a3e-5b2b-4ac7-a2c7-073de2b2b24f,8bbdbcdd-5cd4-4100-b6d5-b7c9625b6107,50f4348b-c883-4e2f-8f11-ce233b859fa1,fda095cb-831d-4601-ad94-846013963de8,f92806d7-1768-443f-afe8-12bcde84d0f0,dd3a144d-ab7f-41f0-82b8-2e43a090d496,f0416e68-0200-4b77-a926-4f9d16e494da,970b0598-bcb0-4714-91fb-2e81440dccd8,bcd64cc6-2dd9-43f6-abbe-66318d332032,d930590d-bb92-4cc8-8bd1-23cd027f9edf,a3cd009f-0ab0-420d-9278-b9fdab939bbc,6a2d0734-bd9e-4ddf-946e-caa52498cb75,c27215d8-6835-4b68-bfbb-bdeac6100c04,b5d6115f-0370-4d7c-aad3-c194cc71cf98,871c3b6c-7379-419d-bda3-794b239ab90d,ff9b0199-ce04-4cfe-86cc-6c719f08d6e4,de1c2107-70c8-4021-8459-6399f24d01c6,cbf30902-517f-40dc-af90-a550bac27cf1
2025-7-17 11:32:15-debug: Init bundle root assets success..., progress: 0%
2025-7-17 11:32:15-debug:   Number of all scenes: 1
2025-7-17 11:32:15-debug:   Number of other assets: 497
2025-7-17 11:32:15-debug:   Number of all scripts: 8
2025-7-17 11:32:15-debug: // ---- build task 查询 Asset Bundle ---- (2ms)
2025-7-17 11:32:15-debug: [Build Memory track]: 查询 Asset Bundle start:198.11MB, end 198.05MB, increase: -64.08KB
2025-7-17 11:32:15-log: run build task 查询 Asset Bundle success in 2 ms√, progress: 5%
2025-7-17 11:32:15-debug: // ---- build task 查询 Asset Bundle ----
2025-7-17 11:32:15-debug: 查询 Asset Bundle start, progress: 5%
2025-7-17 11:32:15-log: run build task 查询 Asset Bundle success in √, progress: 10%
2025-7-17 11:32:15-debug: [Build Memory track]: 查询 Asset Bundle start:198.07MB, end 198.17MB, increase: 99.60KB
2025-7-17 11:32:15-debug: // ---- build task 整理部分构建选项内数据到 settings.json ----
2025-7-17 11:32:15-debug: 整理部分构建选项内数据到 settings.json start, progress: 10%
2025-7-17 11:32:15-debug: // ---- build task 整理部分构建选项内数据到 settings.json ---- (1ms)
2025-7-17 11:32:15-log: run build task 整理部分构建选项内数据到 settings.json success in 1 ms√, progress: 12%
2025-7-17 11:32:15-debug: [Build Memory track]: 整理部分构建选项内数据到 settings.json start:198.19MB, end 197.50MB, increase: -708.68KB
2025-7-17 11:32:15-debug: 填充脚本数据到 settings.json start, progress: 12%
2025-7-17 11:32:15-debug: // ---- build task 填充脚本数据到 settings.json ----
2025-7-17 11:32:15-debug: // ---- build task 填充脚本数据到 settings.json ---- (1ms)
2025-7-17 11:32:15-log: run build task 填充脚本数据到 settings.json success in 1 ms√, progress: 13%
2025-7-17 11:32:15-debug: 整理部分构建选项内数据到 settings.json start, progress: 13%
2025-7-17 11:32:15-debug: [Build Memory track]: 填充脚本数据到 settings.json start:197.53MB, end 197.55MB, increase: 24.86KB
2025-7-17 11:32:15-debug: // ---- build task 整理部分构建选项内数据到 settings.json ----
2025-7-17 11:32:15-debug: // ---- build task 整理部分构建选项内数据到 settings.json ---- (1ms)
2025-7-17 11:32:15-log: run build task 整理部分构建选项内数据到 settings.json success in 1 ms√, progress: 15%
2025-7-17 11:32:15-debug: [Build Memory track]: 整理部分构建选项内数据到 settings.json start:197.58MB, end 197.70MB, increase: 122.82KB
2025-7-17 11:32:15-debug: Query all assets info in project
2025-7-17 11:32:15-debug: init custom config: keepNodeUuid: false, useCache: true
2025-7-17 11:32:15-debug: Skip compress image, progress: 0%
2025-7-17 11:32:15-debug: Init all bundles start..., progress: 0%
2025-7-17 11:32:15-debug: Num of bundles: 2..., progress: 0%
2025-7-17 11:32:15-debug: Init bundle root assets start..., progress: 0%
2025-7-17 11:32:15-debug: 查询 Asset Bundle start, progress: 0%
2025-7-17 11:32:15-debug: // ---- build task 查询 Asset Bundle ----
2025-7-17 11:32:15-debug: Query preload assets/scripts from cc.config.json: 60f7195c-ec2a-45eb-ba94-8955f60e81d0,1c02ae6f-4492-4915-b8f8-7492a3b1e4cd,810e96e4-e456-4468-9b59-f4e8f39732c0,efe8e2a3-eace-427b-b4f1-cb8a937ec77d,e9aa9a3e-5b2b-4ac7-a2c7-073de2b2b24f,8bbdbcdd-5cd4-4100-b6d5-b7c9625b6107,50f4348b-c883-4e2f-8f11-ce233b859fa1,fda095cb-831d-4601-ad94-846013963de8,f92806d7-1768-443f-afe8-12bcde84d0f0,dd3a144d-ab7f-41f0-82b8-2e43a090d496,f0416e68-0200-4b77-a926-4f9d16e494da,970b0598-bcb0-4714-91fb-2e81440dccd8,bcd64cc6-2dd9-43f6-abbe-66318d332032,d930590d-bb92-4cc8-8bd1-23cd027f9edf,a3cd009f-0ab0-420d-9278-b9fdab939bbc,6a2d0734-bd9e-4ddf-946e-caa52498cb75,c27215d8-6835-4b68-bfbb-bdeac6100c04,b5d6115f-0370-4d7c-aad3-c194cc71cf98,871c3b6c-7379-419d-bda3-794b239ab90d,ff9b0199-ce04-4cfe-86cc-6c719f08d6e4,de1c2107-70c8-4021-8459-6399f24d01c6,cbf30902-517f-40dc-af90-a550bac27cf1
2025-7-17 11:32:15-debug:   Number of other assets: 497
2025-7-17 11:32:15-debug: Init bundle root assets success..., progress: 0%
2025-7-17 11:32:15-debug:   Number of all scenes: 1
2025-7-17 11:32:15-debug:   Number of all scripts: 8
2025-7-17 11:32:15-debug: // ---- build task 查询 Asset Bundle ---- (2ms)
2025-7-17 11:32:15-log: run build task 查询 Asset Bundle success in 2 ms√, progress: 5%
2025-7-17 11:32:15-debug: 查询 Asset Bundle start, progress: 5%
2025-7-17 11:32:15-debug: // ---- build task 查询 Asset Bundle ----
2025-7-17 11:32:15-debug: [Build Memory track]: 查询 Asset Bundle start:198.42MB, end 198.15MB, increase: -280.33KB
2025-7-17 11:32:15-debug: // ---- build task 查询 Asset Bundle ---- (2ms)
2025-7-17 11:32:15-log: run build task 查询 Asset Bundle success in 2 ms√, progress: 10%
2025-7-17 11:32:15-debug: 整理部分构建选项内数据到 settings.json start, progress: 10%
2025-7-17 11:32:15-debug: // ---- build task 整理部分构建选项内数据到 settings.json ----
2025-7-17 11:32:15-debug: [Build Memory track]: 查询 Asset Bundle start:197.87MB, end 197.99MB, increase: 122.76KB
2025-7-17 11:32:15-log: run build task 整理部分构建选项内数据到 settings.json success in √, progress: 12%
2025-7-17 11:32:15-debug: // ---- build task 填充脚本数据到 settings.json ----
2025-7-17 11:32:15-debug: [Build Memory track]: 整理部分构建选项内数据到 settings.json start:198.01MB, end 198.03MB, increase: 15.66KB
2025-7-17 11:32:15-debug: 填充脚本数据到 settings.json start, progress: 12%
2025-7-17 11:32:15-debug: 整理部分构建选项内数据到 settings.json start, progress: 13%
2025-7-17 11:32:15-debug: [Build Memory track]: 填充脚本数据到 settings.json start:198.05MB, end 198.07MB, increase: 17.28KB
2025-7-17 11:32:15-debug: // ---- build task 整理部分构建选项内数据到 settings.json ----
2025-7-17 11:32:15-log: run build task 填充脚本数据到 settings.json success in √, progress: 13%
2025-7-17 11:32:15-debug: // ---- build task 整理部分构建选项内数据到 settings.json ---- (2ms)
2025-7-17 11:32:15-log: run build task 整理部分构建选项内数据到 settings.json success in 2 ms√, progress: 15%
2025-7-17 11:32:15-debug: [Build Memory track]: 整理部分构建选项内数据到 settings.json start:198.09MB, end 198.22MB, increase: 133.59KB
2025-7-17 11:32:22-debug: %cImport%c: /Users/zhao/Desktop/test/cocos-creator/PlaneFight/assets/Scenes/Start.scenebackground: #aaff85; color: #000;color: #000;
2025-7-17 11:32:22-debug: asset-db:reimport-asset2fda4d65-a1e9-4078-8250-de49b04cdc34 (8ms)
2025-7-17 11:32:22-debug: Query all assets info in project
2025-7-17 11:32:22-debug: init custom config: keepNodeUuid: false, useCache: true
2025-7-17 11:32:22-debug: Skip compress image, progress: 0%
2025-7-17 11:32:22-debug: Init all bundles start..., progress: 0%
2025-7-17 11:32:22-debug: Num of bundles: 2..., progress: 0%
2025-7-17 11:32:22-debug: 查询 Asset Bundle start, progress: 0%
2025-7-17 11:32:22-debug: // ---- build task 查询 Asset Bundle ----
2025-7-17 11:32:22-debug: Init bundle root assets start..., progress: 0%
2025-7-17 11:32:22-debug: Query preload assets/scripts from cc.config.json: 60f7195c-ec2a-45eb-ba94-8955f60e81d0,1c02ae6f-4492-4915-b8f8-7492a3b1e4cd,810e96e4-e456-4468-9b59-f4e8f39732c0,efe8e2a3-eace-427b-b4f1-cb8a937ec77d,e9aa9a3e-5b2b-4ac7-a2c7-073de2b2b24f,8bbdbcdd-5cd4-4100-b6d5-b7c9625b6107,50f4348b-c883-4e2f-8f11-ce233b859fa1,fda095cb-831d-4601-ad94-846013963de8,f92806d7-1768-443f-afe8-12bcde84d0f0,dd3a144d-ab7f-41f0-82b8-2e43a090d496,f0416e68-0200-4b77-a926-4f9d16e494da,970b0598-bcb0-4714-91fb-2e81440dccd8,bcd64cc6-2dd9-43f6-abbe-66318d332032,d930590d-bb92-4cc8-8bd1-23cd027f9edf,a3cd009f-0ab0-420d-9278-b9fdab939bbc,6a2d0734-bd9e-4ddf-946e-caa52498cb75,c27215d8-6835-4b68-bfbb-bdeac6100c04,b5d6115f-0370-4d7c-aad3-c194cc71cf98,871c3b6c-7379-419d-bda3-794b239ab90d,ff9b0199-ce04-4cfe-86cc-6c719f08d6e4,de1c2107-70c8-4021-8459-6399f24d01c6,cbf30902-517f-40dc-af90-a550bac27cf1
2025-7-17 11:32:22-debug: Init bundle root assets success..., progress: 0%
2025-7-17 11:32:22-debug:   Number of all scripts: 8
2025-7-17 11:32:22-debug:   Number of other assets: 497
2025-7-17 11:32:22-debug:   Number of all scenes: 1
2025-7-17 11:32:22-debug: // ---- build task 查询 Asset Bundle ---- (2ms)
2025-7-17 11:32:22-debug: 查询 Asset Bundle start, progress: 5%
2025-7-17 11:32:22-debug: // ---- build task 查询 Asset Bundle ----
2025-7-17 11:32:22-log: run build task 查询 Asset Bundle success in 2 ms√, progress: 5%
2025-7-17 11:32:22-debug: [Build Memory track]: 查询 Asset Bundle start:198.01MB, end 197.87MB, increase: -139.33KB
2025-7-17 11:32:22-debug: // ---- build task 查询 Asset Bundle ---- (1ms)
2025-7-17 11:32:22-log: run build task 查询 Asset Bundle success in 1 ms√, progress: 10%
2025-7-17 11:32:22-debug: [Build Memory track]: 查询 Asset Bundle start:197.89MB, end 198.00MB, increase: 106.37KB
2025-7-17 11:32:22-debug: // ---- build task 整理部分构建选项内数据到 settings.json ----
2025-7-17 11:32:22-debug: 整理部分构建选项内数据到 settings.json start, progress: 10%
2025-7-17 11:32:22-debug: // ---- build task 整理部分构建选项内数据到 settings.json ---- (1ms)
2025-7-17 11:32:22-debug: // ---- build task 填充脚本数据到 settings.json ----
2025-7-17 11:32:22-log: run build task 整理部分构建选项内数据到 settings.json success in 1 ms√, progress: 12%
2025-7-17 11:32:22-debug: 填充脚本数据到 settings.json start, progress: 12%
2025-7-17 11:32:22-debug: [Build Memory track]: 整理部分构建选项内数据到 settings.json start:198.02MB, end 198.05MB, increase: 24.32KB
2025-7-17 11:32:22-log: run build task 填充脚本数据到 settings.json success in √, progress: 13%
2025-7-17 11:32:22-debug: [Build Memory track]: 填充脚本数据到 settings.json start:198.07MB, end 198.09MB, increase: 15.65KB
2025-7-17 11:32:22-debug: 整理部分构建选项内数据到 settings.json start, progress: 13%
2025-7-17 11:32:22-debug: // ---- build task 整理部分构建选项内数据到 settings.json ----
2025-7-17 11:32:22-debug: // ---- build task 整理部分构建选项内数据到 settings.json ---- (1ms)
2025-7-17 11:32:22-log: run build task 整理部分构建选项内数据到 settings.json success in 1 ms√, progress: 15%
2025-7-17 11:32:22-debug: [Build Memory track]: 整理部分构建选项内数据到 settings.json start:198.11MB, end 198.24MB, increase: 127.51KB
2025-7-17 11:32:22-debug: Query all assets info in project
2025-7-17 11:32:22-debug: init custom config: keepNodeUuid: false, useCache: true
2025-7-17 11:32:22-debug: Skip compress image, progress: 0%
2025-7-17 11:32:22-debug: Init all bundles start..., progress: 0%
2025-7-17 11:32:22-debug: Num of bundles: 2..., progress: 0%
2025-7-17 11:32:22-debug: 查询 Asset Bundle start, progress: 0%
2025-7-17 11:32:22-debug: // ---- build task 查询 Asset Bundle ----
2025-7-17 11:32:22-debug: Init bundle root assets start..., progress: 0%
2025-7-17 11:32:22-debug: Query preload assets/scripts from cc.config.json: 60f7195c-ec2a-45eb-ba94-8955f60e81d0,1c02ae6f-4492-4915-b8f8-7492a3b1e4cd,810e96e4-e456-4468-9b59-f4e8f39732c0,efe8e2a3-eace-427b-b4f1-cb8a937ec77d,e9aa9a3e-5b2b-4ac7-a2c7-073de2b2b24f,8bbdbcdd-5cd4-4100-b6d5-b7c9625b6107,50f4348b-c883-4e2f-8f11-ce233b859fa1,fda095cb-831d-4601-ad94-846013963de8,f92806d7-1768-443f-afe8-12bcde84d0f0,dd3a144d-ab7f-41f0-82b8-2e43a090d496,f0416e68-0200-4b77-a926-4f9d16e494da,970b0598-bcb0-4714-91fb-2e81440dccd8,bcd64cc6-2dd9-43f6-abbe-66318d332032,d930590d-bb92-4cc8-8bd1-23cd027f9edf,a3cd009f-0ab0-420d-9278-b9fdab939bbc,6a2d0734-bd9e-4ddf-946e-caa52498cb75,c27215d8-6835-4b68-bfbb-bdeac6100c04,b5d6115f-0370-4d7c-aad3-c194cc71cf98,871c3b6c-7379-419d-bda3-794b239ab90d,ff9b0199-ce04-4cfe-86cc-6c719f08d6e4,de1c2107-70c8-4021-8459-6399f24d01c6,cbf30902-517f-40dc-af90-a550bac27cf1
2025-7-17 11:32:22-debug: Init bundle root assets success..., progress: 0%
2025-7-17 11:32:22-debug:   Number of all scripts: 8
2025-7-17 11:32:22-debug:   Number of other assets: 497
2025-7-17 11:32:22-debug:   Number of all scenes: 1
2025-7-17 11:32:22-debug: // ---- build task 查询 Asset Bundle ---- (3ms)
2025-7-17 11:32:22-debug: [Build Memory track]: 查询 Asset Bundle start:198.58MB, end 198.33MB, increase: -261.05KB
2025-7-17 11:32:22-log: run build task 查询 Asset Bundle success in 3 ms√, progress: 5%
2025-7-17 11:32:22-debug: 查询 Asset Bundle start, progress: 5%
2025-7-17 11:32:22-debug: // ---- build task 查询 Asset Bundle ----
2025-7-17 11:32:22-debug: // ---- build task 查询 Asset Bundle ---- (2ms)
2025-7-17 11:32:22-log: run build task 查询 Asset Bundle success in 2 ms√, progress: 10%
2025-7-17 11:32:22-debug: 整理部分构建选项内数据到 settings.json start, progress: 10%
2025-7-17 11:32:22-debug: // ---- build task 整理部分构建选项内数据到 settings.json ----
2025-7-17 11:32:22-debug: [Build Memory track]: 查询 Asset Bundle start:198.35MB, end 198.46MB, increase: 106.46KB
2025-7-17 11:32:22-log: run build task 整理部分构建选项内数据到 settings.json success in √, progress: 12%
2025-7-17 11:32:22-debug: [Build Memory track]: 整理部分构建选项内数据到 settings.json start:198.48MB, end 198.50MB, increase: 16.20KB
2025-7-17 11:32:22-debug: 填充脚本数据到 settings.json start, progress: 12%
2025-7-17 11:32:22-debug: // ---- build task 填充脚本数据到 settings.json ----
2025-7-17 11:32:22-log: run build task 填充脚本数据到 settings.json success in √, progress: 13%
2025-7-17 11:32:22-debug: [Build Memory track]: 填充脚本数据到 settings.json start:198.52MB, end 198.54MB, increase: 14.74KB
2025-7-17 11:32:22-debug: 整理部分构建选项内数据到 settings.json start, progress: 13%
2025-7-17 11:32:22-debug: // ---- build task 整理部分构建选项内数据到 settings.json ----
2025-7-17 11:32:22-debug: // ---- build task 整理部分构建选项内数据到 settings.json ---- (2ms)
2025-7-17 11:32:22-debug: [Build Memory track]: 整理部分构建选项内数据到 settings.json start:198.56MB, end 198.69MB, increase: 133.59KB
2025-7-17 11:32:22-log: run build task 整理部分构建选项内数据到 settings.json success in 2 ms√, progress: 15%
2025-7-17 11:32:26-debug: %cImport%c: /Users/zhao/Desktop/test/cocos-creator/PlaneFight/assets/Scenes/Start.scenebackground: #aaff85; color: #000;color: #000;
2025-7-17 11:32:26-debug: asset-db:reimport-asset2fda4d65-a1e9-4078-8250-de49b04cdc34 (3ms)
2025-7-17 11:32:26-debug: %cImport%c: /Users/zhao/Desktop/test/cocos-creator/PlaneFight/assets/Scenes/Start.scenebackground: #aaff85; color: #000;color: #000;
2025-7-17 11:32:26-debug: asset-db:reimport-asset2fda4d65-a1e9-4078-8250-de49b04cdc34 (5ms)
2025-7-17 11:32:27-debug: Query all assets info in project
2025-7-17 11:32:27-debug: init custom config: keepNodeUuid: false, useCache: true
2025-7-17 11:32:27-debug: Skip compress image, progress: 0%
2025-7-17 11:32:27-debug: Init all bundles start..., progress: 0%
2025-7-17 11:32:27-debug: Num of bundles: 2..., progress: 0%
2025-7-17 11:32:27-debug: Init bundle root assets start..., progress: 0%
2025-7-17 11:32:27-debug: 查询 Asset Bundle start, progress: 0%
2025-7-17 11:32:27-debug: // ---- build task 查询 Asset Bundle ----
2025-7-17 11:32:27-debug: Query preload assets/scripts from cc.config.json: 60f7195c-ec2a-45eb-ba94-8955f60e81d0,1c02ae6f-4492-4915-b8f8-7492a3b1e4cd,810e96e4-e456-4468-9b59-f4e8f39732c0,efe8e2a3-eace-427b-b4f1-cb8a937ec77d,e9aa9a3e-5b2b-4ac7-a2c7-073de2b2b24f,8bbdbcdd-5cd4-4100-b6d5-b7c9625b6107,50f4348b-c883-4e2f-8f11-ce233b859fa1,fda095cb-831d-4601-ad94-846013963de8,f92806d7-1768-443f-afe8-12bcde84d0f0,dd3a144d-ab7f-41f0-82b8-2e43a090d496,f0416e68-0200-4b77-a926-4f9d16e494da,970b0598-bcb0-4714-91fb-2e81440dccd8,bcd64cc6-2dd9-43f6-abbe-66318d332032,d930590d-bb92-4cc8-8bd1-23cd027f9edf,a3cd009f-0ab0-420d-9278-b9fdab939bbc,6a2d0734-bd9e-4ddf-946e-caa52498cb75,c27215d8-6835-4b68-bfbb-bdeac6100c04,b5d6115f-0370-4d7c-aad3-c194cc71cf98,871c3b6c-7379-419d-bda3-794b239ab90d,ff9b0199-ce04-4cfe-86cc-6c719f08d6e4,de1c2107-70c8-4021-8459-6399f24d01c6,cbf30902-517f-40dc-af90-a550bac27cf1
2025-7-17 11:32:27-debug: Init bundle root assets success..., progress: 0%
2025-7-17 11:32:27-debug:   Number of all scenes: 1
2025-7-17 11:32:27-debug:   Number of all scripts: 8
2025-7-17 11:32:27-debug:   Number of other assets: 497
2025-7-17 11:32:27-debug: // ---- build task 查询 Asset Bundle ---- (2ms)
2025-7-17 11:32:27-log: run build task 查询 Asset Bundle success in 2 ms√, progress: 5%
2025-7-17 11:32:27-debug: // ---- build task 查询 Asset Bundle ----
2025-7-17 11:32:27-debug: 查询 Asset Bundle start, progress: 5%
2025-7-17 11:32:27-debug: [Build Memory track]: 查询 Asset Bundle start:198.52MB, end 198.34MB, increase: -180.82KB
2025-7-17 11:32:27-debug: // ---- build task 查询 Asset Bundle ---- (1ms)
2025-7-17 11:32:27-debug: // ---- build task 整理部分构建选项内数据到 settings.json ----
2025-7-17 11:32:27-debug: [Build Memory track]: 查询 Asset Bundle start:198.37MB, end 198.47MB, increase: 107.93KB
2025-7-17 11:32:27-debug: 整理部分构建选项内数据到 settings.json start, progress: 10%
2025-7-17 11:32:27-log: run build task 查询 Asset Bundle success in 1 ms√, progress: 10%
2025-7-17 11:32:27-log: run build task 整理部分构建选项内数据到 settings.json success in √, progress: 12%
2025-7-17 11:32:27-debug: // ---- build task 填充脚本数据到 settings.json ----
2025-7-17 11:32:27-debug: [Build Memory track]: 整理部分构建选项内数据到 settings.json start:198.50MB, end 198.51MB, increase: 16.04KB
2025-7-17 11:32:27-debug: 填充脚本数据到 settings.json start, progress: 12%
2025-7-17 11:32:27-debug: [Build Memory track]: 填充脚本数据到 settings.json start:198.54MB, end 198.55MB, increase: 15.13KB
2025-7-17 11:32:27-debug: 整理部分构建选项内数据到 settings.json start, progress: 13%
2025-7-17 11:32:27-log: run build task 填充脚本数据到 settings.json success in √, progress: 13%
2025-7-17 11:32:27-debug: // ---- build task 整理部分构建选项内数据到 settings.json ----
2025-7-17 11:32:27-debug: // ---- build task 整理部分构建选项内数据到 settings.json ---- (2ms)
2025-7-17 11:32:27-debug: [Build Memory track]: 整理部分构建选项内数据到 settings.json start:198.58MB, end 198.71MB, increase: 135.43KB
2025-7-17 11:32:27-log: run build task 整理部分构建选项内数据到 settings.json success in 2 ms√, progress: 15%
2025-7-17 11:32:27-debug: Query all assets info in project
2025-7-17 11:32:27-debug: init custom config: keepNodeUuid: false, useCache: true
2025-7-17 11:32:27-debug: Skip compress image, progress: 0%
2025-7-17 11:32:27-debug: Init all bundles start..., progress: 0%
2025-7-17 11:32:27-debug: // ---- build task 查询 Asset Bundle ----
2025-7-17 11:32:27-debug: 查询 Asset Bundle start, progress: 0%
2025-7-17 11:32:27-debug: Init bundle root assets start..., progress: 0%
2025-7-17 11:32:27-debug: Num of bundles: 2..., progress: 0%
2025-7-17 11:32:27-debug: Query preload assets/scripts from cc.config.json: 60f7195c-ec2a-45eb-ba94-8955f60e81d0,1c02ae6f-4492-4915-b8f8-7492a3b1e4cd,810e96e4-e456-4468-9b59-f4e8f39732c0,efe8e2a3-eace-427b-b4f1-cb8a937ec77d,e9aa9a3e-5b2b-4ac7-a2c7-073de2b2b24f,8bbdbcdd-5cd4-4100-b6d5-b7c9625b6107,50f4348b-c883-4e2f-8f11-ce233b859fa1,fda095cb-831d-4601-ad94-846013963de8,f92806d7-1768-443f-afe8-12bcde84d0f0,dd3a144d-ab7f-41f0-82b8-2e43a090d496,f0416e68-0200-4b77-a926-4f9d16e494da,970b0598-bcb0-4714-91fb-2e81440dccd8,bcd64cc6-2dd9-43f6-abbe-66318d332032,d930590d-bb92-4cc8-8bd1-23cd027f9edf,a3cd009f-0ab0-420d-9278-b9fdab939bbc,6a2d0734-bd9e-4ddf-946e-caa52498cb75,c27215d8-6835-4b68-bfbb-bdeac6100c04,b5d6115f-0370-4d7c-aad3-c194cc71cf98,871c3b6c-7379-419d-bda3-794b239ab90d,ff9b0199-ce04-4cfe-86cc-6c719f08d6e4,de1c2107-70c8-4021-8459-6399f24d01c6,cbf30902-517f-40dc-af90-a550bac27cf1
2025-7-17 11:32:27-debug:   Number of all scenes: 1
2025-7-17 11:32:27-debug: Init bundle root assets success..., progress: 0%
2025-7-17 11:32:27-debug:   Number of all scripts: 8
2025-7-17 11:32:27-debug:   Number of other assets: 497
2025-7-17 11:32:27-debug: // ---- build task 查询 Asset Bundle ---- (3ms)
2025-7-17 11:32:27-log: run build task 查询 Asset Bundle success in 3 ms√, progress: 5%
2025-7-17 11:32:27-debug: 查询 Asset Bundle start, progress: 5%
2025-7-17 11:32:27-debug: // ---- build task 查询 Asset Bundle ----
2025-7-17 11:32:27-debug: [Build Memory track]: 查询 Asset Bundle start:198.35MB, end 198.99MB, increase: 656.65KB
2025-7-17 11:32:27-log: run build task 查询 Asset Bundle success in 3 ms√, progress: 10%
2025-7-17 11:32:27-debug: // ---- build task 查询 Asset Bundle ---- (3ms)
2025-7-17 11:32:27-debug: [Build Memory track]: 查询 Asset Bundle start:199.01MB, end 198.32MB, increase: -704.80KB
2025-7-17 11:32:27-debug: 整理部分构建选项内数据到 settings.json start, progress: 10%
2025-7-17 11:32:27-debug: // ---- build task 整理部分构建选项内数据到 settings.json ----
2025-7-17 11:32:27-debug: // ---- build task 整理部分构建选项内数据到 settings.json ---- (1ms)
2025-7-17 11:32:27-debug: // ---- build task 填充脚本数据到 settings.json ----
2025-7-17 11:32:27-debug: [Build Memory track]: 整理部分构建选项内数据到 settings.json start:198.35MB, end 198.37MB, increase: 24.25KB
2025-7-17 11:32:27-debug: 填充脚本数据到 settings.json start, progress: 12%
2025-7-17 11:32:27-log: run build task 整理部分构建选项内数据到 settings.json success in 1 ms√, progress: 12%
2025-7-17 11:32:27-debug: [Build Memory track]: 填充脚本数据到 settings.json start:198.40MB, end 198.41MB, increase: 14.76KB
2025-7-17 11:32:27-log: run build task 填充脚本数据到 settings.json success in √, progress: 13%
2025-7-17 11:32:27-debug: 整理部分构建选项内数据到 settings.json start, progress: 13%
2025-7-17 11:32:27-debug: // ---- build task 整理部分构建选项内数据到 settings.json ----
2025-7-17 11:32:27-debug: // ---- build task 整理部分构建选项内数据到 settings.json ---- (2ms)
2025-7-17 11:32:27-log: run build task 整理部分构建选项内数据到 settings.json success in 2 ms√, progress: 15%
2025-7-17 11:32:27-debug: [Build Memory track]: 整理部分构建选项内数据到 settings.json start:198.44MB, end 198.57MB, increase: 136.89KB
2025-7-17 11:32:27-debug: Query all assets info in project
2025-7-17 11:32:27-debug: Skip compress image, progress: 0%
2025-7-17 11:32:27-debug: init custom config: keepNodeUuid: false, useCache: true
2025-7-17 11:32:27-debug: Init all bundles start..., progress: 0%
2025-7-17 11:32:27-debug: 查询 Asset Bundle start, progress: 0%
2025-7-17 11:32:27-debug: Num of bundles: 2..., progress: 0%
2025-7-17 11:32:27-debug: Init bundle root assets start..., progress: 0%
2025-7-17 11:32:27-debug: // ---- build task 查询 Asset Bundle ----
2025-7-17 11:32:27-debug: Query preload assets/scripts from cc.config.json: 60f7195c-ec2a-45eb-ba94-8955f60e81d0,1c02ae6f-4492-4915-b8f8-7492a3b1e4cd,810e96e4-e456-4468-9b59-f4e8f39732c0,efe8e2a3-eace-427b-b4f1-cb8a937ec77d,e9aa9a3e-5b2b-4ac7-a2c7-073de2b2b24f,8bbdbcdd-5cd4-4100-b6d5-b7c9625b6107,50f4348b-c883-4e2f-8f11-ce233b859fa1,fda095cb-831d-4601-ad94-846013963de8,f92806d7-1768-443f-afe8-12bcde84d0f0,dd3a144d-ab7f-41f0-82b8-2e43a090d496,f0416e68-0200-4b77-a926-4f9d16e494da,970b0598-bcb0-4714-91fb-2e81440dccd8,bcd64cc6-2dd9-43f6-abbe-66318d332032,d930590d-bb92-4cc8-8bd1-23cd027f9edf,a3cd009f-0ab0-420d-9278-b9fdab939bbc,6a2d0734-bd9e-4ddf-946e-caa52498cb75,c27215d8-6835-4b68-bfbb-bdeac6100c04,b5d6115f-0370-4d7c-aad3-c194cc71cf98,871c3b6c-7379-419d-bda3-794b239ab90d,ff9b0199-ce04-4cfe-86cc-6c719f08d6e4,de1c2107-70c8-4021-8459-6399f24d01c6,cbf30902-517f-40dc-af90-a550bac27cf1
2025-7-17 11:32:27-debug: Init bundle root assets success..., progress: 0%
2025-7-17 11:32:27-debug:   Number of all scripts: 8
2025-7-17 11:32:27-debug:   Number of other assets: 497
2025-7-17 11:32:27-debug:   Number of all scenes: 1
2025-7-17 11:32:27-debug: // ---- build task 查询 Asset Bundle ---- (2ms)
2025-7-17 11:32:27-debug: [Build Memory track]: 查询 Asset Bundle start:198.70MB, end 198.71MB, increase: 12.72KB
2025-7-17 11:32:27-debug: // ---- build task 查询 Asset Bundle ----
2025-7-17 11:32:27-log: run build task 查询 Asset Bundle success in 2 ms√, progress: 5%
2025-7-17 11:32:27-debug: 查询 Asset Bundle start, progress: 5%
2025-7-17 11:32:27-debug: // ---- build task 查询 Asset Bundle ---- (1ms)
2025-7-17 11:32:27-debug: // ---- build task 整理部分构建选项内数据到 settings.json ----
2025-7-17 11:32:27-log: run build task 查询 Asset Bundle success in 1 ms√, progress: 10%
2025-7-17 11:32:27-debug: 整理部分构建选项内数据到 settings.json start, progress: 10%
2025-7-17 11:32:27-debug: [Build Memory track]: 查询 Asset Bundle start:198.74MB, end 198.63MB, increase: -106.89KB
2025-7-17 11:32:27-log: run build task 整理部分构建选项内数据到 settings.json success in √, progress: 12%
2025-7-17 11:32:27-debug: [Build Memory track]: 整理部分构建选项内数据到 settings.json start:198.66MB, end 198.68MB, increase: 16.23KB
2025-7-17 11:32:27-debug: 填充脚本数据到 settings.json start, progress: 12%
2025-7-17 11:32:27-debug: // ---- build task 填充脚本数据到 settings.json ----
2025-7-17 11:32:27-log: run build task 填充脚本数据到 settings.json success in √, progress: 13%
2025-7-17 11:32:27-debug: 整理部分构建选项内数据到 settings.json start, progress: 13%
2025-7-17 11:32:27-debug: [Build Memory track]: 填充脚本数据到 settings.json start:198.70MB, end 198.72MB, increase: 17.55KB
2025-7-17 11:32:27-debug: // ---- build task 整理部分构建选项内数据到 settings.json ----
2025-7-17 11:32:27-debug: // ---- build task 整理部分构建选项内数据到 settings.json ---- (1ms)
2025-7-17 11:32:27-log: run build task 整理部分构建选项内数据到 settings.json success in 1 ms√, progress: 15%
2025-7-17 11:32:27-debug: [Build Memory track]: 整理部分构建选项内数据到 settings.json start:198.74MB, end 198.86MB, increase: 122.23KB
2025-7-17 11:32:27-debug: Query all assets info in project
2025-7-17 11:32:27-debug: init custom config: keepNodeUuid: false, useCache: true
2025-7-17 11:32:27-debug: Skip compress image, progress: 0%
2025-7-17 11:32:27-debug: Init all bundles start..., progress: 0%
2025-7-17 11:32:27-debug: Num of bundles: 2..., progress: 0%
2025-7-17 11:32:27-debug: 查询 Asset Bundle start, progress: 0%
2025-7-17 11:32:27-debug: // ---- build task 查询 Asset Bundle ----
2025-7-17 11:32:27-debug: Init bundle root assets start..., progress: 0%
2025-7-17 11:32:27-debug: Query preload assets/scripts from cc.config.json: 60f7195c-ec2a-45eb-ba94-8955f60e81d0,1c02ae6f-4492-4915-b8f8-7492a3b1e4cd,810e96e4-e456-4468-9b59-f4e8f39732c0,efe8e2a3-eace-427b-b4f1-cb8a937ec77d,e9aa9a3e-5b2b-4ac7-a2c7-073de2b2b24f,8bbdbcdd-5cd4-4100-b6d5-b7c9625b6107,50f4348b-c883-4e2f-8f11-ce233b859fa1,fda095cb-831d-4601-ad94-846013963de8,f92806d7-1768-443f-afe8-12bcde84d0f0,dd3a144d-ab7f-41f0-82b8-2e43a090d496,f0416e68-0200-4b77-a926-4f9d16e494da,970b0598-bcb0-4714-91fb-2e81440dccd8,bcd64cc6-2dd9-43f6-abbe-66318d332032,d930590d-bb92-4cc8-8bd1-23cd027f9edf,a3cd009f-0ab0-420d-9278-b9fdab939bbc,6a2d0734-bd9e-4ddf-946e-caa52498cb75,c27215d8-6835-4b68-bfbb-bdeac6100c04,b5d6115f-0370-4d7c-aad3-c194cc71cf98,871c3b6c-7379-419d-bda3-794b239ab90d,ff9b0199-ce04-4cfe-86cc-6c719f08d6e4,de1c2107-70c8-4021-8459-6399f24d01c6,cbf30902-517f-40dc-af90-a550bac27cf1
2025-7-17 11:32:27-debug: Init bundle root assets success..., progress: 0%
2025-7-17 11:32:27-debug:   Number of all scripts: 8
2025-7-17 11:32:27-debug:   Number of all scenes: 1
2025-7-17 11:32:27-debug:   Number of other assets: 497
2025-7-17 11:32:27-debug: // ---- build task 查询 Asset Bundle ---- (2ms)
2025-7-17 11:32:27-debug: [Build Memory track]: 查询 Asset Bundle start:199.22MB, end 199.31MB, increase: 95.09KB
2025-7-17 11:32:27-log: run build task 查询 Asset Bundle success in 2 ms√, progress: 5%
2025-7-17 11:32:27-debug: 查询 Asset Bundle start, progress: 5%
2025-7-17 11:32:27-debug: // ---- build task 查询 Asset Bundle ----
2025-7-17 11:32:27-debug: // ---- build task 查询 Asset Bundle ---- (1ms)
2025-7-17 11:32:27-log: run build task 查询 Asset Bundle success in 1 ms√, progress: 10%
2025-7-17 11:32:27-debug: [Build Memory track]: 查询 Asset Bundle start:199.13MB, end 199.23MB, increase: 106.35KB
2025-7-17 11:32:27-debug: 整理部分构建选项内数据到 settings.json start, progress: 10%
2025-7-17 11:32:27-debug: // ---- build task 整理部分构建选项内数据到 settings.json ---- (1ms)
2025-7-17 11:32:27-log: run build task 整理部分构建选项内数据到 settings.json success in 1 ms√, progress: 12%
2025-7-17 11:32:27-debug: 填充脚本数据到 settings.json start, progress: 12%
2025-7-17 11:32:27-debug: // ---- build task 整理部分构建选项内数据到 settings.json ----
2025-7-17 11:32:27-debug: [Build Memory track]: 整理部分构建选项内数据到 settings.json start:199.26MB, end 198.54MB, increase: -735.14KB
2025-7-17 11:32:27-debug: // ---- build task 填充脚本数据到 settings.json ----
2025-7-17 11:32:27-log: run build task 填充脚本数据到 settings.json success in √, progress: 13%
2025-7-17 11:32:27-debug: [Build Memory track]: 填充脚本数据到 settings.json start:198.56MB, end 198.58MB, increase: 18.32KB
2025-7-17 11:32:27-debug: 整理部分构建选项内数据到 settings.json start, progress: 13%
2025-7-17 11:32:27-debug: // ---- build task 整理部分构建选项内数据到 settings.json ----
2025-7-17 11:32:27-debug: // ---- build task 整理部分构建选项内数据到 settings.json ---- (1ms)
2025-7-17 11:32:27-debug: [Build Memory track]: 整理部分构建选项内数据到 settings.json start:198.60MB, end 198.72MB, increase: 121.96KB
2025-7-17 11:32:27-log: run build task 整理部分构建选项内数据到 settings.json success in 1 ms√, progress: 15%
2025-7-17 11:32:29-debug: start refresh asset from /Users/zhao/Desktop/test/cocos-creator/PlaneFight/assets/Prefabs/enemy1.prefab...
2025-7-17 11:32:29-debug: %cImport%c: /Users/zhao/Desktop/test/cocos-creator/PlaneFight/assets/Prefabs/enemy1.prefabbackground: #aaff85; color: #000;color: #000;
2025-7-17 11:32:29-debug: refresh asset /Users/zhao/Desktop/test/cocos-creator/PlaneFight/assets/Prefabs success
2025-7-17 11:32:29-debug: %cImport%c: /Users/zhao/Desktop/test/cocos-creator/PlaneFight/assets/Prefabsbackground: #aaff85; color: #000;color: #000;
2025-7-17 11:32:41-debug: %cImport%c: /Users/zhao/Desktop/test/cocos-creator/PlaneFight/assets/Prefabs/enemy1.prefabbackground: #aaff85; color: #000;color: #000;
2025-7-17 11:32:41-debug: asset-db:reimport-asset74b22468-4570-4af7-b957-72b163a29c91 (4ms)
2025-7-17 11:33:32-debug: refresh db internal success
2025-7-17 11:33:32-debug: refresh db assets success
2025-7-17 11:33:32-debug: Run asset db hook engine-extends:afterRefresh ...
2025-7-17 11:33:32-debug: Run asset db hook engine-extends:afterRefresh success!
2025-7-17 11:33:32-debug: asset-db:refresh-all-database (43ms)
2025-7-17 11:33:32-debug: asset-db-hook-engine-extends-afterRefresh (1ms)
2025-7-17 11:33:44-debug: %cImport%c: /Users/zhao/Desktop/test/cocos-creator/PlaneFight/assets/Scenes/Start.scenebackground: #aaff85; color: #000;color: #000;
2025-7-17 11:33:44-debug: asset-db:reimport-asset2fda4d65-a1e9-4078-8250-de49b04cdc34 (11ms)
2025-7-17 11:33:45-debug: Query all assets info in project
2025-7-17 11:33:45-debug: init custom config: keepNodeUuid: false, useCache: true
2025-7-17 11:33:45-debug: Skip compress image, progress: 0%
2025-7-17 11:33:45-debug: Init all bundles start..., progress: 0%
2025-7-17 11:33:45-debug: Num of bundles: 2..., progress: 0%
2025-7-17 11:33:45-debug: 查询 Asset Bundle start, progress: 0%
2025-7-17 11:33:45-debug: // ---- build task 查询 Asset Bundle ----
2025-7-17 11:33:45-debug: Init bundle root assets start..., progress: 0%
2025-7-17 11:33:45-debug: Query preload assets/scripts from cc.config.json: 60f7195c-ec2a-45eb-ba94-8955f60e81d0,1c02ae6f-4492-4915-b8f8-7492a3b1e4cd,810e96e4-e456-4468-9b59-f4e8f39732c0,efe8e2a3-eace-427b-b4f1-cb8a937ec77d,e9aa9a3e-5b2b-4ac7-a2c7-073de2b2b24f,8bbdbcdd-5cd4-4100-b6d5-b7c9625b6107,50f4348b-c883-4e2f-8f11-ce233b859fa1,fda095cb-831d-4601-ad94-846013963de8,f92806d7-1768-443f-afe8-12bcde84d0f0,dd3a144d-ab7f-41f0-82b8-2e43a090d496,f0416e68-0200-4b77-a926-4f9d16e494da,970b0598-bcb0-4714-91fb-2e81440dccd8,bcd64cc6-2dd9-43f6-abbe-66318d332032,d930590d-bb92-4cc8-8bd1-23cd027f9edf,a3cd009f-0ab0-420d-9278-b9fdab939bbc,6a2d0734-bd9e-4ddf-946e-caa52498cb75,c27215d8-6835-4b68-bfbb-bdeac6100c04,b5d6115f-0370-4d7c-aad3-c194cc71cf98,871c3b6c-7379-419d-bda3-794b239ab90d,ff9b0199-ce04-4cfe-86cc-6c719f08d6e4,de1c2107-70c8-4021-8459-6399f24d01c6,cbf30902-517f-40dc-af90-a550bac27cf1
2025-7-17 11:33:45-debug: Init bundle root assets success..., progress: 0%
2025-7-17 11:33:45-debug:   Number of all scripts: 8
2025-7-17 11:33:45-debug:   Number of other assets: 498
2025-7-17 11:33:45-debug:   Number of all scenes: 1
2025-7-17 11:33:45-debug: // ---- build task 查询 Asset Bundle ---- (3ms)
2025-7-17 11:33:45-debug: [Build Memory track]: 查询 Asset Bundle start:200.29MB, end 200.60MB, increase: 323.70KB
2025-7-17 11:33:45-debug: 查询 Asset Bundle start, progress: 5%
2025-7-17 11:33:45-log: run build task 查询 Asset Bundle success in 3 ms√, progress: 5%
2025-7-17 11:33:45-debug: // ---- build task 查询 Asset Bundle ----
2025-7-17 11:33:45-debug: // ---- build task 查询 Asset Bundle ---- (1ms)
2025-7-17 11:33:45-log: run build task 查询 Asset Bundle success in 1 ms√, progress: 10%
2025-7-17 11:33:45-debug: [Build Memory track]: 查询 Asset Bundle start:200.08MB, end 200.18MB, increase: 106.13KB
2025-7-17 11:33:45-debug: 整理部分构建选项内数据到 settings.json start, progress: 10%
2025-7-17 11:33:45-debug: // ---- build task 整理部分构建选项内数据到 settings.json ----
2025-7-17 11:33:45-log: run build task 整理部分构建选项内数据到 settings.json success in √, progress: 12%
2025-7-17 11:33:45-debug: [Build Memory track]: 整理部分构建选项内数据到 settings.json start:200.21MB, end 200.22MB, increase: 16.00KB
2025-7-17 11:33:45-debug: // ---- build task 填充脚本数据到 settings.json ----
2025-7-17 11:33:45-debug: 填充脚本数据到 settings.json start, progress: 12%
2025-7-17 11:33:45-log: run build task 填充脚本数据到 settings.json success in √, progress: 13%
2025-7-17 11:33:45-debug: 整理部分构建选项内数据到 settings.json start, progress: 13%
2025-7-17 11:33:45-debug: [Build Memory track]: 填充脚本数据到 settings.json start:200.25MB, end 200.26MB, increase: 15.17KB
2025-7-17 11:33:45-debug: // ---- build task 整理部分构建选项内数据到 settings.json ----
2025-7-17 11:33:45-log: run build task 整理部分构建选项内数据到 settings.json success in 1 ms√, progress: 15%
2025-7-17 11:33:45-debug: // ---- build task 整理部分构建选项内数据到 settings.json ---- (1ms)
2025-7-17 11:33:45-debug: [Build Memory track]: 整理部分构建选项内数据到 settings.json start:200.29MB, end 200.41MB, increase: 128.81KB
2025-7-17 11:33:45-debug: Query all assets info in project
2025-7-17 11:33:45-debug: init custom config: keepNodeUuid: false, useCache: true
2025-7-17 11:33:45-debug: Skip compress image, progress: 0%
2025-7-17 11:33:45-debug: Init all bundles start..., progress: 0%
2025-7-17 11:33:45-debug: // ---- build task 查询 Asset Bundle ----
2025-7-17 11:33:45-debug: 查询 Asset Bundle start, progress: 0%
2025-7-17 11:33:45-debug: Init bundle root assets start..., progress: 0%
2025-7-17 11:33:45-debug: Num of bundles: 2..., progress: 0%
2025-7-17 11:33:45-debug: Query preload assets/scripts from cc.config.json: 60f7195c-ec2a-45eb-ba94-8955f60e81d0,1c02ae6f-4492-4915-b8f8-7492a3b1e4cd,810e96e4-e456-4468-9b59-f4e8f39732c0,efe8e2a3-eace-427b-b4f1-cb8a937ec77d,e9aa9a3e-5b2b-4ac7-a2c7-073de2b2b24f,8bbdbcdd-5cd4-4100-b6d5-b7c9625b6107,50f4348b-c883-4e2f-8f11-ce233b859fa1,fda095cb-831d-4601-ad94-846013963de8,f92806d7-1768-443f-afe8-12bcde84d0f0,dd3a144d-ab7f-41f0-82b8-2e43a090d496,f0416e68-0200-4b77-a926-4f9d16e494da,970b0598-bcb0-4714-91fb-2e81440dccd8,bcd64cc6-2dd9-43f6-abbe-66318d332032,d930590d-bb92-4cc8-8bd1-23cd027f9edf,a3cd009f-0ab0-420d-9278-b9fdab939bbc,6a2d0734-bd9e-4ddf-946e-caa52498cb75,c27215d8-6835-4b68-bfbb-bdeac6100c04,b5d6115f-0370-4d7c-aad3-c194cc71cf98,871c3b6c-7379-419d-bda3-794b239ab90d,ff9b0199-ce04-4cfe-86cc-6c719f08d6e4,de1c2107-70c8-4021-8459-6399f24d01c6,cbf30902-517f-40dc-af90-a550bac27cf1
2025-7-17 11:33:45-debug:   Number of all scripts: 8
2025-7-17 11:33:45-debug:   Number of all scenes: 1
2025-7-17 11:33:45-debug:   Number of other assets: 498
2025-7-17 11:33:45-debug: Init bundle root assets success..., progress: 0%
2025-7-17 11:33:45-debug: // ---- build task 查询 Asset Bundle ---- (2ms)
2025-7-17 11:33:45-debug: [Build Memory track]: 查询 Asset Bundle start:200.03MB, end 200.65MB, increase: 633.04KB
2025-7-17 11:33:45-log: run build task 查询 Asset Bundle success in 2 ms√, progress: 5%
2025-7-17 11:33:45-debug: 查询 Asset Bundle start, progress: 5%
2025-7-17 11:33:45-debug: // ---- build task 查询 Asset Bundle ----
2025-7-17 11:33:45-log: run build task 查询 Asset Bundle success in √, progress: 10%
2025-7-17 11:33:45-debug: 整理部分构建选项内数据到 settings.json start, progress: 10%
2025-7-17 11:33:45-debug: [Build Memory track]: 查询 Asset Bundle start:200.68MB, end 199.99MB, increase: -701.38KB
2025-7-17 11:33:45-debug: // ---- build task 整理部分构建选项内数据到 settings.json ----
2025-7-17 11:33:45-log: run build task 整理部分构建选项内数据到 settings.json success in √, progress: 12%
2025-7-17 11:33:45-debug: [Build Memory track]: 整理部分构建选项内数据到 settings.json start:200.02MB, end 200.03MB, increase: 15.01KB
2025-7-17 11:33:45-debug: 填充脚本数据到 settings.json start, progress: 12%
2025-7-17 11:33:45-debug: // ---- build task 填充脚本数据到 settings.json ----
2025-7-17 11:33:45-debug: [Build Memory track]: 填充脚本数据到 settings.json start:200.06MB, end 200.07MB, increase: 14.70KB
2025-7-17 11:33:45-debug: 整理部分构建选项内数据到 settings.json start, progress: 13%
2025-7-17 11:33:45-log: run build task 填充脚本数据到 settings.json success in √, progress: 13%
2025-7-17 11:33:45-debug: // ---- build task 整理部分构建选项内数据到 settings.json ----
2025-7-17 11:33:45-debug: // ---- build task 整理部分构建选项内数据到 settings.json ---- (1ms)
2025-7-17 11:33:45-log: run build task 整理部分构建选项内数据到 settings.json success in 1 ms√, progress: 15%
2025-7-17 11:33:45-debug: [Build Memory track]: 整理部分构建选项内数据到 settings.json start:200.09MB, end 200.22MB, increase: 128.37KB
2025-7-17 11:33:47-debug: %cImport%c: /Users/zhao/Desktop/test/cocos-creator/PlaneFight/assets/Scenes/Start.scenebackground: #aaff85; color: #000;color: #000;
2025-7-17 11:33:47-debug: asset-db:reimport-asset2fda4d65-a1e9-4078-8250-de49b04cdc34 (3ms)
2025-7-17 11:33:47-debug: Query all assets info in project
2025-7-17 11:33:47-debug: init custom config: keepNodeUuid: false, useCache: true
2025-7-17 11:33:47-debug: Skip compress image, progress: 0%
2025-7-17 11:33:47-debug: Init all bundles start..., progress: 0%
2025-7-17 11:33:47-debug: 查询 Asset Bundle start, progress: 0%
2025-7-17 11:33:47-debug: // ---- build task 查询 Asset Bundle ----
2025-7-17 11:33:47-debug: Num of bundles: 2..., progress: 0%
2025-7-17 11:33:47-debug: Init bundle root assets start..., progress: 0%
2025-7-17 11:33:47-debug: Query preload assets/scripts from cc.config.json: 60f7195c-ec2a-45eb-ba94-8955f60e81d0,1c02ae6f-4492-4915-b8f8-7492a3b1e4cd,810e96e4-e456-4468-9b59-f4e8f39732c0,efe8e2a3-eace-427b-b4f1-cb8a937ec77d,e9aa9a3e-5b2b-4ac7-a2c7-073de2b2b24f,8bbdbcdd-5cd4-4100-b6d5-b7c9625b6107,50f4348b-c883-4e2f-8f11-ce233b859fa1,fda095cb-831d-4601-ad94-846013963de8,f92806d7-1768-443f-afe8-12bcde84d0f0,dd3a144d-ab7f-41f0-82b8-2e43a090d496,f0416e68-0200-4b77-a926-4f9d16e494da,970b0598-bcb0-4714-91fb-2e81440dccd8,bcd64cc6-2dd9-43f6-abbe-66318d332032,d930590d-bb92-4cc8-8bd1-23cd027f9edf,a3cd009f-0ab0-420d-9278-b9fdab939bbc,6a2d0734-bd9e-4ddf-946e-caa52498cb75,c27215d8-6835-4b68-bfbb-bdeac6100c04,b5d6115f-0370-4d7c-aad3-c194cc71cf98,871c3b6c-7379-419d-bda3-794b239ab90d,ff9b0199-ce04-4cfe-86cc-6c719f08d6e4,de1c2107-70c8-4021-8459-6399f24d01c6,cbf30902-517f-40dc-af90-a550bac27cf1
2025-7-17 11:33:47-debug:   Number of all scenes: 1
2025-7-17 11:33:47-debug:   Number of all scripts: 8
2025-7-17 11:33:47-debug: Init bundle root assets success..., progress: 0%
2025-7-17 11:33:47-debug:   Number of other assets: 498
2025-7-17 11:33:47-debug: // ---- build task 查询 Asset Bundle ---- (2ms)
2025-7-17 11:33:47-log: run build task 查询 Asset Bundle success in 2 ms√, progress: 5%
2025-7-17 11:33:47-debug: // ---- build task 查询 Asset Bundle ----
2025-7-17 11:33:47-debug: [Build Memory track]: 查询 Asset Bundle start:200.51MB, end 200.30MB, increase: -221.00KB
2025-7-17 11:33:47-debug: 查询 Asset Bundle start, progress: 5%
2025-7-17 11:33:47-debug: // ---- build task 查询 Asset Bundle ---- (1ms)
2025-7-17 11:33:47-log: run build task 查询 Asset Bundle success in 1 ms√, progress: 10%
2025-7-17 11:33:47-debug: [Build Memory track]: 查询 Asset Bundle start:200.32MB, end 200.43MB, increase: 108.34KB
2025-7-17 11:33:47-debug: 整理部分构建选项内数据到 settings.json start, progress: 10%
2025-7-17 11:33:47-debug: // ---- build task 整理部分构建选项内数据到 settings.json ----
2025-7-17 11:33:47-log: run build task 整理部分构建选项内数据到 settings.json success in √, progress: 12%
2025-7-17 11:33:47-debug: [Build Memory track]: 整理部分构建选项内数据到 settings.json start:200.45MB, end 200.47MB, increase: 16.36KB
2025-7-17 11:33:47-debug: // ---- build task 填充脚本数据到 settings.json ----
2025-7-17 11:33:47-debug: 填充脚本数据到 settings.json start, progress: 12%
2025-7-17 11:33:47-log: run build task 填充脚本数据到 settings.json success in 1 ms√, progress: 13%
2025-7-17 11:33:47-debug: // ---- build task 整理部分构建选项内数据到 settings.json ----
2025-7-17 11:33:47-debug: // ---- build task 填充脚本数据到 settings.json ---- (1ms)
2025-7-17 11:33:47-debug: 整理部分构建选项内数据到 settings.json start, progress: 13%
2025-7-17 11:33:47-debug: [Build Memory track]: 填充脚本数据到 settings.json start:200.49MB, end 200.52MB, increase: 23.18KB
2025-7-17 11:33:47-debug: // ---- build task 整理部分构建选项内数据到 settings.json ---- (2ms)
2025-7-17 11:33:47-debug: [Build Memory track]: 整理部分构建选项内数据到 settings.json start:200.54MB, end 200.66MB, increase: 124.72KB
2025-7-17 11:33:47-log: run build task 整理部分构建选项内数据到 settings.json success in 2 ms√, progress: 15%
2025-7-17 11:33:47-debug: Query all assets info in project
2025-7-17 11:33:47-debug: init custom config: keepNodeUuid: false, useCache: true
2025-7-17 11:33:47-debug: Skip compress image, progress: 0%
2025-7-17 11:33:47-debug: Init all bundles start..., progress: 0%
2025-7-17 11:33:47-debug: Num of bundles: 2..., progress: 0%
2025-7-17 11:33:47-debug: Init bundle root assets start..., progress: 0%
2025-7-17 11:33:47-debug: // ---- build task 查询 Asset Bundle ----
2025-7-17 11:33:47-debug: 查询 Asset Bundle start, progress: 0%
2025-7-17 11:33:47-debug: Query preload assets/scripts from cc.config.json: 60f7195c-ec2a-45eb-ba94-8955f60e81d0,1c02ae6f-4492-4915-b8f8-7492a3b1e4cd,810e96e4-e456-4468-9b59-f4e8f39732c0,efe8e2a3-eace-427b-b4f1-cb8a937ec77d,e9aa9a3e-5b2b-4ac7-a2c7-073de2b2b24f,8bbdbcdd-5cd4-4100-b6d5-b7c9625b6107,50f4348b-c883-4e2f-8f11-ce233b859fa1,fda095cb-831d-4601-ad94-846013963de8,f92806d7-1768-443f-afe8-12bcde84d0f0,dd3a144d-ab7f-41f0-82b8-2e43a090d496,f0416e68-0200-4b77-a926-4f9d16e494da,970b0598-bcb0-4714-91fb-2e81440dccd8,bcd64cc6-2dd9-43f6-abbe-66318d332032,d930590d-bb92-4cc8-8bd1-23cd027f9edf,a3cd009f-0ab0-420d-9278-b9fdab939bbc,6a2d0734-bd9e-4ddf-946e-caa52498cb75,c27215d8-6835-4b68-bfbb-bdeac6100c04,b5d6115f-0370-4d7c-aad3-c194cc71cf98,871c3b6c-7379-419d-bda3-794b239ab90d,ff9b0199-ce04-4cfe-86cc-6c719f08d6e4,de1c2107-70c8-4021-8459-6399f24d01c6,cbf30902-517f-40dc-af90-a550bac27cf1
2025-7-17 11:33:47-debug: Init bundle root assets success..., progress: 0%
2025-7-17 11:33:47-debug:   Number of all scenes: 1
2025-7-17 11:33:47-debug:   Number of all scripts: 8
2025-7-17 11:33:47-debug:   Number of other assets: 498
2025-7-17 11:33:47-debug: // ---- build task 查询 Asset Bundle ---- (3ms)
2025-7-17 11:33:47-debug: 查询 Asset Bundle start, progress: 5%
2025-7-17 11:33:47-log: run build task 查询 Asset Bundle success in 3 ms√, progress: 5%
2025-7-17 11:33:47-debug: [Build Memory track]: 查询 Asset Bundle start:200.28MB, end 200.89MB, increase: 633.77KB
2025-7-17 11:33:47-debug: // ---- build task 查询 Asset Bundle ----
2025-7-17 11:33:47-debug: // ---- build task 查询 Asset Bundle ---- (2ms)
2025-7-17 11:33:47-log: run build task 查询 Asset Bundle success in 2 ms√, progress: 10%
2025-7-17 11:33:47-debug: [Build Memory track]: 查询 Asset Bundle start:200.92MB, end 200.32MB, increase: -608.72KB
2025-7-17 11:33:47-debug: 整理部分构建选项内数据到 settings.json start, progress: 10%
2025-7-17 11:33:47-debug: // ---- build task 整理部分构建选项内数据到 settings.json ----
2025-7-17 11:33:47-log: run build task 整理部分构建选项内数据到 settings.json success in √, progress: 12%
2025-7-17 11:33:47-debug: [Build Memory track]: 整理部分构建选项内数据到 settings.json start:200.35MB, end 200.36MB, increase: 14.58KB
2025-7-17 11:33:47-debug: // ---- build task 填充脚本数据到 settings.json ----
2025-7-17 11:33:47-debug: 填充脚本数据到 settings.json start, progress: 12%
2025-7-17 11:33:47-debug: [Build Memory track]: 填充脚本数据到 settings.json start:200.39MB, end 200.40MB, increase: 15.96KB
2025-7-17 11:33:47-log: run build task 填充脚本数据到 settings.json success in √, progress: 13%
2025-7-17 11:33:47-debug: 整理部分构建选项内数据到 settings.json start, progress: 13%
2025-7-17 11:33:47-debug: // ---- build task 整理部分构建选项内数据到 settings.json ----
2025-7-17 11:33:47-debug: // ---- build task 整理部分构建选项内数据到 settings.json ---- (2ms)
2025-7-17 11:33:47-log: run build task 整理部分构建选项内数据到 settings.json success in 2 ms√, progress: 15%
2025-7-17 11:33:47-debug: [Build Memory track]: 整理部分构建选项内数据到 settings.json start:200.43MB, end 200.55MB, increase: 122.94KB
2025-7-17 11:33:55-debug: %cImport%c: /Users/zhao/Desktop/test/cocos-creator/PlaneFight/assets/Scenes/Start.scenebackground: #aaff85; color: #000;color: #000;
2025-7-17 11:33:55-debug: asset-db:reimport-asset2fda4d65-a1e9-4078-8250-de49b04cdc34 (9ms)
2025-7-17 11:33:55-debug: %cImport%c: /Users/zhao/Desktop/test/cocos-creator/PlaneFight/assets/Scenes/Start.scenebackground: #aaff85; color: #000;color: #000;
2025-7-17 11:33:55-debug: asset-db:reimport-asset2fda4d65-a1e9-4078-8250-de49b04cdc34 (4ms)
2025-7-17 11:33:56-debug: %cImport%c: /Users/zhao/Desktop/test/cocos-creator/PlaneFight/assets/Scenes/Start.scenebackground: #aaff85; color: #000;color: #000;
2025-7-17 11:33:56-debug: asset-db:reimport-asset2fda4d65-a1e9-4078-8250-de49b04cdc34 (5ms)
2025-7-17 11:33:56-debug: Query all assets info in project
2025-7-17 11:33:56-debug: init custom config: keepNodeUuid: false, useCache: true
2025-7-17 11:33:56-debug: Skip compress image, progress: 0%
2025-7-17 11:33:56-debug: Init all bundles start..., progress: 0%
2025-7-17 11:33:56-debug: 查询 Asset Bundle start, progress: 0%
2025-7-17 11:33:56-debug: Init bundle root assets start..., progress: 0%
2025-7-17 11:33:56-debug: Num of bundles: 2..., progress: 0%
2025-7-17 11:33:56-debug: // ---- build task 查询 Asset Bundle ----
2025-7-17 11:33:56-debug: Query preload assets/scripts from cc.config.json: 60f7195c-ec2a-45eb-ba94-8955f60e81d0,1c02ae6f-4492-4915-b8f8-7492a3b1e4cd,810e96e4-e456-4468-9b59-f4e8f39732c0,efe8e2a3-eace-427b-b4f1-cb8a937ec77d,e9aa9a3e-5b2b-4ac7-a2c7-073de2b2b24f,8bbdbcdd-5cd4-4100-b6d5-b7c9625b6107,50f4348b-c883-4e2f-8f11-ce233b859fa1,fda095cb-831d-4601-ad94-846013963de8,f92806d7-1768-443f-afe8-12bcde84d0f0,dd3a144d-ab7f-41f0-82b8-2e43a090d496,f0416e68-0200-4b77-a926-4f9d16e494da,970b0598-bcb0-4714-91fb-2e81440dccd8,bcd64cc6-2dd9-43f6-abbe-66318d332032,d930590d-bb92-4cc8-8bd1-23cd027f9edf,a3cd009f-0ab0-420d-9278-b9fdab939bbc,6a2d0734-bd9e-4ddf-946e-caa52498cb75,c27215d8-6835-4b68-bfbb-bdeac6100c04,b5d6115f-0370-4d7c-aad3-c194cc71cf98,871c3b6c-7379-419d-bda3-794b239ab90d,ff9b0199-ce04-4cfe-86cc-6c719f08d6e4,de1c2107-70c8-4021-8459-6399f24d01c6,cbf30902-517f-40dc-af90-a550bac27cf1
2025-7-17 11:33:56-debug: Init bundle root assets success..., progress: 0%
2025-7-17 11:33:56-debug:   Number of all scripts: 8
2025-7-17 11:33:56-debug:   Number of other assets: 498
2025-7-17 11:33:56-debug:   Number of all scenes: 1
2025-7-17 11:33:56-debug: // ---- build task 查询 Asset Bundle ---- (3ms)
2025-7-17 11:33:56-log: run build task 查询 Asset Bundle success in 3 ms√, progress: 5%
2025-7-17 11:33:56-debug: [Build Memory track]: 查询 Asset Bundle start:200.76MB, end 200.58MB, increase: -186.53KB
2025-7-17 11:33:56-debug: 查询 Asset Bundle start, progress: 5%
2025-7-17 11:33:56-debug: // ---- build task 查询 Asset Bundle ----
2025-7-17 11:33:56-log: run build task 查询 Asset Bundle success in √, progress: 10%
2025-7-17 11:33:56-debug: [Build Memory track]: 查询 Asset Bundle start:200.60MB, end 200.70MB, increase: 97.95KB
2025-7-17 11:33:56-debug: 整理部分构建选项内数据到 settings.json start, progress: 10%
2025-7-17 11:33:56-debug: // ---- build task 整理部分构建选项内数据到 settings.json ----
2025-7-17 11:33:56-debug: // ---- build task 整理部分构建选项内数据到 settings.json ---- (1ms)
2025-7-17 11:33:56-log: run build task 整理部分构建选项内数据到 settings.json success in 1 ms√, progress: 12%
2025-7-17 11:33:56-debug: [Build Memory track]: 整理部分构建选项内数据到 settings.json start:200.72MB, end 200.75MB, increase: 23.63KB
2025-7-17 11:33:56-debug: 填充脚本数据到 settings.json start, progress: 12%
2025-7-17 11:33:56-debug: // ---- build task 填充脚本数据到 settings.json ----
2025-7-17 11:33:56-log: run build task 填充脚本数据到 settings.json success in √, progress: 13%
2025-7-17 11:33:56-debug: [Build Memory track]: 填充脚本数据到 settings.json start:200.77MB, end 200.79MB, increase: 15.91KB
2025-7-17 11:33:56-debug: 整理部分构建选项内数据到 settings.json start, progress: 13%
2025-7-17 11:33:56-debug: // ---- build task 整理部分构建选项内数据到 settings.json ----
2025-7-17 11:33:56-debug: // ---- build task 整理部分构建选项内数据到 settings.json ---- (1ms)
2025-7-17 11:33:56-log: run build task 整理部分构建选项内数据到 settings.json success in 1 ms√, progress: 15%
2025-7-17 11:33:56-debug: [Build Memory track]: 整理部分构建选项内数据到 settings.json start:200.81MB, end 200.95MB, increase: 136.95KB
2025-7-17 11:33:56-debug: Query all assets info in project
2025-7-17 11:33:56-debug: init custom config: keepNodeUuid: false, useCache: true
2025-7-17 11:33:56-debug: Skip compress image, progress: 0%
2025-7-17 11:33:56-debug: Init all bundles start..., progress: 0%
2025-7-17 11:33:56-debug: // ---- build task 查询 Asset Bundle ----
2025-7-17 11:33:56-debug: Num of bundles: 2..., progress: 0%
2025-7-17 11:33:56-debug: 查询 Asset Bundle start, progress: 0%
2025-7-17 11:33:56-debug: Init bundle root assets start..., progress: 0%
2025-7-17 11:33:56-debug: Query preload assets/scripts from cc.config.json: 60f7195c-ec2a-45eb-ba94-8955f60e81d0,1c02ae6f-4492-4915-b8f8-7492a3b1e4cd,810e96e4-e456-4468-9b59-f4e8f39732c0,efe8e2a3-eace-427b-b4f1-cb8a937ec77d,e9aa9a3e-5b2b-4ac7-a2c7-073de2b2b24f,8bbdbcdd-5cd4-4100-b6d5-b7c9625b6107,50f4348b-c883-4e2f-8f11-ce233b859fa1,fda095cb-831d-4601-ad94-846013963de8,f92806d7-1768-443f-afe8-12bcde84d0f0,dd3a144d-ab7f-41f0-82b8-2e43a090d496,f0416e68-0200-4b77-a926-4f9d16e494da,970b0598-bcb0-4714-91fb-2e81440dccd8,bcd64cc6-2dd9-43f6-abbe-66318d332032,d930590d-bb92-4cc8-8bd1-23cd027f9edf,a3cd009f-0ab0-420d-9278-b9fdab939bbc,6a2d0734-bd9e-4ddf-946e-caa52498cb75,c27215d8-6835-4b68-bfbb-bdeac6100c04,b5d6115f-0370-4d7c-aad3-c194cc71cf98,871c3b6c-7379-419d-bda3-794b239ab90d,ff9b0199-ce04-4cfe-86cc-6c719f08d6e4,de1c2107-70c8-4021-8459-6399f24d01c6,cbf30902-517f-40dc-af90-a550bac27cf1
2025-7-17 11:33:56-debug:   Number of all scenes: 1
2025-7-17 11:33:56-debug: Init bundle root assets success..., progress: 0%
2025-7-17 11:33:56-debug:   Number of other assets: 498
2025-7-17 11:33:56-debug:   Number of all scripts: 8
2025-7-17 11:33:56-debug: // ---- build task 查询 Asset Bundle ---- (2ms)
2025-7-17 11:33:56-debug: 查询 Asset Bundle start, progress: 5%
2025-7-17 11:33:56-log: run build task 查询 Asset Bundle success in 2 ms√, progress: 5%
2025-7-17 11:33:56-debug: [Build Memory track]: 查询 Asset Bundle start:201.29MB, end 201.12MB, increase: -164.53KB
2025-7-17 11:33:56-debug: // ---- build task 查询 Asset Bundle ----
2025-7-17 11:33:56-debug: // ---- build task 查询 Asset Bundle ---- (1ms)
2025-7-17 11:33:56-log: run build task 查询 Asset Bundle success in 1 ms√, progress: 10%
2025-7-17 11:33:56-debug: [Build Memory track]: 查询 Asset Bundle start:201.15MB, end 201.25MB, increase: 106.14KB
2025-7-17 11:33:56-debug: 整理部分构建选项内数据到 settings.json start, progress: 10%
2025-7-17 11:33:56-debug: // ---- build task 整理部分构建选项内数据到 settings.json ----
2025-7-17 11:33:56-log: run build task 整理部分构建选项内数据到 settings.json success in √, progress: 12%
2025-7-17 11:33:56-debug: // ---- build task 填充脚本数据到 settings.json ----
2025-7-17 11:33:56-debug: 填充脚本数据到 settings.json start, progress: 12%
2025-7-17 11:33:56-debug: [Build Memory track]: 整理部分构建选项内数据到 settings.json start:201.28MB, end 200.55MB, increase: -748.90KB
2025-7-17 11:33:56-debug: // ---- build task 填充脚本数据到 settings.json ---- (1ms)
2025-7-17 11:33:56-log: run build task 填充脚本数据到 settings.json success in 1 ms√, progress: 13%
2025-7-17 11:33:56-debug: [Build Memory track]: 填充脚本数据到 settings.json start:200.57MB, end 200.60MB, increase: 24.43KB
2025-7-17 11:33:56-debug: // ---- build task 整理部分构建选项内数据到 settings.json ----
2025-7-17 11:33:56-debug: 整理部分构建选项内数据到 settings.json start, progress: 13%
2025-7-17 11:33:56-log: run build task 整理部分构建选项内数据到 settings.json success in 1 ms√, progress: 15%
2025-7-17 11:33:56-debug: // ---- build task 整理部分构建选项内数据到 settings.json ---- (1ms)
2025-7-17 11:33:56-debug: [Build Memory track]: 整理部分构建选项内数据到 settings.json start:200.62MB, end 200.74MB, increase: 123.56KB
